Component: ARM Compiler 6.16 Tool: armlink [5dfeaa00]

==============================================================================

Section Cross References

    main.o(.text) refers (Special) to _printf_hex_int.o(.text) for _printf_longlong_hex
    main.o(.text) refers (Special) to _printf_percent.o(.ARM.Collect$$_printf_percent$$00000000) for _printf_percent
    main.o(.text) refers (Special) to _printf_s.o(.ARM.Collect$$_printf_percent$$00000014) for _printf_s
    main.o(.text) refers (Special) to _printf_str.o(.text) for _printf_str
    main.o(.text) refers (Special) to _printf_x.o(.ARM.Collect$$_printf_percent$$0000000C) for _printf_x
    main.o(.text.SysTick_Handler) refers (Special) to _printf_hex_int.o(.text) for _printf_longlong_hex
    main.o(.text.SysTick_Handler) refers (Special) to _printf_percent.o(.ARM.Collect$$_printf_percent$$00000000) for _printf_percent
    main.o(.text.SysTick_Handler) refers (Special) to _printf_s.o(.ARM.Collect$$_printf_percent$$00000014) for _printf_s
    main.o(.text.SysTick_Handler) refers (Special) to _printf_str.o(.text) for _printf_str
    main.o(.text.SysTick_Handler) refers (Special) to _printf_x.o(.ARM.Collect$$_printf_percent$$0000000C) for _printf_x
    main.o(.text.SysTick_Handler) refers to lock.o(.text.doorClose) for doorClose
    main.o(.text.SysTick_Handler) refers to main.o(.bss.sekunda) for sekunda
    main.o(.text.SysTick_Handler) refers to main.o(.bss.sekunda_OK) for sekunda_OK
    main.o(.text.SysTick_Handler) refers to main.o(.bss.display_message) for display_message
    main.o(.text.SysTick_Handler) refers to main.o(.bss.message_timer) for message_timer
    main.o(.text.SysTick_Handler) refers to main.o(.bss.door_opened) for door_opened
    main.o(.text.SysTick_Handler) refers to main.o(.bss.door_timer) for door_timer
    main.o(.text.SysTick_Handler) refers to main.o(.bss.card_detection) for card_detection
    main.o(.text.SysTick_Handler) refers to main.o(.bss.card_detection_timer) for card_detection_timer
    main.o(.ARM.exidx.text.SysTick_Handler) refers (Special) to _printf_hex_int.o(.text) for _printf_longlong_hex
    main.o(.ARM.exidx.text.SysTick_Handler) refers (Special) to _printf_percent.o(.ARM.Collect$$_printf_percent$$00000000) for _printf_percent
    main.o(.ARM.exidx.text.SysTick_Handler) refers (Special) to _printf_s.o(.ARM.Collect$$_printf_percent$$00000014) for _printf_s
    main.o(.ARM.exidx.text.SysTick_Handler) refers (Special) to _printf_str.o(.text) for _printf_str
    main.o(.ARM.exidx.text.SysTick_Handler) refers (Special) to _printf_x.o(.ARM.Collect$$_printf_percent$$0000000C) for _printf_x
    main.o(.ARM.exidx.text.SysTick_Handler) refers to main.o(.text.SysTick_Handler) for [Anonymous Symbol]
    main.o(.text.displayMessageWithTimeout) refers (Special) to _printf_hex_int.o(.text) for _printf_longlong_hex
    main.o(.text.displayMessageWithTimeout) refers (Special) to _printf_percent.o(.ARM.Collect$$_printf_percent$$00000000) for _printf_percent
    main.o(.text.displayMessageWithTimeout) refers (Special) to _printf_s.o(.ARM.Collect$$_printf_percent$$00000014) for _printf_s
    main.o(.text.displayMessageWithTimeout) refers (Special) to _printf_str.o(.text) for _printf_str
    main.o(.text.displayMessageWithTimeout) refers (Special) to _printf_x.o(.ARM.Collect$$_printf_percent$$0000000C) for _printf_x
    main.o(.text.displayMessageWithTimeout) refers to lcd1602.o(.text.LCD1602_SetCursor) for LCD1602_SetCursor
    main.o(.text.displayMessageWithTimeout) refers to lcd1602.o(.text.LCD1602_Print) for LCD1602_Print
    main.o(.text.displayMessageWithTimeout) refers to main.o(.bss.display_message) for display_message
    main.o(.text.displayMessageWithTimeout) refers to main.o(.bss.message_timer) for message_timer
    main.o(.ARM.exidx.text.displayMessageWithTimeout) refers (Special) to _printf_hex_int.o(.text) for _printf_longlong_hex
    main.o(.ARM.exidx.text.displayMessageWithTimeout) refers (Special) to _printf_percent.o(.ARM.Collect$$_printf_percent$$00000000) for _printf_percent
    main.o(.ARM.exidx.text.displayMessageWithTimeout) refers (Special) to _printf_s.o(.ARM.Collect$$_printf_percent$$00000014) for _printf_s
    main.o(.ARM.exidx.text.displayMessageWithTimeout) refers (Special) to _printf_str.o(.text) for _printf_str
    main.o(.ARM.exidx.text.displayMessageWithTimeout) refers (Special) to _printf_x.o(.ARM.Collect$$_printf_percent$$0000000C) for _printf_x
    main.o(.ARM.exidx.text.displayMessageWithTimeout) refers to main.o(.text.displayMessageWithTimeout) for [Anonymous Symbol]
    main.o(.text.displayMessage) refers (Special) to _printf_hex_int.o(.text) for _printf_longlong_hex
    main.o(.text.displayMessage) refers (Special) to _printf_percent.o(.ARM.Collect$$_printf_percent$$00000000) for _printf_percent
    main.o(.text.displayMessage) refers (Special) to _printf_s.o(.ARM.Collect$$_printf_percent$$00000014) for _printf_s
[...]
    Removing rfid.o(.ARM.exidx.text.MFRC522_Init), (8 bytes).
    Removing rfid.o(.ARM.exidx.text.MFRC522_Reset), (8 bytes).
    Removing rfid.o(.ARM.exidx.text.Write_MFRC522), (8 bytes).
    Removing rfid.o(.ARM.exidx.text.AntennaOn), (8 bytes).
    Removing rfid.o(.ARM.exidx.text.Read_MFRC522), (8 bytes).
    Removing rfid.o(.ARM.exidx.text.SetBitMask), (8 bytes).
    Removing rfid.o(.ARM.exidx.text.ClearBitMask), (8 bytes).
    Removing rfid.o(.text.AntennaOff), (12 bytes).
    Removing rfid.o(.ARM.exidx.text.AntennaOff), (8 bytes).
    Removing rfid.o(.ARM.exidx.text.MFRC522_ToCard), (8 bytes).
    Removing rfid.o(.ARM.exidx.text.MFRC522_Request), (8 bytes).
    Removing rfid.o(.ARM.exidx.text.MFRC522_Anticoll), (8 bytes).
    Removing rfid.o(.text.CalulateCRC), (94 bytes).
    Removing rfid.o(.ARM.exidx.text.CalulateCRC), (8 bytes).
    Removing rfid.o(.text.MFRC522_SelectTag), (80 bytes).
    Removing rfid.o(.ARM.exidx.text.MFRC522_SelectTag), (8 bytes).
    Removing rfid.o(.text.MFRC522_Auth), (80 bytes).
    Removing rfid.o(.ARM.exidx.text.MFRC522_Auth), (8 bytes).
    Removing rfid.o(.text.MFRC522_Read), (62 bytes).
    Removing rfid.o(.ARM.exidx.text.MFRC522_Read), (8 bytes).
    Removing rfid.o(.text.MFRC522_Write), (220 bytes).
    Removing rfid.o(.ARM.exidx.text.MFRC522_Write), (8 bytes).
    Removing rfid.o(.text.MFRC522_Halt), (44 bytes).
    Removing rfid.o(.ARM.exidx.text.MFRC522_Halt), (8 bytes).
    Removing users.o(.text), (0 bytes).
    Removing users.o(.ARM.exidx.text.isUserInRoom), (8 bytes).
    Removing users.o(.ARM.exidx.text.addUserToRoom), (8 bytes).
    Removing users.o(.ARM.exidx.text.removeUserFromRoom), (8 bytes).
    Removing rooms.o(.text), (0 bytes).
    Removing rooms.o(.ARM.exidx.text.switchRoomDown), (8 bytes).
    Removing rooms.o(.ARM.exidx.text.switchRoomUp), (8 bytes).
    Removing lock.o(.text), (0 bytes).
    Removing lock.o(.ARM.exidx.text.LockInit), (8 bytes).
    Removing lock.o(.ARM.exidx.text.doorOpen), (8 bytes).
    Removing lock.o(.ARM.exidx.text.doorClose), (8 bytes).
    Removing system_mkl05z4.o(.text), (0 bytes).
    Removing system_mkl05z4.o(.ARM.exidx.text.SystemInit), (8 bytes).
    Removing system_mkl05z4.o(.text.SystemCoreClockUpdate), (184 bytes).
    Removing system_mkl05z4.o(.ARM.exidx.text.SystemCoreClockUpdate), (8 bytes).

132 unused section(s) (total 2600 bytes) removed from the image.

==============================================================================

Image Symbol Table

    Local Symbols

    Symbol Name                              Value     Ov Type        Size  Object(Section)

    ../clib/angel/boardlib.s                 0x00000000   Number         0  boardinit1.o ABSOLUTE
    ../clib/angel/boardlib.s                 0x00000000   Number         0  boardinit2.o ABSOLUTE
    ../clib/angel/boardlib.s                 0x00000000   Number         0  boardinit3.o ABSOLUTE
    ../clib/angel/boardlib.s                 0x00000000   Number         0  boardshut.o ABSOLUTE
    ../clib/angel/handlers.s                 0x00000000   Number         0  __scatter_copy.o ABSOLUTE
    ../clib/angel/handlers.s                 0x00000000   Number         0  __scatter_zi.o ABSOLUTE
    ../clib/angel/kernel.s                   0x00000000   Number         0  __rtentry.o ABSOLUTE
    ../clib/angel/kernel.s                   0x00000000   Number         0  __rtentry2.o ABSOLUTE
    ../clib/angel/kernel.s                   0x00000000   Number         0  __rtentry4.o ABSOLUTE
    ../clib/angel/kernel.s                   0x00000000   Number         0  rtexit.o ABSOLUTE
    ../clib/angel/kernel.s                   0x00000000   Number         0  rtexit2.o ABSOLUTE
    ../clib/angel/rt.s                       0x00000000   Number         0  aeabi_idiv0.o ABSOLUTE
    ../clib/angel/rt.s                       0x00000000   Number         0  aeabi_idiv0_sigfpe.o ABSOLUTE
    ../clib/angel/rt.s                       0x00000000   Number         0  rt_errno_addr.o ABSOLUTE
    ../clib/angel/rt.s                       0x00000000   Number         0  rt_errno_addr_intlibspace.o ABSOLUTE
    ../clib/angel/rt.s                       0x00000000   Number         0  rt_ctype_table.o ABSOLUTE
    ../clib/angel/rt.s                       0x00000000   Number         0  rt_div0.o ABSOLUTE
    ../clib/angel/rt.s                       0x00000000   Number         0  rt_locale.o ABSOLUTE
    ../clib/angel/rt.s                       0x00000000   Number         0  rt_locale_intlibspace.o ABSOLUTE
    ../clib/angel/rt.s                       0x00000000   Number         0  rt_raise.o ABSOLUTE
    ../clib/angel/scatterp.s                 0x00000000   Number         0  __scatter.o ABSOLUTE
    ../clib/angel/startup.s                  0x00000000   Number         0  __main.o ABSOLUTE
    ../clib/angel/sys.s                      0x00000000   Number         0  libspace.o ABSOLUTE
    ../clib/angel/sys.s                      0x00000000   Number         0  sys_stackheap_outer.o ABSOLUTE
    ../clib/angel/sys.s                      0x00000000   Number         0  tempstk.o ABSOLUTE
    ../clib/angel/sys.s                      0x00000000   Number         0  use_no_semi.o ABSOLUTE
    ../clib/angel/sys.s                      0x00000000   Number         0  indicate_semi.o ABSOLUTE
    ../clib/angel/sysapp.c                   0x00000000   Number         0  sys_exit.o ABSOLUTE
    ../clib/angel/sysapp.c                   0x00000000   Number         0  sys_exit_hlt.o ABSOLUTE
    ../clib/angel/sysapp.c                   0x00000000   Number         0  sys_wrch.o ABSOLUTE
    ../clib/angel/sysapp.c                   0x00000000   Number         0  sys_wrch_hlt.o ABSOLUTE
    ../clib/angel/sysapp.c                   0x00000000   Number         0  sys_command.o ABSOLUTE
    ../clib/angel/sysapp.c                   0x00000000   Number         0  sys_command_hlt.o ABSOLUTE
    ../clib/armsys.c                         0x00000000   Number         0  argv_veneer.o ABSOLUTE
    ../clib/armsys.c                         0x00000000   Number         0  _get_argv_nomalloc.o ABSOLUTE
    ../clib/armsys.c                         0x00000000   Number         0  no_argv.o ABSOLUTE
    ../clib/division.c                       0x00000000   Number         0  rtudiv10.o ABSOLUTE
    ../clib/division.s                       0x00000000   Number         0  aeabi_sdivfast.o ABSOLUTE
    ../clib/division.s                       0x00000000   Number         0  aeabi_sdivfast_div0.o ABSOLUTE
    ../clib/heapalloc.c                      0x00000000   Number         0  hrguard.o ABSOLUTE
    ../clib/heapaux.c                        0x00000000   Number         0  heapauxi.o ABSOLUTE
    ../clib/libinit.s                        0x00000000   Number         0  libinit.o ABSOLUTE
    ../clib/libinit.s                        0x00000000   Number         0  libinit2.o ABSOLUTE
    ../clib/libinit.s                        0x00000000   Number         0  libshutdown.o ABSOLUTE
    ../clib/libinit.s                        0x00000000   Number         0  libshutdown2.o ABSOLUTE
    ../clib/locale.s                         0x00000000   Number         0  lc_ctype_c.o ABSOLUTE
    ../clib/memcpset.c                       0x00000000   Number         0  rt_memcpy.o ABSOLUTE
    ../clib/memcpset.c                       0x00000000   Number         0  rt_memcpy.o ABSOLUTE
    ../clib/memcpset.c                       0x00000000   Number         0  rt_memclr.o ABSOLUTE
    ../clib/memcpset.s                       0x00000000   Number         0  strcmpv6m.o ABSOLUTE
    ../clib/printf.c                         0x00000000   Number         0  __2sprintf.o ABSOLUTE
    ../clib/printf.c                         0x00000000   Number         0  noretval__2sprintf.o ABSOLUTE
    ../clib/printf.c                         0x00000000   Number         0  __printf.o ABSOLUTE
    ../clib/printf.c                         0x00000000   Number         0  _printf_str.o ABSOLUTE
    ../clib/printf.c                         0x00000000   Number         0  _printf_dec.o ABSOLUTE
    ../clib/printf.c                         0x00000000   Number         0  _printf_hex_ll.o ABSOLUTE
    ../clib/printf.c                         0x00000000   Number         0  _printf_hex_int.o ABSOLUTE
    ../clib/printf.c                         0x00000000   Number         0  _printf_hex_int_ll.o ABSOLUTE
    ../clib/printf.c                         0x00000000   Number         0  _printf_hex_ptr.o ABSOLUTE
    ../clib/printf.c                         0x00000000   Number         0  _printf_hex_int_ptr.o ABSOLUTE
    ../clib/printf.c                         0x00000000   Number         0  _printf_hex_ll_ptr.o ABSOLUTE
    ../clib/printf.c                         0x00000000   Number         0  _printf_hex_int_ll_ptr.o ABSOLUTE
    ../clib/printf.c                         0x00000000   Number         0  __printf_flags.o ABSOLUTE
    ../clib/printf.c                         0x00000000   Number         0  __printf_ss.o ABSOLUTE
    ../clib/printf.c                         0x00000000   Number         0  __printf_flags_ss.o ABSOLUTE
    ../clib/printf.c                         0x00000000   Number         0  __printf_wp.o ABSOLUTE
    ../clib/printf.c                         0x00000000   Number         0  __printf_flags_wp.o ABSOLUTE
    ../clib/printf.c                         0x00000000   Number         0  __printf_ss_wp.o ABSOLUTE
    ../clib/printf.c                         0x00000000   Number         0  __printf_flags_ss_wp.o ABSOLUTE
    ../clib/printf.c                         0x00000000   Number         0  _printf_intcommon.o ABSOLUTE
    ../clib/printf.c                         0x00000000   Number         0  _printf_char_common.o ABSOLUTE
    ../clib/printf.c                         0x00000000   Number         0  _sputc.o ABSOLUTE
    ../clib/printf.c                         0x00000000   Number         0  _printf_char.o ABSOLUTE
    ../clib/printf.c                         0x00000000   Number         0  __printf_nopercent.o ABSOLUTE
    ../clib/printf_percent.s                 0x00000000   Number         0  _printf_s.o ABSOLUTE
    ../clib/printf_percent.s                 0x00000000   Number         0  _printf_x.o ABSOLUTE
    ../clib/printf_percent.s                 0x00000000   Number         0  _printf_d.o ABSOLUTE
    ../clib/printf_percent.s                 0x00000000   Number         0  _printf_percent.o ABSOLUTE
    ../clib/printf_percent.s                 0x00000000   Number         0  _printf_percent_end.o ABSOLUTE
    ../clib/scanf.c                          0x00000000   Number         0  atoi.o ABSOLUTE
    ../clib/scanf.c                          0x00000000   Number         0  strtol.o ABSOLUTE
    ../clib/scanf.c                          0x00000000   Number         0  _strtoul.o ABSOLUTE
    ../clib/scanf.c                          0x00000000   Number         0  _chval.o ABSOLUTE
    ../clib/signal.c                         0x00000000   Number         0  defsig_fpe_outer.o ABSOLUTE
    ../clib/signal.c                         0x00000000   Number         0  defsig_fpe_formal.o ABSOLUTE
    ../clib/signal.c                         0x00000000   Number         0  defsig_exit.o ABSOLUTE
    ../clib/signal.c                         0x00000000   Number         0  defsig_fpe_inner.o ABSOLUTE
    ../clib/signal.c                         0x00000000   Number         0  __raise.o ABSOLUTE
    ../clib/signal.c                         0x00000000   Number         0  defsig_general.o ABSOLUTE
    ../clib/signal.c                         0x00000000   Number         0  defsig_abrt_inner.o ABSOLUTE
    ../clib/signal.c                         0x00000000   Number         0  defsig_rtred_inner.o ABSOLUTE
    ../clib/signal.c                         0x00000000   Number         0  defsig_rtmem_inner.o ABSOLUTE
    ../clib/signal.c                         0x00000000   Number         0  defsig_rtmem_outer.o ABSOLUTE
    ../clib/signal.c                         0x00000000   Number         0  defsig_rtmem_formal.o ABSOLUTE
    ../clib/signal.c                         0x00000000   Number         0  defsig_stak_inner.o ABSOLUTE
    ../clib/signal.c                         0x00000000   Number         0  defsig_pvfn_inner.o ABSOLUTE
    ../clib/signal.c                         0x00000000   Number         0  defsig_cppl_inner.o ABSOLUTE
    ../clib/signal.c                         0x00000000   Number         0  defsig_segv_inner.o ABSOLUTE
    ../clib/signal.c                         0x00000000   Number         0  defsig_other.o ABSOLUTE
    ../clib/signal.s                         0x00000000   Number         0  defsig.o ABSOLUTE
    ../clib/stdlib.c                         0x00000000   Number         0  exit.o ABSOLUTE
    ../clib/string.c                         0x00000000   Number         0  strcpy.o ABSOLUTE
    ../fplib/cfplib/fpinit.c                 0x00000000   Number         0  fpinit.o ABSOLUTE
    RTE/Device/MKL05Z32xxx4/startup_MKL05Z4.s 0x00000000   Number         0  startup_mkl05z4.o ABSOLUTE
    dc.s                                     0x00000000   Number         0  dc.o ABSOLUTE
    i2c.c                                    0x00000000   Number         0  i2c.o ABSOLUTE
    klaw.c                                   0x00000000   Number         0  klaw.o ABSOLUTE
    lcd1602.c                                0x00000000   Number         0  lcd1602.o ABSOLUTE
    lock.c                                   0x00000000   Number         0  lock.o ABSOLUTE
    main.c                                   0x00000000   Number         0  main.o ABSOLUTE
    rfid.c                                   0x00000000   Number         0  rfid.o ABSOLUTE
    rooms.c                                  0x00000000   Number         0  rooms.o ABSOLUTE
    spi.c                                    0x00000000   Number         0  spi.o ABSOLUTE
    system_MKL05Z4.c                         0x00000000   Number         0  system_mkl05z4.o ABSOLUTE
    users.c                                  0x00000000   Number         0  users.o ABSOLUTE
    RESET                                    0x00000000   Section      192  startup_mkl05z4.o(RESET)
    !!!main                                  0x000000c0   Section        8  __main.o(!!!main)
    !!!scatter                               0x000000c8   Section       60  __scatter.o(!!!scatter)
    !!handler_copy                           0x00000104   Section       26  __scatter_copy.o(!!handler_copy)
    !!handler_zi                             0x00000120   Section       28  __scatter_zi.o(!!handler_zi)
    .ARM.Collect$$_printf_percent$$00000000  0x0000013c   Section        2  _printf_percent.o(.ARM.Collect$$_printf_percent$$00000000)
    .ARM.Collect$$_printf_percent$$00000009  0x0000013e   Section       10  _printf_d.o(.ARM.Collect$$_printf_percent$$00000009)
    .ARM.Collect$$_printf_percent$$0000000C  0x00000148   Section       10  _printf_x.o(.ARM.Collect$$_printf_percent$$0000000C)
    .ARM.Collect$$_printf_percent$$00000014  0x00000152   Section       10  _printf_s.o(.ARM.Collect$$_printf_percent$$00000014)
    .ARM.Collect$$_printf_percent$$00000017  0x0000015c   Section        4  _printf_percent_end.o(.ARM.Collect$$_printf_percent$$00000017)
    .ARM.Collect$$libinit$$00000000          0x00000160   Section        2  libinit.o(.ARM.Collect$$libinit$$00000000)
    .ARM.Collect$$libinit$$00000002          0x00000162   Section        0  libinit2.o(.ARM.Collect$$libinit$$00000002)
    .ARM.Collect$$libinit$$00000004          0x00000162   Section        0  libinit2.o(.ARM.Collect$$libinit$$00000004)
    .ARM.Collect$$libinit$$0000000A          0x00000162   Section        0  libinit2.o(.ARM.Collect$$libinit$$0000000A)
    .ARM.Collect$$libinit$$0000000C          0x00000162   Section        0  libinit2.o(.ARM.Collect$$libinit$$0000000C)
    .ARM.Collect$$libinit$$0000000E          0x00000162   Section        0  libinit2.o(.ARM.Collect$$libinit$$0000000E)
    .ARM.Collect$$libinit$$0000000F          0x00000162   Section        6  libinit2.o(.ARM.Collect$$libinit$$0000000F)
    .ARM.Collect$$libinit$$00000011          0x00000168   Section        0  libinit2.o(.ARM.Collect$$libinit$$00000011)
    .ARM.Collect$$libinit$$00000012          0x00000168   Section       12  libinit2.o(.ARM.Collect$$libinit$$00000012)
    .ARM.Collect$$libinit$$00000013          0x00000174   Section        0  libinit2.o(.ARM.Collect$$libinit$$00000013)
    .ARM.Collect$$libinit$$00000015          0x00000174   Section        0  libinit2.o(.ARM.Collect$$libinit$$00000015)
    .ARM.Collect$$libinit$$00000017          0x00000174   Section        0  libinit2.o(.ARM.Collect$$libinit$$00000017)
    .ARM.Collect$$libinit$$00000019          0x00000174   Section        0  libinit2.o(.ARM.Collect$$libinit$$00000019)
    .ARM.Collect$$libinit$$0000001B          0x00000174   Section        0  libinit2.o(.ARM.Collect$$libinit$$0000001B)
    .ARM.Collect$$libinit$$0000001D          0x00000174   Section        0  libinit2.o(.ARM.Collect$$libinit$$0000001D)
    .ARM.Collect$$libinit$$0000001F          0x00000174   Section        0  libinit2.o(.ARM.Collect$$libinit$$0000001F)
    .ARM.Collect$$libinit$$00000021          0x00000174   Section        0  libinit2.o(.ARM.Collect$$libinit$$00000021)
    .ARM.Collect$$libinit$$00000023          0x00000174   Section        0  libinit2.o(.ARM.Collect$$libinit$$00000023)
    .ARM.Collect$$libinit$$00000025          0x00000174   Section        0  libinit2.o(.ARM.Collect$$libinit$$00000025)
    .ARM.Collect$$libinit$$0000002C          0x00000174   Section        0  libinit2.o(.ARM.Collect$$libinit$$0000002C)
    .ARM.Collect$$libinit$$0000002E          0x00000174   Section        0  libinit2.o(.ARM.Collect$$libinit$$0000002E)
    .ARM.Collect$$libinit$$00000030          0x00000174   Section        0  libinit2.o(.ARM.Collect$$libinit$$00000030)
    .ARM.Collect$$libinit$$00000032          0x00000174   Section        0  libinit2.o(.ARM.Collect$$libinit$$00000032)
    .ARM.Collect$$libinit$$00000033          0x00000174   Section        2  libinit2.o(.ARM.Collect$$libinit$$00000033)
    .ARM.Collect$$libshutdown$$00000000      0x00000176   Section        2  libshutdown.o(.ARM.Collect$$libshutdown$$00000000)
    .ARM.Collect$$libshutdown$$00000002      0x00000178   Section        0  libshutdown2.o(.ARM.Collect$$libshutdown$$00000002)
    .ARM.Collect$$libshutdown$$00000004      0x00000178   Section        0  libshutdown2.o(.ARM.Collect$$libshutdown$$00000004)
    .ARM.Collect$$libshutdown$$00000007      0x00000178   Section        0  libshutdown2.o(.ARM.Collect$$libshutdown$$00000007)
    .ARM.Collect$$libshutdown$$0000000A      0x00000178   Section        0  libshutdown2.o(.ARM.Collect$$libshutdown$$0000000A)
    .ARM.Collect$$libshutdown$$0000000C      0x00000178   Section        0  libshutdown2.o(.ARM.Collect$$libshutdown$$0000000C)
    .ARM.Collect$$libshutdown$$0000000F      0x00000178   Section        0  libshutdown2.o(.ARM.Collect$$libshutdown$$0000000F)
    .ARM.Collect$$libshutdown$$00000010      0x00000178   Section        2  libshutdown2.o(.ARM.Collect$$libshutdown$$00000010)
    .ARM.Collect$$rtentry$$00000000          0x0000017a   Section        0  __rtentry.o(.ARM.Collect$$rtentry$$00000000)
    .ARM.Collect$$rtentry$$00000002          0x0000017a   Section        0  __rtentry2.o(.ARM.Collect$$rtentry$$00000002)
    .ARM.Collect$$rtentry$$00000004          0x0000017a   Section        6  __rtentry4.o(.ARM.Collect$$rtentry$$00000004)
    .ARM.Collect$$rtentry$$00000009          0x00000180   Section        0  __rtentry2.o(.ARM.Collect$$rtentry$$00000009)
    .ARM.Collect$$rtentry$$0000000A          0x00000180   Section        4  __rtentry2.o(.ARM.Collect$$rtentry$$0000000A)
    .ARM.Collect$$rtentry$$0000000C          0x00000184   Section        0  __rtentry2.o(.ARM.Collect$$rtentry$$0000000C)
    .ARM.Collect$$rtentry$$0000000D          0x00000184   Section        8  __rtentry2.o(.ARM.Collect$$rtentry$$0000000D)
    .ARM.Collect$$rtexit$$00000000           0x0000018c   Section        2  rtexit.o(.ARM.Collect$$rtexit$$00000000)
    .ARM.Collect$$rtexit$$00000002           0x0000018e   Section        0  rtexit2.o(.ARM.Collect$$rtexit$$00000002)
    .ARM.Collect$$rtexit$$00000003           0x0000018e   Section        4  rtexit2.o(.ARM.Collect$$rtexit$$00000003)
    .ARM.Collect$$rtexit$$00000004           0x00000192   Section        6  rtexit2.o(.ARM.Collect$$rtexit$$00000004)
    .text                                    0x00000198   Section       52  startup_mkl05z4.o(.text)
    .text                                    0x000001cc   Section        0  noretval__2sprintf.o(.text)
    .text                                    0x000001f4   Section        0  __printf.o(.text)
    .text                                    0x00000260   Section        0  _printf_str.o(.text)
    .text                                    0x000002b4   Section        0  _printf_dec.o(.text)
    .text                                    0x00000320   Section        0  _printf_hex_int.o(.text)
    .text                                    0x00000378   Section        0  atoi.o(.text)
    .text                                    0x00000394   Section        0  strcpy.o(.text)
    .text                                    0x000003e0   Section        0  heapauxi.o(.text)
    .text                                    0x000003e8   Section        8  rt_errno_addr_intlibspace.o(.text)
    .text                                    0x000003f0   Section        0  _sputc.o(.text)
    .text                                    0x000003fa   Section        2  use_no_semi.o(.text)
    [Anonymous Symbol]                       0x000003fc   Section        0  rooms.o(.rodata.str1.1)
    .text                                    0x000003fc   Section        0  indicate_semi.o(.text)
    .ARM.__at_0x400                          0x00000400   Section       16  startup_mkl05z4.o(.ARM.__at_0x400)
    .text                                    0x00000410   Section        0  rt_memclr.o(.text)
    .text                                    0x00000450   Section      176  strcmpv6m.o(.text)
    .text                                    0x00000500   Section        0  _printf_intcommon.o(.text)
    _printf_input_char                       0x000005b1   Thumb Code    10  _printf_char_common.o(.text)
    .text                                    0x000005b0   Section        0  _printf_char_common.o(.text)
    .text                                    0x000005e0   Section        0  _printf_char.o(.text)
    .text                                    0x00000610   Section        0  strtol.o(.text)
    .text                                    0x00000680   Section        0  rtudiv10.o(.text)
    .text                                    0x000006a8   Section        8  libspace.o(.text)
    .text                                    0x000006b0   Section       16  rt_ctype_table.o(.text)
    .text                                    0x000006c0   Section        0  _strtoul.o(.text)
    .text                                    0x00000766   Section       62  sys_stackheap_outer.o(.text)
    .text                                    0x000007a4   Section        8  rt_locale_intlibspace.o(.text)
    .text                                    0x000007ac   Section        0  _chval.o(.text)
    .text                                    0x000007ca   Section        0  exit.o(.text)
    .text                                    0x000007dc   Section        0  sys_exit.o(.text)
    [Anonymous Symbol]                       0x000007e8   Section        0  rfid.o(.text.AntennaOn)
    [Anonymous Symbol]                       0x000007fc   Section        0  rfid.o(.text.ClearBitMask)
    [Anonymous Symbol]                       0x00000814   Section        0  i2c.o(.text.I2C_Init)
    __arm_cp.0_0                             0x00000854   Number         4  i2c.o(.text.I2C_Init)
    __arm_cp.0_1                             0x00000858   Number         4  i2c.o(.text.I2C_Init)
    __arm_cp.0_2                             0x0000085c   Number         4  i2c.o(.text.I2C_Init)
    [Anonymous Symbol]                       0x00000860   Section        0  i2c.o(.text.I2C_Read)
    __arm_cp.10_1                            0x000008ac   Number         4  i2c.o(.text.I2C_Read)
    [Anonymous Symbol]                       0x000008b0   Section        0  i2c.o(.text.I2C_Write)
    __arm_cp.9_0                             0x000008ec   Number         4  i2c.o(.text.I2C_Write)
    [Anonymous Symbol]                       0x000008f0   Section        0  klaw.o(.text.Klaw_Init)
    __arm_cp.0_0                             0x00000934   Number         4  klaw.o(.text.Klaw_Init)
    __arm_cp.0_1                             0x00000938   Number         4  klaw.o(.text.Klaw_Init)
    [Anonymous Symbol]                       0x0000093c   Section        0  klaw.o(.text.Klaw_S2_4_Int)
    __arm_cp.1_0                             0x00000964   Number         4  klaw.o(.text.Klaw_S2_4_Int)
    [Anonymous Symbol]                       0x00000968   Section        0  lcd1602.o(.text.LCD1602_BF_AC)
    [Anonymous Symbol]                       0x00000a30   Section        0  lcd1602.o(.text.LCD1602_Backlight)
    __arm_cp.11_0                            0x00000a40   Number         4  lcd1602.o(.text.LCD1602_Backlight)
    [Anonymous Symbol]                       0x00000a44   Section        0  lcd1602.o(.text.LCD1602_CheckAddress)
    __arm_cp.1_0                             0x00000a6c   Number         4  lcd1602.o(.text.LCD1602_CheckAddress)
    [Anonymous Symbol]                       0x00000a70   Section        0  lcd1602.o(.text.LCD1602_ClearAll)
    [Anonymous Symbol]                       0x00000a7c   Section        0  lcd1602.o(.text.LCD1602_Init)
    __arm_cp.0_0                             0x00000ac4   Number         4  lcd1602.o(.text.LCD1602_Init)
    [Anonymous Symbol]                       0x00000ac8   Section        0  lcd1602.o(.text.LCD1602_Print)
    [Anonymous Symbol]                       0x00000ae8   Section        0  lcd1602.o(.text.LCD1602_SetCursor)
    [Anonymous Symbol]                       0x00000b06   Section        0  lcd1602.o(.text.LCD1602_Write4)
    [Anonymous Symbol]                       0x00000b20   Section        0  lcd1602.o(.text.LCD1602_Write8)
    [Anonymous Symbol]                       0x00000b48   Section        0  lock.o(.text.LockInit)
    __arm_cp.0_0                             0x00000b60   Number         4  lock.o(.text.LockInit)
    [Anonymous Symbol]                       0x00000b64   Section        0  rfid.o(.text.MFRC522_Anticoll)
    [Anonymous Symbol]                       0x00000bb0   Section        0  rfid.o(.text.MFRC522_Init)
    __arm_cp.0_0                             0x00000c18   Number         4  rfid.o(.text.MFRC522_Init)
    __arm_cp.0_1                             0x00000c1c   Number         4  rfid.o(.text.MFRC522_Init)
    __arm_cp.0_2                             0x00000c20   Number         4  rfid.o(.text.MFRC522_Init)
    [Anonymous Symbol]                       0x00000c24   Section        0  rfid.o(.text.MFRC522_Request)
    [Anonymous Symbol]                       0x00000c66   Section        0  rfid.o(.text.MFRC522_Reset)
    [Anonymous Symbol]                       0x00000c74   Section        0  rfid.o(.text.MFRC522_ToCard)
    __arm_cp.8_0                             0x00000d78   Number         4  rfid.o(.text.MFRC522_ToCard)
    [Anonymous Symbol]                       0x00000d7c   Section        0  lcd1602.o(.text.PCF8574_Write)
    __arm_cp.12_0                            0x00000da0   Number         4  lcd1602.o(.text.PCF8574_Write)
    __arm_cp.12_1                            0x00000da4   Number         4  lcd1602.o(.text.PCF8574_Write)
    [Anonymous Symbol]                       0x00000da8   Section        0  main.o(.text.PORTA_IRQHandler)
    __arm_cp.3_0                             0x00000e50   Number         4  main.o(.text.PORTA_IRQHandler)
    __arm_cp.3_1                             0x00000e54   Number         4  main.o(.text.PORTA_IRQHandler)
    __arm_cp.3_2                             0x00000e58   Number         4  main.o(.text.PORTA_IRQHandler)
    [Anonymous Symbol]                       0x00000e5c   Section        0  rfid.o(.text.Read_MFRC522)
    [Anonymous Symbol]                       0x00000e7c   Section        0  rfid.o(.text.SetBitMask)
    SysTick_Config                           0x00000e95   Thumb Code    28  main.o(.text.SysTick_Config)
    [Anonymous Symbol]                       0x00000e94   Section        0  main.o(.text.SysTick_Config)
    __arm_cp.10_0                            0x00000eb0   Number         4  main.o(.text.SysTick_Config)
    [Anonymous Symbol]                       0x00000eb4   Section        0  main.o(.text.SysTick_Handler)
    __arm_cp.0_0                             0x00000f30   Number         4  main.o(.text.SysTick_Handler)
    __arm_cp.0_1                             0x00000f34   Number         4  main.o(.text.SysTick_Handler)
    [Anonymous Symbol]                       0x00000f38   Section        0  system_mkl05z4.o(.text.SystemInit)
    __arm_cp.0_0                             0x00000f74   Number         4  system_mkl05z4.o(.text.SystemInit)
    __arm_cp.0_1                             0x00000f78   Number         4  system_mkl05z4.o(.text.SystemInit)
    __arm_cp.0_2                             0x00000f7c   Number         4  system_mkl05z4.o(.text.SystemInit)
    __arm_cp.0_3                             0x00000f80   Number         4  system_mkl05z4.o(.text.SystemInit)
    [Anonymous Symbol]                       0x00000f84   Section        0  rfid.o(.text.Write_MFRC522)
    __NVIC_ClearPendingIRQ                   0x00000fa5   Thumb Code    12  main.o(.text.__NVIC_ClearPendingIRQ)
    [Anonymous Symbol]                       0x00000fa4   Section        0  main.o(.text.__NVIC_ClearPendingIRQ)
    __NVIC_ClearPendingIRQ                   0x00000fb1   Thumb Code    12  klaw.o(.text.__NVIC_ClearPendingIRQ)
    [Anonymous Symbol]                       0x00000fb0   Section        0  klaw.o(.text.__NVIC_ClearPendingIRQ)
    __arm_cp.3_0                             0x00000fbc   Number         4  klaw.o(.text.__NVIC_ClearPendingIRQ)
    __NVIC_EnableIRQ                         0x00000fc1   Thumb Code    12  klaw.o(.text.__NVIC_EnableIRQ)
    [Anonymous Symbol]                       0x00000fc0   Section        0  klaw.o(.text.__NVIC_EnableIRQ)
    __arm_cp.4_0                             0x00000fcc   Number         4  klaw.o(.text.__NVIC_EnableIRQ)
    __NVIC_SetPriority                       0x00000fd1   Thumb Code    20  main.o(.text.__NVIC_SetPriority)
    [Anonymous Symbol]                       0x00000fd0   Section        0  main.o(.text.__NVIC_SetPriority)
    __arm_cp.11_0                            0x00000fe4   Number         4  main.o(.text.__NVIC_SetPriority)
    __NVIC_SetPriority                       0x00000fe9   Thumb Code    20  klaw.o(.text.__NVIC_SetPriority)
    [Anonymous Symbol]                       0x00000fe8   Section        0  klaw.o(.text.__NVIC_SetPriority)
    __arm_cp.2_0                             0x00000ffc   Number         4  klaw.o(.text.__NVIC_SetPriority)
    [Anonymous Symbol]                       0x00001000   Section        0  users.o(.text.addUserToRoom)
    __arm_cp.1_0                             0x00001058   Number         4  users.o(.text.addUserToRoom)
    __arm_cp.1_1                             0x0000105c   Number         4  users.o(.text.addUserToRoom)
    [Anonymous Symbol]                       0x00001060   Section        0  main.o(.text.displayMessage)
    [Anonymous Symbol]                       0x0000108c   Section        0  main.o(.text.displayMessageWithTimeout)
    __arm_cp.1_1                             0x000010c4   Number         4  main.o(.text.displayMessageWithTimeout)
    [Anonymous Symbol]                       0x000010c8   Section        0  lock.o(.text.doorClose)
    __arm_cp.2_0                             0x000010d0   Number         4  lock.o(.text.doorClose)
    [Anonymous Symbol]                       0x000010d4   Section        0  lock.o(.text.doorOpen)
    __arm_cp.1_0                             0x000010dc   Number         4  lock.o(.text.doorOpen)
    [Anonymous Symbol]                       0x000010e0   Section        0  main.o(.text.handleButtonsPressed)
    __arm_cp.8_0                             0x00001120   Number         4  main.o(.text.handleButtonsPressed)
    __arm_cp.8_1                             0x00001124   Number         4  main.o(.text.handleButtonsPressed)
    __arm_cp.8_2                             0x00001128   Number         4  main.o(.text.handleButtonsPressed)
    __arm_cp.8_3                             0x0000112c   Number         4  main.o(.text.handleButtonsPressed)
    [Anonymous Symbol]                       0x00001130   Section        0  main.o(.text.handleReadRfidUID)
    [Anonymous Symbol]                       0x00001180   Section        0  main.o(.text.handleRfidAccess)
    __arm_cp.7_0                             0x000011c8   Number         4  main.o(.text.handleRfidAccess)
    __arm_cp.7_4                             0x000011fc   Number         4  main.o(.text.handleRfidAccess)
    __arm_cp.7_5                             0x00001200   Number         4  main.o(.text.handleRfidAccess)
    [Anonymous Symbol]                       0x00001204   Section        0  main.o(.text.handleUsersAdministrate)
    __arm_cp.5_1                             0x000012a4   Number         4  main.o(.text.handleUsersAdministrate)
    __arm_cp.5_2                             0x000012a8   Number         4  main.o(.text.handleUsersAdministrate)
    __arm_cp.5_3                             0x000012ac   Number         4  main.o(.text.handleUsersAdministrate)
    __arm_cp.5_4                             0x000012b0   Number         4  main.o(.text.handleUsersAdministrate)
    __arm_cp.5_5                             0x000012b4   Number         4  main.o(.text.handleUsersAdministrate)
    __arm_cp.5_6                             0x000012b8   Number         4  main.o(.text.handleUsersAdministrate)
    __arm_cp.5_7                             0x000012bc   Number         4  main.o(.text.handleUsersAdministrate)
    __arm_cp.5_8                             0x000012c0   Number         4  main.o(.text.handleUsersAdministrate)
    __arm_cp.5_10                            0x000012d4   Number         4  main.o(.text.handleUsersAdministrate)
    [Anonymous Symbol]                       0x000012e4   Section        0  i2c.o(.text.i2c_clr_IICIF)
    [Anonymous Symbol]                       0x000012f0   Section        0  i2c.o(.text.i2c_disable)
    [Anonymous Symbol]                       0x000012fc   Section        0  i2c.o(.text.i2c_enable)
    [Anonymous Symbol]                       0x00001308   Section        0  i2c.o(.text.i2c_m_start)
    [Anonymous Symbol]                       0x00001314   Section        0  i2c.o(.text.i2c_m_stop)
    [Anonymous Symbol]                       0x00001320   Section        0  i2c.o(.text.i2c_nack)
    [Anonymous Symbol]                       0x0000132c   Section        0  i2c.o(.text.i2c_rec)
    [Anonymous Symbol]                       0x00001338   Section        0  i2c.o(.text.i2c_recv)
    [Anonymous Symbol]                       0x00001340   Section        0  i2c.o(.text.i2c_send)
    __arm_cp.5_0                             0x00001348   Number         4  i2c.o(.text.i2c_send)
    [Anonymous Symbol]                       0x0000134c   Section        0  i2c.o(.text.i2c_tran)
    __arm_cp.3_0                             0x00001358   Number         4  i2c.o(.text.i2c_tran)
    [Anonymous Symbol]                       0x0000135c   Section        0  i2c.o(.text.i2c_wait)
    __arm_cp.6_0                             0x000013ac   Number         4  i2c.o(.text.i2c_wait)
    __arm_cp.6_1                             0x000013b0   Number         4  i2c.o(.text.i2c_wait)
    __arm_cp.6_2                             0x000013b4   Number         4  i2c.o(.text.i2c_wait)
    [Anonymous Symbol]                       0x000013b8   Section        0  users.o(.text.isUserInRoom)
    [Anonymous Symbol]                       0x00001420   Section        0  main.o(.text.main)
    __arm_cp.9_0                             0x00001490   Number         4  main.o(.text.main)
    __arm_cp.9_3                             0x000014b8   Number         4  main.o(.text.main)
    __arm_cp.9_4                             0x000014bc   Number         4  main.o(.text.main)
    __arm_cp.9_6                             0x000014d0   Number         4  main.o(.text.main)
    __arm_cp.9_7                             0x000014d4   Number         4  main.o(.text.main)
    [Anonymous Symbol]                       0x000014d8   Section        0  users.o(.text.removeUserFromRoom)
    __arm_cp.2_1                             0x00001548   Number         4  users.o(.text.removeUserFromRoom)
    [Anonymous Symbol]                       0x0000154c   Section        0  spi.o(.text.spi_init)
    __arm_cp.0_0                             0x00001624   Number         4  spi.o(.text.spi_init)
    __arm_cp.0_1                             0x00001628   Number         4  spi.o(.text.spi_init)
    __arm_cp.0_2                             0x0000162c   Number         4  spi.o(.text.spi_init)
    __arm_cp.0_3                             0x00001630   Number         4  spi.o(.text.spi_init)
    __arm_cp.0_4                             0x00001634   Number         4  spi.o(.text.spi_init)
    [Anonymous Symbol]                       0x00001638   Section        0  spi.o(.text.spi_master_write)
    __arm_cp.1_0                             0x00001654   Number         4  spi.o(.text.spi_master_write)
    spi_readable                             0x00001659   Thumb Code     8  spi.o(.text.spi_readable)
    [Anonymous Symbol]                       0x00001658   Section        0  spi.o(.text.spi_readable)
    spi_writeable                            0x00001661   Thumb Code    12  spi.o(.text.spi_writeable)
    [Anonymous Symbol]                       0x00001660   Section        0  spi.o(.text.spi_writeable)
    __arm_cp.5_0                             0x0000166c   Number         4  spi.o(.text.spi_writeable)
    [Anonymous Symbol]                       0x00001670   Section        0  rooms.o(.text.switchRoomDown)
    [Anonymous Symbol]                       0x00001690   Section        0  rooms.o(.text.switchRoomUp)
    __arm_cp.1_0                             0x000016b4   Number         4  rooms.o(.text.switchRoomUp)
    __arm_cp.1_1                             0x000016b8   Number         4  rooms.o(.text.switchRoomUp)
    __arm_cp.1_2                             0x000016bc   Number         4  rooms.o(.text.switchRoomUp)
    .text_divfast                            0x000016c0   Section      502  aeabi_sdivfast.o(.text_divfast)
    locale$$code                             0x000018b8   Section       44  lc_ctype_c.o(locale$$code)
    uc_hextab                                0x000018e4   Data          20  _printf_hex_int.o(.constdata)
    .constdata                               0x000018e4   Section       40  _printf_hex_int.o(.constdata)
    lc_hextab                                0x000018f8   Data          20  _printf_hex_int.o(.constdata)
    [Anonymous Symbol]                       0x0000190c   Section        0  main.o(.rodata.str1.1)
    locale$$data                             0x00001948   Section      272  lc_ctype_c.o(locale$$data)
    __lcctype_c_name                         0x0000194c   Data           2  lc_ctype_c.o(locale$$data)
    __lcctype_c_start                        0x00001954   Data           0  lc_ctype_c.o(locale$$data)
    __lcctype_c_end                          0x00001a58   Data           0  lc_ctype_c.o(locale$$data)
    lcd_backlight                            0x1ffffc0c   Data           1  lcd1602.o(.data.lcd_backlight)
    [Anonymous Symbol]                       0x1ffffc0c   Section        0  lcd1602.o(.data.lcd_backlight)
    .bss                                     0x1ffffc10   Section       96  libspace.o(.bss)
    cardID                                   0x200002b3   Data           4  main.o(.bss.cardID)
    [Anonymous Symbol]                       0x200002b3   Section        0  main.o(.bss.cardID)
    error                                    0x200002c5   Data           1  i2c.o(.bss.error)
    [Anonymous Symbol]                       0x200002c5   Section        0  i2c.o(.bss.error)
    pcf_address                              0x200002cc   Data           1  lcd1602.o(.bss.pcf_address)
    [Anonymous Symbol]                       0x200002cc   Section        0  lcd1602.o(.bss.pcf_address)
    str                                      0x200002cf   Data          16  main.o(.bss.str)
    [Anonymous Symbol]                       0x200002cf   Section        0  main.o(.bss.str)
    uid_str                                  0x200002df   Data          16  main.o(.bss.uid_str)
    [Anonymous Symbol]                       0x200002df   Section        0  main.o(.bss.uid_str)
    Heap_Mem                                 0x200002f0   Data           0  startup_mkl05z4.o(HEAP)
    Stack_Mem                                0x200002f0   Data         256  startup_mkl05z4.o(STACK)
    HEAP                                     0x200002f0   Section        0  startup_mkl05z4.o(HEAP)
    STACK                                    0x200002f0   Section      256  startup_mkl05z4.o(STACK)
    __initial_sp                             0x200003f0   Data           0  startup_mkl05z4.o(STACK)

    Global Symbols

    Symbol Name                              Value     Ov Type        Size  Object(Section)

    BuildAttributes$$THM_ISAv3M$S$PE$A:L22$X:L11$S22$IEEE1$IW$~IW$USESV6$~STKCKD$USESV7$~SHL$OTIME$ROPI$EBA8$UX$STANDARDLIB$REQ8$PRES8$EABIv2 0x00000000   Number         0  anon$$obj.o ABSOLUTE
    __Vectors                                0x00000000   Data           4  startup_mkl05z4.o(RESET)
    __ARM_exceptions_init                     - Undefined Weak Reference
    __alloca_initialize                       - Undefined Weak Reference
    __arm_preinit_                            - Undefined Weak Reference
    __cpp_initialize__aeabi_                  - Undefined Weak Reference
    __cxa_finalize                            - Undefined Weak Reference
    __sigvec_lookup                           - Undefined Weak Reference
    _atexit_init                              - Undefined Weak Reference
    _call_atexit_fns                          - Undefined Weak Reference
    _clock_init                               - Undefined Weak Reference
    _fp_trap_init                             - Undefined Weak Reference
    _fp_trap_shutdown                         - Undefined Weak Reference
    _get_lc_collate                           - Undefined Weak Reference
    _get_lc_monetary                          - Undefined Weak Reference
    _get_lc_numeric                           - Undefined Weak Reference
    _get_lc_time                              - Undefined Weak Reference
    _getenv_init                              - Undefined Weak Reference
    _handle_redirection                       - Undefined Weak Reference
    _init_alloc                               - Undefined Weak Reference
    _init_user_alloc                          - Undefined Weak Reference
    _initio                                   - Undefined Weak Reference
    _printf_mbtowc                            - Undefined Weak Reference
    _printf_post_padding                      - Undefined Weak Reference
    _printf_pre_padding                       - Undefined Weak Reference
    _printf_truncate_signed                   - Undefined Weak Reference
    _printf_truncate_unsigned                 - Undefined Weak Reference
    _rand_init                                - Undefined Weak Reference
    _signal_finish                            - Undefined Weak Reference
    _signal_init                              - Undefined Weak Reference
    _terminate_alloc                          - Undefined Weak Reference
    _terminate_user_alloc                     - Undefined Weak Reference
    _terminateio                              - Undefined Weak Reference
    __Vectors_End                            0x000000c0   Data           0  startup_mkl05z4.o(RESET)
    __Vectors_Size                           0x000000c0   Number         0  startup_mkl05z4.o ABSOLUTE
    __main                                   0x000000c1   Thumb Code     8  __main.o(!!!main)
    __scatterload                            0x000000c9   Thumb Code     0  __scatter.o(!!!scatter)
    __scatterload_rt2                        0x000000c9   Thumb Code    52  __scatter.o(!!!scatter)
    __scatterload_rt2_thumb_only             0x000000c9   Thumb Code     0  __scatter.o(!!!scatter)
    __scatterload_null                       0x000000d9   Thumb Code     0  __scatter.o(!!!scatter)
    __scatterload_copy                       0x00000105   Thumb Code    26  __scatter_copy.o(!!handler_copy)
    __scatterload_zeroinit                   0x00000121   Thumb Code    28  __scatter_zi.o(!!handler_zi)
    _printf_percent                          0x0000013d   Thumb Code     0  _printf_percent.o(.ARM.Collect$$_printf_percent$$00000000)
    _printf_d                                0x0000013f   Thumb Code     0  _printf_d.o(.ARM.Collect$$_printf_percent$$00000009)
    _printf_x                                0x00000149   Thumb Code     0  _printf_x.o(.ARM.Collect$$_printf_percent$$0000000C)
    _printf_s                                0x00000153   Thumb Code     0  _printf_s.o(.ARM.Collect$$_printf_percent$$00000014)
    _printf_percent_end                      0x0000015d   Thumb Code     0  _printf_percent_end.o(.ARM.Collect$$_printf_percent$$00000017)
    __rt_lib_init                            0x00000161   Thumb Code     0  libinit.o(.ARM.Collect$$libinit$$00000000)
    __rt_lib_init_fp_1                       0x00000163   Thumb Code     0  libinit2.o(.ARM.Collect$$libinit$$00000002)
    __rt_lib_init_heap_1                     0x00000163   Thumb Code     0  libinit2.o(.ARM.Collect$$libinit$$0000000A)
    __rt_lib_init_lc_common                  0x00000163   Thumb Code     0  libinit2.o(.ARM.Collect$$libinit$$0000000F)
    __rt_lib_init_preinit_1                  0x00000163   Thumb Code     0  libinit2.o(.ARM.Collect$$libinit$$00000004)
    __rt_lib_init_rand_1                     0x00000163   Thumb Code     0  libinit2.o(.ARM.Collect$$libinit$$0000000E)
    __rt_lib_init_user_alloc_1               0x00000163   Thumb Code     0  libinit2.o(.ARM.Collect$$libinit$$0000000C)
    __rt_lib_init_lc_collate_1               0x00000169   Thumb Code     0  libinit2.o(.ARM.Collect$$libinit$$00000011)
    __rt_lib_init_lc_ctype_2                 0x00000169   Thumb Code     0  libinit2.o(.ARM.Collect$$libinit$$00000012)
    __rt_lib_init_alloca_1                   0x00000175   Thumb Code     0  libinit2.o(.ARM.Collect$$libinit$$0000002E)
    __rt_lib_init_argv_1                     0x00000175   Thumb Code     0  libinit2.o(.ARM.Collect$$libinit$$0000002C)
    __rt_lib_init_atexit_1                   0x00000175   Thumb Code     0  libinit2.o(.ARM.Collect$$libinit$$0000001B)
    __rt_lib_init_clock_1                    0x00000175   Thumb Code     0  libinit2.o(.ARM.Collect$$libinit$$00000021)
    __rt_lib_init_cpp_1                      0x00000175   Thumb Code     0  libinit2.o(.ARM.Collect$$libinit$$00000032)
    __rt_lib_init_exceptions_1               0x00000175   Thumb Code     0  libinit2.o(.ARM.Collect$$libinit$$00000030)
    __rt_lib_init_fp_trap_1                  0x00000175   Thumb Code     0  libinit2.o(.ARM.Collect$$libinit$$0000001F)
    __rt_lib_init_getenv_1                   0x00000175   Thumb Code     0  libinit2.o(.ARM.Collect$$libinit$$00000023)
    __rt_lib_init_lc_ctype_1                 0x00000175   Thumb Code     0  libinit2.o(.ARM.Collect$$libinit$$00000013)
    __rt_lib_init_lc_monetary_1              0x00000175   Thumb Code     0  libinit2.o(.ARM.Collect$$libinit$$00000015)
    __rt_lib_init_lc_numeric_1               0x00000175   Thumb Code     0  libinit2.o(.ARM.Collect$$libinit$$00000017)
    __rt_lib_init_lc_time_1                  0x00000175   Thumb Code     0  libinit2.o(.ARM.Collect$$libinit$$00000019)
    __rt_lib_init_return                     0x00000175   Thumb Code     0  libinit2.o(.ARM.Collect$$libinit$$00000033)
    __rt_lib_init_signal_1                   0x00000175   Thumb Code     0  libinit2.o(.ARM.Collect$$libinit$$0000001D)
    __rt_lib_init_stdio_1                    0x00000175   Thumb Code     0  libinit2.o(.ARM.Collect$$libinit$$00000025)
    __rt_lib_shutdown                        0x00000177   Thumb Code     0  libshutdown.o(.ARM.Collect$$libshutdown$$00000000)
    __rt_lib_shutdown_cpp_1                  0x00000179   Thumb Code     0  libshutdown2.o(.ARM.Collect$$libshutdown$$00000002)
    __rt_lib_shutdown_fp_trap_1              0x00000179   Thumb Code     0  libshutdown2.o(.ARM.Collect$$libshutdown$$00000007)
    __rt_lib_shutdown_heap_1                 0x00000179   Thumb Code     0  libshutdown2.o(.ARM.Collect$$libshutdown$$0000000F)
    __rt_lib_shutdown_return                 0x00000179   Thumb Code     0  libshutdown2.o(.ARM.Collect$$libshutdown$$00000010)
    __rt_lib_shutdown_signal_1               0x00000179   Thumb Code     0  libshutdown2.o(.ARM.Collect$$libshutdown$$0000000A)
    __rt_lib_shutdown_stdio_1                0x00000179   Thumb Code     0  libshutdown2.o(.ARM.Collect$$libshutdown$$00000004)
    __rt_lib_shutdown_user_alloc_1           0x00000179   Thumb Code     0  libshutdown2.o(.ARM.Collect$$libshutdown$$0000000C)
    __rt_entry                               0x0000017b   Thumb Code     0  __rtentry.o(.ARM.Collect$$rtentry$$00000000)
    __rt_entry_presh_1                       0x0000017b   Thumb Code     0  __rtentry2.o(.ARM.Collect$$rtentry$$00000002)
    __rt_entry_sh                            0x0000017b   Thumb Code     0  __rtentry4.o(.ARM.Collect$$rtentry$$00000004)
    __rt_entry_li                            0x00000181   Thumb Code     0  __rtentry2.o(.ARM.Collect$$rtentry$$0000000A)
    __rt_entry_postsh_1                      0x00000181   Thumb Code     0  __rtentry2.o(.ARM.Collect$$rtentry$$00000009)
    __rt_entry_main                          0x00000185   Thumb Code     0  __rtentry2.o(.ARM.Collect$$rtentry$$0000000D)
    __rt_entry_postli_1                      0x00000185   Thumb Code     0  __rtentry2.o(.ARM.Collect$$rtentry$$0000000C)
    __rt_exit                                0x0000018d   Thumb Code     0  rtexit.o(.ARM.Collect$$rtexit$$00000000)
    __rt_exit_ls                             0x0000018f   Thumb Code     0  rtexit2.o(.ARM.Collect$$rtexit$$00000003)
    __rt_exit_prels_1                        0x0000018f   Thumb Code     0  rtexit2.o(.ARM.Collect$$rtexit$$00000002)
    __rt_exit_exit                           0x00000193   Thumb Code     0  rtexit2.o(.ARM.Collect$$rtexit$$00000004)
    Reset_Handler                            0x00000199   Thumb Code     8  startup_mkl05z4.o(.text)
    NMI_Handler                              0x000001a1   Thumb Code     2  startup_mkl05z4.o(.text)
    HardFault_Handler                        0x000001a3   Thumb Code     2  startup_mkl05z4.o(.text)
    SVC_Handler                              0x000001a5   Thumb Code     2  startup_mkl05z4.o(.text)
    PendSV_Handler                           0x000001a7   Thumb Code     2  startup_mkl05z4.o(.text)
    ADC0_IRQHandler                          0x000001ab   Thumb Code     0  startup_mkl05z4.o(.text)
    CMP0_IRQHandler                          0x000001ab   Thumb Code     0  startup_mkl05z4.o(.text)
    DAC0_IRQHandler                          0x000001ab   Thumb Code     0  startup_mkl05z4.o(.text)
    DMA0_IRQHandler                          0x000001ab   Thumb Code     0  startup_mkl05z4.o(.text)
    DMA1_IRQHandler                          0x000001ab   Thumb Code     0  startup_mkl05z4.o(.text)
    DMA2_IRQHandler                          0x000001ab   Thumb Code     0  startup_mkl05z4.o(.text)
    DMA3_IRQHandler                          0x000001ab   Thumb Code     0  startup_mkl05z4.o(.text)
    DefaultISR                               0x000001ab   Thumb Code     0  startup_mkl05z4.o(.text)
    FTFA_IRQHandler                          0x000001ab   Thumb Code     0  startup_mkl05z4.o(.text)
    I2C0_IRQHandler                          0x000001ab   Thumb Code     0  startup_mkl05z4.o(.text)
    LLW_IRQHandler                           0x000001ab   Thumb Code     0  startup_mkl05z4.o(.text)
    LPTimer_IRQHandler                       0x000001ab   Thumb Code     0  startup_mkl05z4.o(.text)
    LVD_LVW_IRQHandler                       0x000001ab   Thumb Code     0  startup_mkl05z4.o(.text)
    MCG_IRQHandler                           0x000001ab   Thumb Code     0  startup_mkl05z4.o(.text)
    PIT_IRQHandler                           0x000001ab   Thumb Code     0  startup_mkl05z4.o(.text)
    PORTB_IRQHandler                         0x000001ab   Thumb Code     0  startup_mkl05z4.o(.text)
    RTC_IRQHandler                           0x000001ab   Thumb Code     0  startup_mkl05z4.o(.text)
    RTC_Seconds_IRQHandler                   0x000001ab   Thumb Code     0  startup_mkl05z4.o(.text)
    Reserved20_IRQHandler                    0x000001ab   Thumb Code     0  startup_mkl05z4.o(.text)
    Reserved25_IRQHandler                    0x000001ab   Thumb Code     0  startup_mkl05z4.o(.text)
    Reserved27_IRQHandler                    0x000001ab   Thumb Code     0  startup_mkl05z4.o(.text)
    Reserved29_IRQHandler                    0x000001ab   Thumb Code     0  startup_mkl05z4.o(.text)
    Reserved30_IRQHandler                    0x000001ab   Thumb Code     0  startup_mkl05z4.o(.text)
    Reserved35_IRQHandler                    0x000001ab   Thumb Code     0  startup_mkl05z4.o(.text)
    Reserved39_IRQHandler                    0x000001ab   Thumb Code     0  startup_mkl05z4.o(.text)
    Reserved40_IRQHandler                    0x000001ab   Thumb Code     0  startup_mkl05z4.o(.text)
    Reserved45_IRQHandler                    0x000001ab   Thumb Code     0  startup_mkl05z4.o(.text)
    SPI0_IRQHandler                          0x000001ab   Thumb Code     0  startup_mkl05z4.o(.text)
    TPM0_IRQHandler                          0x000001ab   Thumb Code     0  startup_mkl05z4.o(.text)
    TPM1_IRQHandler                          0x000001ab   Thumb Code     0  startup_mkl05z4.o(.text)
    TSI0_IRQHandler                          0x000001ab   Thumb Code     0  startup_mkl05z4.o(.text)
    UART0_IRQHandler                         0x000001ab   Thumb Code     0  startup_mkl05z4.o(.text)
    __user_initial_stackheap                 0x000001ad   Thumb Code     0  startup_mkl05z4.o(.text)
    __2sprintf                               0x000001cd   Thumb Code    36  noretval__2sprintf.o(.text)
    __printf                                 0x000001f5   Thumb Code   108  __printf.o(.text)
    _printf_str                              0x00000261   Thumb Code    82  _printf_str.o(.text)
    _printf_int_dec                          0x000002b5   Thumb Code    90  _printf_dec.o(.text)
    _printf_int_hex                          0x00000321   Thumb Code    84  _printf_hex_int.o(.text)
    _printf_longlong_hex                     0x00000321   Thumb Code     0  _printf_hex_int.o(.text)
    atoi                                     0x00000379   Thumb Code    26  atoi.o(.text)
    strcpy                                   0x00000395   Thumb Code    70  strcpy.o(.text)
    __use_two_region_memory                  0x000003e1   Thumb Code     2  heapauxi.o(.text)
    __rt_heap_escrow$2region                 0x000003e3   Thumb Code     2  heapauxi.o(.text)
    __rt_heap_expand$2region                 0x000003e5   Thumb Code     2  heapauxi.o(.text)
    __aeabi_errno_addr                       0x000003e9   Thumb Code     8  rt_errno_addr_intlibspace.o(.text)
    __errno$intlibspace                      0x000003e9   Thumb Code     0  rt_errno_addr_intlibspace.o(.text)
    __rt_errno_addr$intlibspace              0x000003e9   Thumb Code     0  rt_errno_addr_intlibspace.o(.text)
    _sputc                                   0x000003f1   Thumb Code    10  _sputc.o(.text)
    __I$use$semihosting                      0x000003fb   Thumb Code     0  use_no_semi.o(.text)
    __use_no_semihosting_swi                 0x000003fb   Thumb Code     2  use_no_semi.o(.text)
    __semihosting_library_function           0x000003fd   Thumb Code     0  indicate_semi.o(.text)
    _memset_w                                0x00000411   Thumb Code    26  rt_memclr.o(.text)
    _memset                                  0x0000042b   Thumb Code    30  rt_memclr.o(.text)
    __aeabi_memclr                           0x00000449   Thumb Code     4  rt_memclr.o(.text)
    __rt_memclr                              0x00000449   Thumb Code     0  rt_memclr.o(.text)
    __aeabi_memclr4                          0x0000044d   Thumb Code     0  rt_memclr.o(.text)
    __aeabi_memclr8                          0x0000044d   Thumb Code     0  rt_memclr.o(.text)
    __rt_memclr_w                            0x0000044d   Thumb Code     4  rt_memclr.o(.text)
    strcmp                                   0x00000451   Thumb Code   176  strcmpv6m.o(.text)
    _printf_int_common                       0x00000501   Thumb Code   176  _printf_intcommon.o(.text)
    _printf_char_common                      0x000005bb   Thumb Code    32  _printf_char_common.o(.text)
    _printf_cs_common                        0x000005e1   Thumb Code    22  _printf_char.o(.text)
    _printf_char                             0x000005f7   Thumb Code    16  _printf_char.o(.text)
    _printf_string                           0x00000607   Thumb Code     8  _printf_char.o(.text)
    strtol                                   0x00000611   Thumb Code   108  strtol.o(.text)
    __rt_udiv10                              0x00000681   Thumb Code    40  rtudiv10.o(.text)
    __user_libspace                          0x000006a9   Thumb Code     8  libspace.o(.text)
    __user_perproc_libspace                  0x000006a9   Thumb Code     0  libspace.o(.text)
    __user_perthread_libspace                0x000006a9   Thumb Code     0  libspace.o(.text)
    __rt_ctype_table                         0x000006b1   Thumb Code    16  rt_ctype_table.o(.text)
    _strtoul                                 0x000006c1   Thumb Code   166  _strtoul.o(.text)
    __user_setup_stackheap                   0x00000767   Thumb Code    62  sys_stackheap_outer.o(.text)
    __rt_locale                              0x000007a5   Thumb Code     8  rt_locale_intlibspace.o(.text)
    _chval                                   0x000007ad   Thumb Code    30  _chval.o(.text)
    exit                                     0x000007cb   Thumb Code    16  exit.o(.text)
    _sys_exit                                0x000007dd   Thumb Code     8  sys_exit.o(.text)
    AntennaOn                                0x000007e9   Thumb Code    20  rfid.o(.text.AntennaOn)
    ClearBitMask                             0x000007fd   Thumb Code    22  rfid.o(.text.ClearBitMask)
    I2C_Init                                 0x00000815   Thumb Code    64  i2c.o(.text.I2C_Init)
    I2C_Read                                 0x00000861   Thumb Code    76  i2c.o(.text.I2C_Read)
    I2C_Write                                0x000008b1   Thumb Code    60  i2c.o(.text.I2C_Write)
    Klaw_Init                                0x000008f1   Thumb Code    68  klaw.o(.text.Klaw_Init)
    Klaw_S2_4_Int                            0x0000093d   Thumb Code    40  klaw.o(.text.Klaw_S2_4_Int)
    LCD1602_BF_AC                            0x00000969   Thumb Code   200  lcd1602.o(.text.LCD1602_BF_AC)
    LCD1602_Backlight                        0x00000a31   Thumb Code    16  lcd1602.o(.text.LCD1602_Backlight)
    LCD1602_CheckAddress                     0x00000a45   Thumb Code    40  lcd1602.o(.text.LCD1602_CheckAddress)
    LCD1602_ClearAll                         0x00000a71   Thumb Code    12  lcd1602.o(.text.LCD1602_ClearAll)
    LCD1602_Init                             0x00000a7d   Thumb Code    72  lcd1602.o(.text.LCD1602_Init)
    LCD1602_Print                            0x00000ac9   Thumb Code    32  lcd1602.o(.text.LCD1602_Print)
    LCD1602_SetCursor                        0x00000ae9   Thumb Code    30  lcd1602.o(.text.LCD1602_SetCursor)
    LCD1602_Write4                           0x00000b07   Thumb Code    26  lcd1602.o(.text.LCD1602_Write4)
    LCD1602_Write8                           0x00000b21   Thumb Code    40  lcd1602.o(.text.LCD1602_Write8)
    LockInit                                 0x00000b49   Thumb Code    24  lock.o(.text.LockInit)
    MFRC522_Anticoll                         0x00000b65   Thumb Code    74  rfid.o(.text.MFRC522_Anticoll)
    MFRC522_Init                             0x00000bb1   Thumb Code   104  rfid.o(.text.MFRC522_Init)
    MFRC522_Request                          0x00000c25   Thumb Code    66  rfid.o(.text.MFRC522_Request)
    MFRC522_Reset                            0x00000c67   Thumb Code    12  rfid.o(.text.MFRC522_Reset)
    MFRC522_ToCard                           0x00000c75   Thumb Code   260  rfid.o(.text.MFRC522_ToCard)
    PCF8574_Write                            0x00000d7d   Thumb Code    36  lcd1602.o(.text.PCF8574_Write)
    PORTA_IRQHandler                         0x00000da9   Thumb Code   168  main.o(.text.PORTA_IRQHandler)
    Read_MFRC522                             0x00000e5d   Thumb Code    32  rfid.o(.text.Read_MFRC522)
    SetBitMask                               0x00000e7d   Thumb Code    22  rfid.o(.text.SetBitMask)
    SysTick_Handler                          0x00000eb5   Thumb Code   124  main.o(.text.SysTick_Handler)
    SystemInit                               0x00000f39   Thumb Code    60  system_mkl05z4.o(.text.SystemInit)
    Write_MFRC522                            0x00000f85   Thumb Code    32  rfid.o(.text.Write_MFRC522)
    addUserToRoom                            0x00001001   Thumb Code    88  users.o(.text.addUserToRoom)
    displayMessage                           0x00001061   Thumb Code    44  main.o(.text.displayMessage)
    displayMessageWithTimeout                0x0000108d   Thumb Code    56  main.o(.text.displayMessageWithTimeout)
    doorClose                                0x000010c9   Thumb Code     8  lock.o(.text.doorClose)
    doorOpen                                 0x000010d5   Thumb Code     8  lock.o(.text.doorOpen)
    handleButtonsPressed                     0x000010e1   Thumb Code    64  main.o(.text.handleButtonsPressed)
    handleReadRfidUID                        0x00001131   Thumb Code    80  main.o(.text.handleReadRfidUID)
    handleRfidAccess                         0x00001181   Thumb Code    72  main.o(.text.handleRfidAccess)
    handleUsersAdministrate                  0x00001205   Thumb Code   140  main.o(.text.handleUsersAdministrate)
    i2c_clr_IICIF                            0x000012e5   Thumb Code    12  i2c.o(.text.i2c_clr_IICIF)
    i2c_disable                              0x000012f1   Thumb Code    12  i2c.o(.text.i2c_disable)
    i2c_enable                               0x000012fd   Thumb Code    12  i2c.o(.text.i2c_enable)
    i2c_m_start                              0x00001309   Thumb Code    12  i2c.o(.text.i2c_m_start)
    i2c_m_stop                               0x00001315   Thumb Code    12  i2c.o(.text.i2c_m_stop)
    i2c_nack                                 0x00001321   Thumb Code    12  i2c.o(.text.i2c_nack)
    i2c_rec                                  0x0000132d   Thumb Code    12  i2c.o(.text.i2c_rec)
    i2c_recv                                 0x00001339   Thumb Code     8  i2c.o(.text.i2c_recv)
    i2c_send                                 0x00001341   Thumb Code     8  i2c.o(.text.i2c_send)
    i2c_tran                                 0x0000134d   Thumb Code    12  i2c.o(.text.i2c_tran)
    i2c_wait                                 0x0000135d   Thumb Code    80  i2c.o(.text.i2c_wait)
    isUserInRoom                             0x000013b9   Thumb Code   104  users.o(.text.isUserInRoom)
    main                                     0x00001421   Thumb Code   112  main.o(.text.main)
    removeUserFromRoom                       0x000014d9   Thumb Code   112  users.o(.text.removeUserFromRoom)
    spi_init                                 0x0000154d   Thumb Code   216  spi.o(.text.spi_init)
    spi_master_write                         0x00001639   Thumb Code    28  spi.o(.text.spi_master_write)
    switchRoomDown                           0x00001671   Thumb Code    32  rooms.o(.text.switchRoomDown)
    switchRoomUp                             0x00001691   Thumb Code    36  rooms.o(.text.switchRoomUp)
    __aeabi_uidiv                            0x000016c1   Thumb Code    68  aeabi_sdivfast.o(.text_divfast)
    __aeabi_idiv                             0x00001705   Thumb Code   434  aeabi_sdivfast.o(.text_divfast)
    _get_lc_ctype                            0x000018b9   Thumb Code    44  lc_ctype_c.o(locale$$code)
    Region$$Table$$Base                      0x00001928   Number         0  anon$$obj.o(Region$$Table)
    Region$$Table$$Limit                     0x00001948   Number         0  anon$$obj.o(Region$$Table)
    __ctype                                  0x00001955   Data           0  lc_ctype_c.o(locale$$data)
    SystemCoreClock                          0x1ffffc00   Data           4  system_mkl05z4.o(.data.SystemCoreClock)
    current_room                             0x1ffffc04   Data           4  rooms.o(.data.current_room)
    default_room                             0x1ffffc08   Data           4  rooms.o(.data.default_room)
    __libspace_start                         0x1ffffc10   Data          96  libspace.o(.bss)
    S2_press                                 0x1ffffc70   Data           1  main.o(.bss.S2_press)
    __temporary_stack_top$libspace           0x1ffffc70   Data           0  libspace.o(.bss)
    S3_press                                 0x1ffffc71   Data           1  main.o(.bss.S3_press)
    S4_press                                 0x1ffffc72   Data           1  main.o(.bss.S4_press)
    assignedUsers                            0x1ffffc73   Data        1600  users.o(.bss.assignedUsers)
    card_detection                           0x200002b7   Data           1  main.o(.bss.card_detection)
    card_detection_timer                     0x200002b8   Data           4  main.o(.bss.card_detection_timer)
    display_message                          0x200002bc   Data           1  main.o(.bss.display_message)
    door_opened                              0x200002bd   Data           1  main.o(.bss.door_opened)
    door_timer                               0x200002c0   Data           4  main.o(.bss.door_timer)
    dummy                                    0x200002c4   Data           1  i2c.o(.bss.dummy)
    message_timer                            0x200002c8   Data           4  main.o(.bss.message_timer)
    sekunda                                  0x200002cd   Data           1  main.o(.bss.sekunda)
    sekunda_OK                               0x200002ce   Data           1  main.o(.bss.sekunda_OK)



==============================================================================

Memory Map of the image

  Image Entry point : 0x00000199

  Load Region LR_1 (Base: 0x00000000, Size: 0x00001a68, Max: 0xffffffff, ABSOLUTE)

    Execution Region ER_RO (Exec base: 0x00000000, Load base: 0x00000000, Size: 0x00001a58, Max: 0xffffffff, ABSOLUTE)

    Exec Addr    Load Addr    Size         Type   Attr      Idx    E Section Name        Object

    0x00000000   0x00000000   0x000000c0   Data   RO          278    RESET               startup_mkl05z4.o
    0x000000c0   0x000000c0   0x00000008   Code   RO          380  * !!!main             c_p.l(__main.o)
    0x000000c8   0x000000c8   0x0000003c   Code   RO          589    !!!scatter          c_p.l(__scatter.o)
    0x00000104   0x00000104   0x0000001a   Code   RO          591    !!handler_copy      c_p.l(__scatter_copy.o)
    0x0000011e   0x0000011e   0x00000002   PAD
    0x00000120   0x00000120   0x0000001c   Code   RO          593    !!handler_zi        c_p.l(__scatter_zi.o)
    0x0000013c   0x0000013c   0x00000002   Code   RO          357    .ARM.Collect$$_printf_percent$$00000000  c_p.l(_printf_percent.o)
    0x0000013e   0x0000013e   0x0000000a   Code   RO          356    .ARM.Collect$$_printf_percent$$00000009  c_p.l(_printf_d.o)
    0x00000148   0x00000148   0x0000000a   Code   RO          355    .ARM.Collect$$_printf_percent$$0000000C  c_p.l(_printf_x.o)
    0x00000152   0x00000152   0x0000000a   Code   RO          354    .ARM.Collect$$_printf_percent$$00000014  c_p.l(_printf_s.o)
    0x0000015c   0x0000015c   0x00000004   Code   RO          400    .ARM.Collect$$_printf_percent$$00000017  c_p.l(_printf_percent_end.o)
    0x00000160   0x00000160   0x00000002   Code   RO          455    .ARM.Collect$$libinit$$00000000  c_p.l(libinit.o)
    0x00000162   0x00000162   0x00000000   Code   RO          466    .ARM.Collect$$libinit$$00000002  c_p.l(libinit2.o)
    0x00000162   0x00000162   0x00000000   Code   RO          468    .ARM.Collect$$libinit$$00000004  c_p.l(libinit2.o)
    0x00000162   0x00000162   0x00000000   Code   RO          471    .ARM.Collect$$libinit$$0000000A  c_p.l(libinit2.o)
    0x00000162   0x00000162   0x00000000   Code   RO          473    .ARM.Collect$$libinit$$0000000C  c_p.l(libinit2.o)
    0x00000162   0x00000162   0x00000000   Code   RO          475    .ARM.Collect$$libinit$$0000000E  c_p.l(libinit2.o)
    0x00000162   0x00000162   0x00000006   Code   RO          476    .ARM.Collect$$libinit$$0000000F  c_p.l(libinit2.o)
    0x00000168   0x00000168   0x00000000   Code   RO          478    .ARM.Collect$$libinit$$00000011  c_p.l(libinit2.o)
    0x00000168   0x00000168   0x0000000c   Code   RO          479    .ARM.Collect$$libinit$$00000012  c_p.l(libinit2.o)
    0x00000174   0x00000174   0x00000000   Code   RO          480    .ARM.Collect$$libinit$$00000013  c_p.l(libinit2.o)
    0x00000174   0x00000174   0x00000000   Code   RO          482    .ARM.Collect$$libinit$$00000015  c_p.l(libinit2.o)
    0x00000174   0x00000174   0x00000000   Code   RO          484    .ARM.Collect$$libinit$$00000017  c_p.l(libinit2.o)
    0x00000174   0x00000174   0x00000000   Code   RO          486    .ARM.Collect$$libinit$$00000019  c_p.l(libinit2.o)
    0x00000174   0x00000174   0x00000000   Code   RO          488    .ARM.Collect$$libinit$$0000001B  c_p.l(libinit2.o)
    0x00000174   0x00000174   0x00000000   Code   RO          490    .ARM.Collect$$libinit$$0000001D  c_p.l(libinit2.o)
    0x00000174   0x00000174   0x00000000   Code   RO          492    .ARM.Collect$$libinit$$0000001F  c_p.l(libinit2.o)
    0x00000174   0x00000174   0x00000000   Code   RO          494    .ARM.Collect$$libinit$$00000021  c_p.l(libinit2.o)
    0x00000174   0x00000174   0x00000000   Code   RO          496    .ARM.Collect$$libinit$$00000023  c_p.l(libinit2.o)
    0x00000174   0x00000174   0x00000000   Code   RO          498    .ARM.Collect$$libinit$$00000025  c_p.l(libinit2.o)
    0x00000174   0x00000174   0x00000000   Code   RO          502    .ARM.Collect$$libinit$$0000002C  c_p.l(libinit2.o)
    0x00000174   0x00000174   0x00000000   Code   RO          504    .ARM.Collect$$libinit$$0000002E  c_p.l(libinit2.o)
    0x00000174   0x00000174   0x00000000   Code   RO          506    .ARM.Collect$$libinit$$00000030  c_p.l(libinit2.o)
    0x00000174   0x00000174   0x00000000   Code   RO          508    .ARM.Collect$$libinit$$00000032  c_p.l(libinit2.o)
    0x00000174   0x00000174   0x00000002   Code   RO          509    .ARM.Collect$$libinit$$00000033  c_p.l(libinit2.o)
    0x00000176   0x00000176   0x00000002   Code   RO          544    .ARM.Collect$$libshutdown$$00000000  c_p.l(libshutdown.o)
    0x00000178   0x00000178   0x00000000   Code   RO          572    .ARM.Collect$$libshutdown$$00000002  c_p.l(libshutdown2.o)
    0x00000178   0x00000178   0x00000000   Code   RO          574    .ARM.Collect$$libshutdown$$00000004  c_p.l(libshutdown2.o)
    0x00000178   0x00000178   0x00000000   Code   RO          577    .ARM.Collect$$libshutdown$$00000007  c_p.l(libshutdown2.o)
    0x00000178   0x00000178   0x00000000   Code   RO          580    .ARM.Collect$$libshutdown$$0000000A  c_p.l(libshutdown2.o)
    0x00000178   0x00000178   0x00000000   Code   RO          582    .ARM.Collect$$libshutdown$$0000000C  c_p.l(libshutdown2.o)
    0x00000178   0x00000178   0x00000000   Code   RO          585    .ARM.Collect$$libshutdown$$0000000F  c_p.l(libshutdown2.o)
    0x00000178   0x00000178   0x00000002   Code   RO          586    .ARM.Collect$$libshutdown$$00000010  c_p.l(libshutdown2.o)
    0x0000017a   0x0000017a   0x00000000   Code   RO          382    .ARM.Collect$$rtentry$$00000000  c_p.l(__rtentry.o)
    0x0000017a   0x0000017a   0x00000000   Code   RO          409    .ARM.Collect$$rtentry$$00000002  c_p.l(__rtentry2.o)
    0x0000017a   0x0000017a   0x00000006   Code   RO          421    .ARM.Collect$$rtentry$$00000004  c_p.l(__rtentry4.o)
    0x00000180   0x00000180   0x00000000   Code   RO          411    .ARM.Collect$$rtentry$$00000009  c_p.l(__rtentry2.o)
    0x00000180   0x00000180   0x00000004   Code   RO          412    .ARM.Collect$$rtentry$$0000000A  c_p.l(__rtentry2.o)
    0x00000184   0x00000184   0x00000000   Code   RO          414    .ARM.Collect$$rtentry$$0000000C  c_p.l(__rtentry2.o)
    0x00000184   0x00000184   0x00000008   Code   RO          415    .ARM.Collect$$rtentry$$0000000D  c_p.l(__rtentry2.o)
    0x0000018c   0x0000018c   0x00000002   Code   RO          457    .ARM.Collect$$rtexit$$00000000  c_p.l(rtexit.o)
    0x0000018e   0x0000018e   0x00000000   Code   RO          515    .ARM.Collect$$rtexit$$00000002  c_p.l(rtexit2.o)
    0x0000018e   0x0000018e   0x00000004   Code   RO          516    .ARM.Collect$$rtexit$$00000003  c_p.l(rtexit2.o)
    0x00000192   0x00000192   0x00000006   Code   RO          517    .ARM.Collect$$rtexit$$00000004  c_p.l(rtexit2.o)
    0x00000198   0x00000198   0x00000034   Code   RO          280  * .text               startup_mkl05z4.o
    0x000001cc   0x000001cc   0x00000028   Code   RO          305    .text               c_p.l(noretval__2sprintf.o)
    0x000001f4   0x000001f4   0x0000006c   Code   RO          307    .text               c_p.l(__printf.o)
    0x00000260   0x00000260   0x00000052   Code   RO          309    .text               c_p.l(_printf_str.o)
    0x000002b2   0x000002b2   0x00000002   PAD
    0x000002b4   0x000002b4   0x0000006c   Code   RO          311    .text               c_p.l(_printf_dec.o)
    0x00000320   0x00000320   0x00000058   Code   RO          316    .text               c_p.l(_printf_hex_int.o)
    0x00000378   0x00000378   0x0000001a   Code   RO          358    .text               c_p.l(atoi.o)
    0x00000392   0x00000392   0x00000002   PAD
    0x00000394   0x00000394   0x0000004c   Code   RO          360    .text               c_p.l(strcpy.o)
    0x000003e0   0x000003e0   0x00000006   Code   RO          378    .text               c_p.l(heapauxi.o)
    0x000003e6   0x000003e6   0x00000002   PAD
    0x000003e8   0x000003e8   0x00000008   Code   RO          390    .text               c_p.l(rt_errno_addr_intlibspace.o)
    0x000003f0   0x000003f0   0x0000000a   Code   RO          396    .text               c_p.l(_sputc.o)
    0x000003fa   0x000003fa   0x00000002   Code   RO          533    .text               c_p.l(use_no_semi.o)
    0x000003fc   0x000003fc   0x00000000   Code   RO          535    .text               c_p.l(indicate_semi.o)
    0x000003fc   0x000003fc   0x00000003   Data   RO          255    .rodata.str1.1      rooms.o
    0x000003ff   0x000003ff   0x00000001   PAD
    0x00000400   0x00000400   0x00000010   Code   RO          279    .ARM.__at_0x400     startup_mkl05z4.o
    0x00000410   0x00000410   0x00000040   Code   RO          366    .text               c_p.l(rt_memclr.o)
    0x00000450   0x00000450   0x000000b0   Code   RO          368    .text               c_p.l(strcmpv6m.o)
    0x00000500   0x00000500   0x000000b0   Code   RO          392    .text               c_p.l(_printf_intcommon.o)
    0x000005b0   0x000005b0   0x00000030   Code   RO          394    .text               c_p.l(_printf_char_common.o)
    0x000005e0   0x000005e0   0x0000002e   Code   RO          398    .text               c_p.l(_printf_char.o)
    0x0000060e   0x0000060e   0x00000002   PAD
    0x00000610   0x00000610   0x00000070   Code   RO          401    .text               c_p.l(strtol.o)
    0x00000680   0x00000680   0x00000028   Code   RO          403    .text               c_p.l(rtudiv10.o)
    0x000006a8   0x000006a8   0x00000008   Code   RO          405    .text               c_p.l(libspace.o)
    0x000006b0   0x000006b0   0x00000010   Code   RO          423    .text               c_p.l(rt_ctype_table.o)
    0x000006c0   0x000006c0   0x000000a6   Code   RO          429    .text               c_p.l(_strtoul.o)
    0x00000766   0x00000766   0x0000003e   Code   RO          431    .text               c_p.l(sys_stackheap_outer.o)
    0x000007a4   0x000007a4   0x00000008   Code   RO          437    .text               c_p.l(rt_locale_intlibspace.o)
    0x000007ac   0x000007ac   0x0000001e   Code   RO          439    .text               c_p.l(_chval.o)
    0x000007ca   0x000007ca   0x00000010   Code   RO          444    .text               c_p.l(exit.o)
    0x000007da   0x000007da   0x00000002   PAD
    0x000007dc   0x000007dc   0x0000000c   Code   RO          510    .text               c_p.l(sys_exit.o)
    0x000007e8   0x000007e8   0x00000014   Code   RO          198    .text.AntennaOn     rfid.o
    0x000007fc   0x000007fc   0x00000016   Code   RO          204    .text.ClearBitMask  rfid.o
    0x00000812   0x00000812   0x00000002   PAD
    0x00000814   0x00000814   0x0000004c   Code   RO           50    .text.I2C_Init      i2c.o
    0x00000860   0x00000860   0x00000050   Code   RO           70    .text.I2C_Read      i2c.o
    0x000008b0   0x000008b0   0x00000040   Code   RO           68    .text.I2C_Write     i2c.o
    0x000008f0   0x000008f0   0x0000004c   Code   RO          100    .text.Klaw_Init     klaw.o
    0x0000093c   0x0000093c   0x0000002c   Code   RO          102    .text.Klaw_S2_4_Int  klaw.o
    0x00000968   0x00000968   0x000000c8   Code   RO          145    .text.LCD1602_BF_AC  lcd1602.o
    0x00000a30   0x00000a30   0x00000014   Code   RO          139    .text.LCD1602_Backlight  lcd1602.o
    0x00000a44   0x00000a44   0x0000002c   Code   RO          119    .text.LCD1602_CheckAddress  lcd1602.o
    0x00000a70   0x00000a70   0x0000000c   Code   RO          131    .text.LCD1602_ClearAll  lcd1602.o
    0x00000a7c   0x00000a7c   0x0000004c   Code   RO          117    .text.LCD1602_Init  lcd1602.o
    0x00000ac8   0x00000ac8   0x00000020   Code   RO          133    .text.LCD1602_Print  lcd1602.o
    0x00000ae8   0x00000ae8   0x0000001e   Code   RO          129    .text.LCD1602_SetCursor  lcd1602.o
    0x00000b06   0x00000b06   0x0000001a   Code   RO          143    .text.LCD1602_Write4  lcd1602.o
    0x00000b20   0x00000b20   0x00000028   Code   RO          121    .text.LCD1602_Write8  lcd1602.o
    0x00000b48   0x00000b48   0x0000001c   Code   RO          264    .text.LockInit      lock.o
    0x00000b64   0x00000b64   0x0000004a   Code   RO          212    .text.MFRC522_Anticoll  rfid.o
    0x00000bae   0x00000bae   0x00000002   PAD
    0x00000bb0   0x00000bb0   0x00000074   Code   RO          192    .text.MFRC522_Init  rfid.o
    0x00000c24   0x00000c24   0x00000042   Code   RO          210    .text.MFRC522_Request  rfid.o
    0x00000c66   0x00000c66   0x0000000c   Code   RO          194    .text.MFRC522_Reset  rfid.o
    0x00000c72   0x00000c72   0x00000002   PAD
    0x00000c74   0x00000c74   0x00000108   Code   RO          208    .text.MFRC522_ToCard  rfid.o
    0x00000d7c   0x00000d7c   0x0000002c   Code   RO          141    .text.PCF8574_Write  lcd1602.o
    0x00000da8   0x00000da8   0x000000b4   Code   RO            8    .text.PORTA_IRQHandler  main.o
    0x00000e5c   0x00000e5c   0x00000020   Code   RO          200    .text.Read_MFRC522  rfid.o
    0x00000e7c   0x00000e7c   0x00000016   Code   RO          202    .text.SetBitMask    rfid.o
    0x00000e92   0x00000e92   0x00000002   PAD
    0x00000e94   0x00000e94   0x00000020   Code   RO           22    .text.SysTick_Config  main.o
    0x00000eb4   0x00000eb4   0x00000084   Code   RO            2    .text.SysTick_Handler  main.o
    0x00000f38   0x00000f38   0x0000004c   Code   RO          289    .text.SystemInit    system_mkl05z4.o
    0x00000f84   0x00000f84   0x00000020   Code   RO          196    .text.Write_MFRC522  rfid.o
    0x00000fa4   0x00000fa4   0x0000000c   Code   RO           10    .text.__NVIC_ClearPendingIRQ  main.o
    0x00000fb0   0x00000fb0   0x00000010   Code   RO          106    .text.__NVIC_ClearPendingIRQ  klaw.o
    0x00000fc0   0x00000fc0   0x00000010   Code   RO          108    .text.__NVIC_EnableIRQ  klaw.o
    0x00000fd0   0x00000fd0   0x00000018   Code   RO           24    .text.__NVIC_SetPriority  main.o
    0x00000fe8   0x00000fe8   0x00000018   Code   RO          104    .text.__NVIC_SetPriority  klaw.o
    0x00001000   0x00001000   0x00000060   Code   RO          236    .text.addUserToRoom  users.o
    0x00001060   0x00001060   0x0000002c   Code   RO            6    .text.displayMessage  main.o
    0x0000108c   0x0000108c   0x0000003c   Code   RO            4    .text.displayMessageWithTimeout  main.o
    0x000010c8   0x000010c8   0x0000000c   Code   RO          268    .text.doorClose     lock.o
    0x000010d4   0x000010d4   0x0000000c   Code   RO          266    .text.doorOpen      lock.o
    0x000010e0   0x000010e0   0x00000050   Code   RO           18    .text.handleButtonsPressed  main.o
    0x00001130   0x00001130   0x00000050   Code   RO           14    .text.handleReadRfidUID  main.o
    0x00001180   0x00001180   0x00000084   Code   RO           16    .text.handleRfidAccess  main.o
    0x00001204   0x00001204   0x000000e0   Code   RO           12    .text.handleUsersAdministrate  main.o
    0x000012e4   0x000012e4   0x0000000c   Code   RO           82    .text.i2c_clr_IICIF  i2c.o
    0x000012f0   0x000012f0   0x0000000c   Code   RO           66    .text.i2c_disable   i2c.o
    0x000012fc   0x000012fc   0x0000000c   Code   RO           54    .text.i2c_enable    i2c.o
    0x00001308   0x00001308   0x0000000c   Code   RO           58    .text.i2c_m_start   i2c.o
    0x00001314   0x00001314   0x0000000c   Code   RO           64    .text.i2c_m_stop    i2c.o
    0x00001320   0x00001320   0x0000000c   Code   RO           74    .text.i2c_nack      i2c.o
    0x0000132c   0x0000132c   0x0000000c   Code   RO           72    .text.i2c_rec       i2c.o
    0x00001338   0x00001338   0x00000008   Code   RO           76    .text.i2c_recv      i2c.o
    0x00001340   0x00001340   0x0000000c   Code   RO           60    .text.i2c_send      i2c.o
    0x0000134c   0x0000134c   0x00000010   Code   RO           56    .text.i2c_tran      i2c.o
    0x0000135c   0x0000135c   0x0000005c   Code   RO           62    .text.i2c_wait      i2c.o
    0x000013b8   0x000013b8   0x00000068   Code   RO          234    .text.isUserInRoom  users.o
    0x00001420   0x00001420   0x000000b8   Code   RO           20    .text.main          main.o
    0x000014d8   0x000014d8   0x00000074   Code   RO          238    .text.removeUserFromRoom  users.o
    0x0000154c   0x0000154c   0x000000ec   Code   RO          170    .text.spi_init      spi.o
    0x00001638   0x00001638   0x00000020   Code   RO          172    .text.spi_master_write  spi.o
    0x00001658   0x00001658   0x00000008   Code   RO          182    .text.spi_readable  spi.o
    0x00001660   0x00001660   0x00000010   Code   RO          180    .text.spi_writeable  spi.o
    0x00001670   0x00001670   0x00000020   Code   RO          249    .text.switchRoomDown  rooms.o
    0x00001690   0x00001690   0x00000030   Code   RO          251    .text.switchRoomUp  rooms.o
    0x000016c0   0x000016c0   0x000001f6   Code   RO          371    .text_divfast       c_p.l(aeabi_sdivfast.o)
    0x000018b6   0x000018b6   0x00000002   PAD
    0x000018b8   0x000018b8   0x0000002c   Code   RO          442    locale$$code        c_p.l(lc_ctype_c.o)
    0x000018e4   0x000018e4   0x00000028   Data   RO          317    .constdata          c_p.l(_printf_hex_int.o)
    0x0000190c   0x0000190c   0x0000001c   Data   RO           37    .rodata.str1.1      main.o
    0x00001928   0x00001928   0x00000020   Data   RO          588    Region$$Table       anon$$obj.o
    0x00001948   0x00001948   0x00000110   Data   RO          441    locale$$data        c_p.l(lc_ctype_c.o)


    Execution Region ER_RW (Exec base: 0x1ffffc00, Load base: 0x00001a58, Size: 0x00000010, Max: 0xffffffff, ABSOLUTE)

    Exec Addr    Load Addr    Size         Type   Attr      Idx    E Section Name        Object

    0x1ffffc00   0x00001a58   0x00000004   Data   RW          293    .data.SystemCoreClock  system_mkl05z4.o
    0x1ffffc04   0x00001a5c   0x00000004   Data   RW          254    .data.current_room  rooms.o
    0x1ffffc08   0x00001a60   0x00000004   Data   RW          253    .data.default_room  rooms.o
    0x1ffffc0c   0x00001a64   0x00000001   Data   RW          160    .data.lcd_backlight  lcd1602.o


    Execution Region ER_ZI (Exec base: 0x1ffffc10, Load base: 0x00001a68, Size: 0x000007e0, Max: 0xffffffff, ABSOLUTE)

    Exec Addr    Load Addr    Size         Type   Attr      Idx    E Section Name        Object

    0x1ffffc10        -       0x00000060   Zero   RW          406    .bss                c_p.l(libspace.o)
    0x1ffffc70        -       0x00000001   Zero   RW           26    .bss.S2_press       main.o
    0x1ffffc71        -       0x00000001   Zero   RW           27    .bss.S3_press       main.o
    0x1ffffc72        -       0x00000001   Zero   RW           28    .bss.S4_press       main.o
    0x1ffffc73        -       0x00000640   Zero   RW          240    .bss.assignedUsers  users.o
    0x200002b3        -       0x00000004   Zero   RW           39    .bss.cardID         main.o
    0x200002b7        -       0x00000001   Zero   RW           33    .bss.card_detection  main.o
    0x200002b8        -       0x00000004   Zero   RW           34    .bss.card_detection_timer  main.o
    0x200002bc        -       0x00000001   Zero   RW           31    .bss.display_message  main.o
    0x200002bd        -       0x00000001   Zero   RW           35    .bss.door_opened    main.o
    0x200002be   0x00001a68   0x00000002   PAD
    0x200002c0        -       0x00000004   Zero   RW           36    .bss.door_timer     main.o
    0x200002c4        -       0x00000001   Zero   RW           91    .bss.dummy          i2c.o
    0x200002c5        -       0x00000001   Zero   RW           90    .bss.error          i2c.o
    0x200002c6   0x00001a68   0x00000002   PAD
    0x200002c8        -       0x00000004   Zero   RW           32    .bss.message_timer  main.o
    0x200002cc        -       0x00000001   Zero   RW          161    .bss.pcf_address    lcd1602.o
    0x200002cd        -       0x00000001   Zero   RW           29    .bss.sekunda        main.o
    0x200002ce        -       0x00000001   Zero   RW           30    .bss.sekunda_OK     main.o
    0x200002cf        -       0x00000010   Zero   RW           38    .bss.str            main.o
    0x200002df        -       0x00000010   Zero   RW           40    .bss.uid_str        main.o
    0x200002ef   0x00001a68   0x00000001   PAD
    0x200002f0        -       0x00000000   Zero   RW          277    HEAP                startup_mkl05z4.o
    0x200002f0        -       0x00000100   Zero   RW          276    STACK               startup_mkl05z4.o


==============================================================================

Image component sizes


      Code (inc. data)   RO Data    RW Data    ZI Data      Debug   Object Name

       432         40          0          0          2       5189   i2c.o
       176         24          0          0          0       3483   klaw.o
       524         20          0          1          1       5320   lcd1602.o
        52         12          0          0          0       1191   lock.o
      1184        264         28          0         56       5742   main.o
       660         16          0          0          0       7518   rfid.o
        80         12          3          8          0        765   rooms.o
       292         28          0          0          0       4259   spi.o
        68         38        192          0        256        888   startup_mkl05z4.o
        76         16          0          4          0       2357   system_mkl05z4.o
       316         12          0          0       1600       1996   users.o

    ----------------------------------------------------------------------
      3868        482        256         16       1920      38708   Object Totals
         0          0         32          0          0          0   (incl. Generated)
         8          0          1          3          5          0   (incl. Padding)

    ----------------------------------------------------------------------

      Code (inc. data)   RO Data    RW Data    ZI Data      Debug   Library Member Name

         8          0          0          0          0         68   __main.o
       108          0          0          0          0         76   __printf.o
         0          0          0          0          0          0   __rtentry.o
        12          0          0          0          0          0   __rtentry2.o
         6          0          0          0          0          0   __rtentry4.o
        60          8          0          0          0          0   __scatter.o
        26          0          0          0          0          0   __scatter_copy.o
        28          0          0          0          0          0   __scatter_zi.o
        30          0          0          0          0         60   _chval.o
        46          0          0          0          0        100   _printf_char.o
        48          6          0          0          0         88   _printf_char_common.o
        10          0          0          0          0          0   _printf_d.o
       108         18          0          0          0         76   _printf_dec.o
        88          4         40          0          0         72   _printf_hex_int.o
       176          0          0          0          0         84   _printf_intcommon.o
         2          0          0          0          0          0   _printf_percent.o
         4          0          0          0          0          0   _printf_percent_end.o
        10          0          0          0          0          0   _printf_s.o
        82          0          0          0          0         72   _printf_str.o
        10          0          0          0          0          0   _printf_x.o
        10          0          0          0          0         60   _sputc.o
       166          0          0          0          0         84   _strtoul.o
       502          0          0          0          0         92   aeabi_sdivfast.o
        26          0          0          0          0         72   atoi.o
        16          0          0          0          0         68   exit.o
         6          0          0          0          0        136   heapauxi.o
         0          0          0          0          0          0   indicate_semi.o
        44         10        272          0          0         76   lc_ctype_c.o
         2          0          0          0          0          0   libinit.o
        20          0          0          0          0          0   libinit2.o
         2          0          0          0          0          0   libshutdown.o
         2          0          0          0          0          0   libshutdown2.o
         8          4          0          0         96         68   libspace.o
        40          4          0          0          0         84   noretval__2sprintf.o
        16          4          0          0          0         76   rt_ctype_table.o
         8          4          0          0          0         68   rt_errno_addr_intlibspace.o
         8          4          0          0          0         68   rt_locale_intlibspace.o
        64          0          0          0          0        108   rt_memclr.o
         2          0          0          0          0          0   rtexit.o
        10          0          0          0          0          0   rtexit2.o
        40          0          0          0          0         60   rtudiv10.o
       176          4          0          0          0         80   strcmpv6m.o
        76          6          0          0          0         72   strcpy.o
       112          4          0          0          0         76   strtol.o
        12          4          0          0          0         60   sys_exit.o
        62          0          0          0          0         80   sys_stackheap_outer.o
         2          0          0          0          0         68   use_no_semi.o

    ----------------------------------------------------------------------
      2308         84        312          0         96       2252   Library Totals
        14          0          0          0          0          0   (incl. Padding)

    ----------------------------------------------------------------------

      Code (inc. data)   RO Data    RW Data    ZI Data      Debug   Library Name

      2294         84        312          0         96       2252   c_p.l

    ----------------------------------------------------------------------
      2308         84        312          0         96       2252   Library Totals

    ----------------------------------------------------------------------

==============================================================================


      Code (inc. data)   RO Data    RW Data    ZI Data      Debug   

      6176        566        568         16       2016      39672   Grand Totals
      6176        566        568         16       2016      39672   ELF Image Totals
      6176        566        568         16          0          0   ROM Totals

==============================================================================

    Total RO  Size (Code + RO Data)                 6744 (   6.59kB)
    Total RW  Size (RW Data + ZI Data)              2032 (   1.98kB)
    Total ROM Size (Code + RO Data + RW Data)       6760 (   6.60kB)

==============================================================================

