Component: ARM Compiler 6.16 Tool: armlink [5dfeaa00]

==============================================================================

Section Cross References

    main.o(.text) refers (Special) to _printf_hex_int.o(.text) for _printf_longlong_hex
    main.o(.text) refers (Special) to _printf_percent.o(.ARM.Collect$$_printf_percent$$00000000) for _printf_percent
    main.o(.text) refers (Special) to _printf_x.o(.ARM.Collect$$_printf_percent$$0000000C) for _printf_x
    main.o(.text.PORTA_IRQHandler) refers (Special) to _printf_hex_int.o(.text) for _printf_longlong_hex
    main.o(.text.PORTA_IRQHandler) refers (Special) to _printf_percent.o(.ARM.Collect$$_printf_percent$$00000000) for _printf_percent
    main.o(.text.PORTA_IRQHandler) refers (Special) to _printf_x.o(.ARM.Collect$$_printf_percent$$0000000C) for _printf_x
    main.o(.text.PORTA_IRQHandler) refers to main.o(.text.__NVIC_ClearPendingIRQ) for __NVIC_ClearPendingIRQ
    main.o(.text.PORTA_IRQHandler) refers to main.o(.bss.S4_press) for S4_press
    main.o(.text.PORTA_IRQHandler) refers to main.o(.bss.S3_press) for S3_press
    main.o(.text.PORTA_IRQHandler) refers to main.o(.bss.S2_press) for S2_press
    main.o(.ARM.exidx.text.PORTA_IRQHandler) refers (Special) to _printf_hex_int.o(.text) for _printf_longlong_hex
    main.o(.ARM.exidx.text.PORTA_IRQHandler) refers (Special) to _printf_percent.o(.ARM.Collect$$_printf_percent$$00000000) for _printf_percent
    main.o(.ARM.exidx.text.PORTA_IRQHandler) refers (Special) to _printf_x.o(.ARM.Collect$$_printf_percent$$0000000C) for _printf_x
    main.o(.ARM.exidx.text.PORTA_IRQHandler) refers to main.o(.text.PORTA_IRQHandler) for [Anonymous Symbol]
    main.o(.text.__NVIC_ClearPendingIRQ) refers (Special) to _printf_hex_int.o(.text) for _printf_longlong_hex
    main.o(.text.__NVIC_ClearPendingIRQ) refers (Special) to _printf_percent.o(.ARM.Collect$$_printf_percent$$00000000) for _printf_percent
    main.o(.text.__NVIC_ClearPendingIRQ) refers (Special) to _printf_x.o(.ARM.Collect$$_printf_percent$$0000000C) for _printf_x
    main.o(.ARM.exidx.text.__NVIC_ClearPendingIRQ) refers (Special) to _printf_hex_int.o(.text) for _printf_longlong_hex
    main.o(.ARM.exidx.text.__NVIC_ClearPendingIRQ) refers (Special) to _printf_percent.o(.ARM.Collect$$_printf_percent$$00000000) for _printf_percent
    main.o(.ARM.exidx.text.__NVIC_ClearPendingIRQ) refers (Special) to _printf_x.o(.ARM.Collect$$_printf_percent$$0000000C) for _printf_x
    main.o(.ARM.exidx.text.__NVIC_ClearPendingIRQ) refers to main.o(.text.__NVIC_ClearPendingIRQ) for [Anonymous Symbol]
    main.o(.text.handleUsersAdministrate) refers (Special) to _printf_hex_int.o(.text) for _printf_longlong_hex
    main.o(.text.handleUsersAdministrate) refers (Special) to _printf_percent.o(.ARM.Collect$$_printf_percent$$00000000) for _printf_percent
    main.o(.text.handleUsersAdministrate) refers (Special) to _printf_x.o(.ARM.Collect$$_printf_percent$$0000000C) for _printf_x
    main.o(.text.handleUsersAdministrate) refers to lcd1602.o(.text.LCD1602_ClearAll) for LCD1602_ClearAll
    main.o(.text.handleUsersAdministrate) refers to lcd1602.o(.text.LCD1602_SetCursor) for LCD1602_SetCursor
    main.o(.text.handleUsersAdministrate) refers to lcd1602.o(.text.LCD1602_Print) for LCD1602_Print
    main.o(.text.handleUsersAdministrate) refers to rfid.o(.text.MFRC522_Request) for MFRC522_Request
    main.o(.text.handleUsersAdministrate) refers to rfid.o(.text.MFRC522_Anticoll) for MFRC522_Anticoll
    main.o(.text.handleUsersAdministrate) refers to noretval__2sprintf.o(.text) for __2sprintf
    main.o(.text.handleUsersAdministrate) refers to users.o(.text.toggleUserInRoom) for toggleUserInRoom
    main.o(.text.handleUsersAdministrate) refers to main.o(.bss.str) for [Anonymous Symbol]
    main.o(.text.handleUsersAdministrate) refers to main.o(.bss.cardID) for [Anonymous Symbol]
    main.o(.text.handleUsersAdministrate) refers to main.o(.bss.uid_str) for [Anonymous Symbol]
    main.o(.text.handleUsersAdministrate) refers to main.o(.rodata.str1.1) for [Anonymous Symbol]
    main.o(.text.handleUsersAdministrate) refers to rooms.o(.data.current_room) for current_room
    main.o(.ARM.exidx.text.handleUsersAdministrate) refers (Special) to _printf_hex_int.o(.text) for _printf_longlong_hex
    main.o(.ARM.exidx.text.handleUsersAdministrate) refers (Special) to _printf_percent.o(.ARM.Collect$$_printf_percent$$00000000) for _printf_percent
    main.o(.ARM.exidx.text.handleUsersAdministrate) refers (Special) to _printf_x.o(.ARM.Collect$$_printf_percent$$0000000C) for _printf_x
    main.o(.ARM.exidx.text.handleUsersAdministrate) refers to main.o(.text.handleUsersAdministrate) for [Anonymous Symbol]
    main.o(.text.handleRfidAccess) refers (Special) to _printf_hex_int.o(.text) for _printf_longlong_hex
    main.o(.text.handleRfidAccess) refers (Special) to _printf_percent.o(.ARM.Collect$$_printf_percent$$00000000) for _printf_percent
[...]
    libshutdown.o(.ARM.Collect$$libshutdown$$00000000) refers (Special) to libshutdown2.o(.ARM.Collect$$libshutdown$$0000000F) for __rt_lib_shutdown_heap_1
    libshutdown.o(.ARM.Collect$$libshutdown$$00000000) refers (Special) to libshutdown2.o(.ARM.Collect$$libshutdown$$00000010) for __rt_lib_shutdown_return
    libshutdown.o(.ARM.Collect$$libshutdown$$00000000) refers (Special) to libshutdown2.o(.ARM.Collect$$libshutdown$$0000000A) for __rt_lib_shutdown_signal_1
    libshutdown.o(.ARM.Collect$$libshutdown$$00000000) refers (Special) to libshutdown2.o(.ARM.Collect$$libshutdown$$00000004) for __rt_lib_shutdown_stdio_1
    libshutdown.o(.ARM.Collect$$libshutdown$$00000000) refers (Special) to libshutdown2.o(.ARM.Collect$$libshutdown$$0000000C) for __rt_lib_shutdown_user_alloc_1
    sys_command.o(.text) refers (Special) to use_no_semi.o(.text) for __I$use$semihosting
    sys_command.o(.text) refers (Special) to indicate_semi.o(.text) for __semihosting_library_function
    sys_command_hlt.o(.text) refers (Special) to use_no_semi.o(.text) for __I$use$semihosting
    sys_command_hlt.o(.text) refers (Special) to indicate_semi.o(.text) for __semihosting_library_function
    defsig_abrt_inner.o(.text) refers to defsig_general.o(.text) for __default_signal_display
    defsig_rtred_inner.o(.text) refers to defsig_general.o(.text) for __default_signal_display
    defsig_rtmem_inner.o(.text) refers to defsig_general.o(.text) for __default_signal_display
    defsig_rtmem_outer.o(.text) refers to defsig_rtmem_inner.o(.text) for __rt_SIGRTMEM_inner
    defsig_rtmem_outer.o(.text) refers to defsig_exit.o(.text) for __sig_exit
    defsig_rtmem_formal.o(.text) refers to rt_raise.o(.text) for __rt_raise
    defsig_stak_inner.o(.text) refers to defsig_general.o(.text) for __default_signal_display
    defsig_pvfn_inner.o(.text) refers to defsig_general.o(.text) for __default_signal_display
    defsig_cppl_inner.o(.text) refers to defsig_general.o(.text) for __default_signal_display
    defsig_segv_inner.o(.text) refers to defsig_general.o(.text) for __default_signal_display
    defsig_other.o(.text) refers to defsig_general.o(.text) for __default_signal_display


==============================================================================

Removing Unused input sections from the image.

    Removing main.o(.text), (0 bytes).
    Removing main.o(.ARM.exidx.text.PORTA_IRQHandler), (8 bytes).
    Removing main.o(.ARM.exidx.text.__NVIC_ClearPendingIRQ), (8 bytes).
    Removing main.o(.ARM.exidx.text.handleUsersAdministrate), (8 bytes).
    Removing main.o(.ARM.exidx.text.handleRfidAccess), (8 bytes).
    Removing main.o(.ARM.exidx.text.main), (8 bytes).
    Removing main.o(.ARM.use_no_argv), (4 bytes).
    Removing i2c.o(.text), (0 bytes).
    Removing i2c.o(.ARM.exidx.text.I2C_Init), (8 bytes).
    Removing i2c.o(.text.I2C_Ping), (52 bytes).
    Removing i2c.o(.ARM.exidx.text.I2C_Ping), (8 bytes).
    Removing i2c.o(.ARM.exidx.text.i2c_enable), (8 bytes).
    Removing i2c.o(.ARM.exidx.text.i2c_tran), (8 bytes).
    Removing i2c.o(.ARM.exidx.text.i2c_m_start), (8 bytes).
    Removing i2c.o(.ARM.exidx.text.i2c_send), (8 bytes).
    Removing i2c.o(.ARM.exidx.text.i2c_wait), (8 bytes).
    Removing i2c.o(.ARM.exidx.text.i2c_m_stop), (8 bytes).
    Removing i2c.o(.ARM.exidx.text.i2c_disable), (8 bytes).
    Removing i2c.o(.ARM.exidx.text.I2C_Write), (8 bytes).
    Removing i2c.o(.ARM.exidx.text.I2C_Read), (8 bytes).
    Removing i2c.o(.ARM.exidx.text.i2c_rec), (8 bytes).
    Removing i2c.o(.ARM.exidx.text.i2c_nack), (8 bytes).
    Removing i2c.o(.ARM.exidx.text.i2c_recv), (8 bytes).
    Removing i2c.o(.text.I2C_WriteReg), (80 bytes).
    Removing i2c.o(.ARM.exidx.text.I2C_WriteReg), (8 bytes).
    Removing i2c.o(.text.I2C_ReadReg), (120 bytes).
    Removing i2c.o(.ARM.exidx.text.I2C_ReadReg), (8 bytes).
    Removing i2c.o(.ARM.exidx.text.i2c_clr_IICIF), (8 bytes).
    Removing i2c.o(.text.i2c_m_rstart), (24 bytes).
    Removing i2c.o(.ARM.exidx.text.i2c_m_rstart), (8 bytes).
    Removing i2c.o(.text.I2C_ReadRegBlock), (176 bytes).
    Removing i2c.o(.ARM.exidx.text.I2C_ReadRegBlock), (8 bytes).
    Removing i2c.o(.text.i2c_ack), (16 bytes).
    Removing i2c.o(.ARM.exidx.text.i2c_ack), (8 bytes).
    Removing klaw.o(.text), (0 bytes).
    Removing klaw.o(.ARM.exidx.text.Klaw_Init), (8 bytes).
    Removing klaw.o(.ARM.exidx.text.Klaw_S2_4_Int), (8 bytes).
    Removing klaw.o(.ARM.exidx.text.__NVIC_SetPriority), (8 bytes).
    Removing klaw.o(.ARM.exidx.text.__NVIC_ClearPendingIRQ), (8 bytes).
    Removing klaw.o(.ARM.exidx.text.__NVIC_EnableIRQ), (8 bytes).
    Removing lcd1602.o(.text), (0 bytes).
    Removing lcd1602.o(.ARM.exidx.text.LCD1602_Init), (8 bytes).
    Removing lcd1602.o(.ARM.exidx.text.LCD1602_CheckAddress), (8 bytes).
    Removing lcd1602.o(.ARM.exidx.text.LCD1602_Write8), (8 bytes).
    Removing lcd1602.o(.text.LCD1602_Blink_On), (12 bytes).
    Removing lcd1602.o(.ARM.exidx.text.LCD1602_Blink_On), (8 bytes).
    Removing lcd1602.o(.text.LCD1602_Blink_Off), (12 bytes).
    Removing lcd1602.o(.ARM.exidx.text.LCD1602_Blink_Off), (8 bytes).
    Removing lcd1602.o(.text.LCD1602_Blink_Off_Cursor_On), (12 bytes).
    Removing lcd1602.o(.ARM.exidx.text.LCD1602_Blink_Off_Cursor_On), (8 bytes).
    Removing lcd1602.o(.ARM.exidx.text.LCD1602_SetCursor), (8 bytes).
    Removing lcd1602.o(.ARM.exidx.text.LCD1602_ClearAll), (8 bytes).
    Removing lcd1602.o(.ARM.exidx.text.LCD1602_Print), (8 bytes).
    Removing lcd1602.o(.text.LCD1602_PrintNum), (44 bytes).
    Removing lcd1602.o(.ARM.exidx.text.LCD1602_PrintNum), (8 bytes).
    Removing lcd1602.o(.text.itoa), (118 bytes).
    Removing lcd1602.o(.ARM.exidx.text.itoa), (8 bytes).
    Removing lcd1602.o(.ARM.exidx.text.LCD1602_Backlight), (8 bytes).
    Removing lcd1602.o(.ARM.exidx.text.PCF8574_Write), (8 bytes).
    Removing lcd1602.o(.ARM.exidx.text.LCD1602_Write4), (8 bytes).
    Removing lcd1602.o(.ARM.exidx.text.LCD1602_BF_AC), (8 bytes).
    Removing lcd1602.o(.text.LCD1602_PL_CH), (196 bytes).
    Removing lcd1602.o(.ARM.exidx.text.LCD1602_PL_CH), (8 bytes).
    Removing lcd1602.o(.text.LCD1602_PrintPL), (136 bytes).
    Removing lcd1602.o(.ARM.exidx.text.LCD1602_PrintPL), (8 bytes).
    Removing lcd1602.o(.data.PL_CH_a_), (8 bytes).
    Removing lcd1602.o(.data.PL_CH_c_), (8 bytes).
    Removing lcd1602.o(.data.PL_CH_e_), (8 bytes).
    Removing lcd1602.o(.data.PL_CH_l_), (8 bytes).
    Removing lcd1602.o(.data.PL_CH_n_), (8 bytes).
    Removing lcd1602.o(.data.PL_CH_o_), (8 bytes).
    Removing lcd1602.o(.data.PL_CH_s_), (8 bytes).
    Removing lcd1602.o(.data.PL_CH_z_), (8 bytes).
    Removing lcd1602.o(.data.PL_CH_z__), (8 bytes).
    Removing spi.o(.text), (0 bytes).
    Removing spi.o(.ARM.exidx.text.spi_init), (8 bytes).
    Removing spi.o(.ARM.exidx.text.spi_master_write), (8 bytes).
    Removing spi.o(.text.spi_slave_receive), (10 bytes).
    Removing spi.o(.ARM.exidx.text.spi_slave_receive), (8 bytes).
    Removing spi.o(.text.spi_slave_read), (12 bytes).
    Removing spi.o(.ARM.exidx.text.spi_slave_read), (8 bytes).
    Removing spi.o(.text.spi_slave_write), (24 bytes).
    Removing spi.o(.ARM.exidx.text.spi_slave_write), (8 bytes).
    Removing spi.o(.ARM.exidx.text.spi_writeable), (8 bytes).
    Removing spi.o(.ARM.exidx.text.spi_readable), (8 bytes).
    Removing mfrc522.o(.text), (0 bytes).
    Removing mfrc522.o(.text.mfrc522_init), (104 bytes).
    Removing mfrc522.o(.ARM.exidx.text.mfrc522_init), (8 bytes).
    Removing mfrc522.o(.text.mfrc522_reset), (48 bytes).
    Removing mfrc522.o(.ARM.exidx.text.mfrc522_reset), (8 bytes).
    Removing mfrc522.o(.text.mfrc522_write), (30 bytes).
    Removing mfrc522.o(.ARM.exidx.text.mfrc522_write), (8 bytes).
    Removing mfrc522.o(.text.mfrc522_read), (34 bytes).
    Removing mfrc522.o(.ARM.exidx.text.mfrc522_read), (8 bytes).
    Removing mfrc522.o(.text.mfrc522_select), (16 bytes).
    Removing mfrc522.o(.ARM.exidx.text.mfrc522_select), (8 bytes).
    Removing mfrc522.o(.text.mfrc522_deselect), (16 bytes).
    Removing mfrc522.o(.ARM.exidx.text.mfrc522_deselect), (8 bytes).
    Removing mfrc522.o(.text.mfrc522_get_version), (10 bytes).
    Removing mfrc522.o(.ARM.exidx.text.mfrc522_get_version), (8 bytes).
    Removing rfid.o(.text), (0 bytes).
    Removing rfid.o(.ARM.exidx.text.Write_MFRC522), (8 bytes).
    Removing rfid.o(.ARM.exidx.text.Read_MFRC522), (8 bytes).
    Removing rfid.o(.ARM.exidx.text.SetBitMask), (8 bytes).
    Removing rfid.o(.ARM.exidx.text.ClearBitMask), (8 bytes).
    Removing rfid.o(.ARM.exidx.text.AntennaOn), (8 bytes).
    Removing rfid.o(.text.AntennaOff), (12 bytes).
    Removing rfid.o(.ARM.exidx.text.AntennaOff), (8 bytes).
    Removing rfid.o(.ARM.exidx.text.MFRC522_Reset), (8 bytes).
    Removing rfid.o(.ARM.exidx.text.MFRC522_Init), (8 bytes).
    Removing rfid.o(.ARM.exidx.text.MFRC522_ToCard), (8 bytes).
    Removing rfid.o(.ARM.exidx.text.MFRC522_Request), (8 bytes).
    Removing rfid.o(.ARM.exidx.text.MFRC522_Anticoll), (8 bytes).
    Removing rfid.o(.text.CalulateCRC), (94 bytes).
    Removing rfid.o(.ARM.exidx.text.CalulateCRC), (8 bytes).
    Removing rfid.o(.text.MFRC522_SelectTag), (80 bytes).
    Removing rfid.o(.ARM.exidx.text.MFRC522_SelectTag), (8 bytes).
    Removing rfid.o(.text.MFRC522_Auth), (80 bytes).
    Removing rfid.o(.ARM.exidx.text.MFRC522_Auth), (8 bytes).
    Removing rfid.o(.text.MFRC522_Read), (62 bytes).
    Removing rfid.o(.ARM.exidx.text.MFRC522_Read), (8 bytes).
    Removing rfid.o(.text.MFRC522_Write), (220 bytes).
    Removing rfid.o(.ARM.exidx.text.MFRC522_Write), (8 bytes).
    Removing rfid.o(.text.MFRC522_Halt), (44 bytes).
    Removing rfid.o(.ARM.exidx.text.MFRC522_Halt), (8 bytes).
    Removing users.o(.text), (0 bytes).
    Removing users.o(.ARM.exidx.text.isUserInRoom), (8 bytes).
    Removing users.o(.ARM.exidx.text.toggleUserInRoom), (8 bytes).
    Removing rooms.o(.text), (0 bytes).
    Removing rooms.o(.ARM.exidx.text.switchRoomDown), (8 bytes).
    Removing rooms.o(.ARM.exidx.text.switchRoomUp), (8 bytes).
    Removing system_mkl05z4.o(.text), (0 bytes).
    Removing system_mkl05z4.o(.ARM.exidx.text.SystemInit), (8 bytes).
    Removing system_mkl05z4.o(.text.SystemCoreClockUpdate), (184 bytes).
    Removing system_mkl05z4.o(.ARM.exidx.text.SystemCoreClockUpdate), (8 bytes).

135 unused section(s) (total 2826 bytes) removed from the image.

==============================================================================

Image Symbol Table

    Local Symbols

    Symbol Name                              Value     Ov Type        Size  Object(Section)

    ../clib/angel/boardlib.s                 0x00000000   Number         0  boardinit1.o ABSOLUTE
    ../clib/angel/boardlib.s                 0x00000000   Number         0  boardinit2.o ABSOLUTE
    ../clib/angel/boardlib.s                 0x00000000   Number         0  boardinit3.o ABSOLUTE
    ../clib/angel/boardlib.s                 0x00000000   Number         0  boardshut.o ABSOLUTE
    ../clib/angel/handlers.s                 0x00000000   Number         0  __scatter_copy.o ABSOLUTE
    ../clib/angel/handlers.s                 0x00000000   Number         0  __scatter_zi.o ABSOLUTE
    ../clib/angel/kernel.s                   0x00000000   Number         0  __rtentry.o ABSOLUTE
    ../clib/angel/kernel.s                   0x00000000   Number         0  __rtentry2.o ABSOLUTE
    ../clib/angel/kernel.s                   0x00000000   Number         0  __rtentry4.o ABSOLUTE
    ../clib/angel/kernel.s                   0x00000000   Number         0  rtexit.o ABSOLUTE
    ../clib/angel/kernel.s                   0x00000000   Number         0  rtexit2.o ABSOLUTE
    ../clib/angel/rt.s                       0x00000000   Number         0  aeabi_idiv0.o ABSOLUTE
    ../clib/angel/rt.s                       0x00000000   Number         0  aeabi_idiv0_sigfpe.o ABSOLUTE
    ../clib/angel/rt.s                       0x00000000   Number         0  rt_errno_addr.o ABSOLUTE
    ../clib/angel/rt.s                       0x00000000   Number         0  rt_errno_addr_intlibspace.o ABSOLUTE
    ../clib/angel/rt.s                       0x00000000   Number         0  rt_ctype_table.o ABSOLUTE
    ../clib/angel/rt.s                       0x00000000   Number         0  rt_div0.o ABSOLUTE
    ../clib/angel/rt.s                       0x00000000   Number         0  rt_locale.o ABSOLUTE
    ../clib/angel/rt.s                       0x00000000   Number         0  rt_locale_intlibspace.o ABSOLUTE
    ../clib/angel/rt.s                       0x00000000   Number         0  rt_raise.o ABSOLUTE
    ../clib/angel/scatterp.s                 0x00000000   Number         0  __scatter.o ABSOLUTE
    ../clib/angel/startup.s                  0x00000000   Number         0  __main.o ABSOLUTE
    ../clib/angel/sys.s                      0x00000000   Number         0  libspace.o ABSOLUTE
    ../clib/angel/sys.s                      0x00000000   Number         0  sys_stackheap_outer.o ABSOLUTE
    ../clib/angel/sys.s                      0x00000000   Number         0  tempstk.o ABSOLUTE
    ../clib/angel/sys.s                      0x00000000   Number         0  use_no_semi.o ABSOLUTE
    ../clib/angel/sys.s                      0x00000000   Number         0  indicate_semi.o ABSOLUTE
    ../clib/angel/sysapp.c                   0x00000000   Number         0  sys_exit.o ABSOLUTE
    ../clib/angel/sysapp.c                   0x00000000   Number         0  sys_exit_hlt.o ABSOLUTE
    ../clib/angel/sysapp.c                   0x00000000   Number         0  sys_wrch.o ABSOLUTE
    ../clib/angel/sysapp.c                   0x00000000   Number         0  sys_wrch_hlt.o ABSOLUTE
    ../clib/angel/sysapp.c                   0x00000000   Number         0  sys_command.o ABSOLUTE
    ../clib/angel/sysapp.c                   0x00000000   Number         0  sys_command_hlt.o ABSOLUTE
    ../clib/armsys.c                         0x00000000   Number         0  argv_veneer.o ABSOLUTE
    ../clib/armsys.c                         0x00000000   Number         0  _get_argv_nomalloc.o ABSOLUTE
    ../clib/armsys.c                         0x00000000   Number         0  no_argv.o ABSOLUTE
    ../clib/division.c                       0x00000000   Number         0  rtudiv10.o ABSOLUTE
    ../clib/division.s                       0x00000000   Number         0  aeabi_sdivfast.o ABSOLUTE
    ../clib/division.s                       0x00000000   Number         0  aeabi_sdivfast_div0.o ABSOLUTE
    ../clib/heapalloc.c                      0x00000000   Number         0  hrguard.o ABSOLUTE
    ../clib/heapaux.c                        0x00000000   Number         0  heapauxi.o ABSOLUTE
    ../clib/libinit.s                        0x00000000   Number         0  libinit.o ABSOLUTE
    ../clib/libinit.s                        0x00000000   Number         0  libinit2.o ABSOLUTE
    ../clib/libinit.s                        0x00000000   Number         0  libshutdown.o ABSOLUTE
    ../clib/libinit.s                        0x00000000   Number         0  libshutdown2.o ABSOLUTE
    ../clib/locale.s                         0x00000000   Number         0  lc_ctype_c.o ABSOLUTE
    ../clib/memcpset.c                       0x00000000   Number         0  rt_memcpy.o ABSOLUTE
    ../clib/memcpset.c                       0x00000000   Number         0  rt_memcpy.o ABSOLUTE
    ../clib/memcpset.c                       0x00000000   Number         0  rt_memclr.o ABSOLUTE
    ../clib/memcpset.s                       0x00000000   Number         0  strcmpv6m.o ABSOLUTE
    ../clib/printf.c                         0x00000000   Number         0  __2sprintf.o ABSOLUTE
    ../clib/printf.c                         0x00000000   Number         0  noretval__2sprintf.o ABSOLUTE
    ../clib/printf.c                         0x00000000   Number         0  __printf.o ABSOLUTE
    ../clib/printf.c                         0x00000000   Number         0  _printf_dec.o ABSOLUTE
    ../clib/printf.c                         0x00000000   Number         0  _printf_hex_ll.o ABSOLUTE
    ../clib/printf.c                         0x00000000   Number         0  _printf_hex_int.o ABSOLUTE
    ../clib/printf.c                         0x00000000   Number         0  _printf_hex_int_ll.o ABSOLUTE
    ../clib/printf.c                         0x00000000   Number         0  _printf_hex_ptr.o ABSOLUTE
    ../clib/printf.c                         0x00000000   Number         0  _printf_hex_int_ptr.o ABSOLUTE
    ../clib/printf.c                         0x00000000   Number         0  _printf_hex_ll_ptr.o ABSOLUTE
    ../clib/printf.c                         0x00000000   Number         0  _printf_hex_int_ll_ptr.o ABSOLUTE
    ../clib/printf.c                         0x00000000   Number         0  __printf_flags.o ABSOLUTE
    ../clib/printf.c                         0x00000000   Number         0  __printf_ss.o ABSOLUTE
    ../clib/printf.c                         0x00000000   Number         0  __printf_flags_ss.o ABSOLUTE
    ../clib/printf.c                         0x00000000   Number         0  __printf_wp.o ABSOLUTE
    ../clib/printf.c                         0x00000000   Number         0  __printf_flags_wp.o ABSOLUTE
    ../clib/printf.c                         0x00000000   Number         0  __printf_ss_wp.o ABSOLUTE
    ../clib/printf.c                         0x00000000   Number         0  __printf_flags_ss_wp.o ABSOLUTE
    ../clib/printf.c                         0x00000000   Number         0  _printf_intcommon.o ABSOLUTE
    ../clib/printf.c                         0x00000000   Number         0  _printf_char_common.o ABSOLUTE
    ../clib/printf.c                         0x00000000   Number         0  _sputc.o ABSOLUTE
    ../clib/printf.c                         0x00000000   Number         0  __printf_nopercent.o ABSOLUTE
    ../clib/printf_percent.s                 0x00000000   Number         0  _printf_x.o ABSOLUTE
    ../clib/printf_percent.s                 0x00000000   Number         0  _printf_d.o ABSOLUTE
    ../clib/printf_percent.s                 0x00000000   Number         0  _printf_percent.o ABSOLUTE
    ../clib/printf_percent.s                 0x00000000   Number         0  _printf_percent_end.o ABSOLUTE
    ../clib/scanf.c                          0x00000000   Number         0  atoi.o ABSOLUTE
    ../clib/scanf.c                          0x00000000   Number         0  strtol.o ABSOLUTE
    ../clib/scanf.c                          0x00000000   Number         0  _strtoul.o ABSOLUTE
    ../clib/scanf.c                          0x00000000   Number         0  _chval.o ABSOLUTE
    ../clib/signal.c                         0x00000000   Number         0  defsig_fpe_outer.o ABSOLUTE
    ../clib/signal.c                         0x00000000   Number         0  defsig_fpe_formal.o ABSOLUTE
    ../clib/signal.c                         0x00000000   Number         0  defsig_exit.o ABSOLUTE
    ../clib/signal.c                         0x00000000   Number         0  defsig_fpe_inner.o ABSOLUTE
    ../clib/signal.c                         0x00000000   Number         0  __raise.o ABSOLUTE
    ../clib/signal.c                         0x00000000   Number         0  defsig_general.o ABSOLUTE
    ../clib/signal.c                         0x00000000   Number         0  defsig_abrt_inner.o ABSOLUTE
    ../clib/signal.c                         0x00000000   Number         0  defsig_rtred_inner.o ABSOLUTE
    ../clib/signal.c                         0x00000000   Number         0  defsig_rtmem_inner.o ABSOLUTE
    ../clib/signal.c                         0x00000000   Number         0  defsig_rtmem_outer.o ABSOLUTE
    ../clib/signal.c                         0x00000000   Number         0  defsig_rtmem_formal.o ABSOLUTE
    ../clib/signal.c                         0x00000000   Number         0  defsig_stak_inner.o ABSOLUTE
    ../clib/signal.c                         0x00000000   Number         0  defsig_pvfn_inner.o ABSOLUTE
    ../clib/signal.c                         0x00000000   Number         0  defsig_cppl_inner.o ABSOLUTE
    ../clib/signal.c                         0x00000000   Number         0  defsig_segv_inner.o ABSOLUTE
    ../clib/signal.c                         0x00000000   Number         0  defsig_other.o ABSOLUTE
    ../clib/signal.s                         0x00000000   Number         0  defsig.o ABSOLUTE
    ../clib/stdlib.c                         0x00000000   Number         0  exit.o ABSOLUTE
    ../clib/string.c                         0x00000000   Number         0  strcpy.o ABSOLUTE
    ../fplib/cfplib/fpinit.c                 0x00000000   Number         0  fpinit.o ABSOLUTE
    RTE/Device/MKL05Z32xxx4/startup_MKL05Z4.s 0x00000000   Number         0  startup_mkl05z4.o ABSOLUTE
    dc.s                                     0x00000000   Number         0  dc.o ABSOLUTE
    i2c.c                                    0x00000000   Number         0  i2c.o ABSOLUTE
    klaw.c                                   0x00000000   Number         0  klaw.o ABSOLUTE
    lcd1602.c                                0x00000000   Number         0  lcd1602.o ABSOLUTE
    main.c                                   0x00000000   Number         0  main.o ABSOLUTE
    mfrc522.c                                0x00000000   Number         0  mfrc522.o ABSOLUTE
    rfid.c                                   0x00000000   Number         0  rfid.o ABSOLUTE
    rooms.c                                  0x00000000   Number         0  rooms.o ABSOLUTE
    spi.c                                    0x00000000   Number         0  spi.o ABSOLUTE
    system_MKL05Z4.c                         0x00000000   Number         0  system_mkl05z4.o ABSOLUTE
    users.c                                  0x00000000   Number         0  users.o ABSOLUTE
    RESET                                    0x00000000   Section      192  startup_mkl05z4.o(RESET)
    !!!main                                  0x000000c0   Section        8  __main.o(!!!main)
    !!!scatter                               0x000000c8   Section       60  __scatter.o(!!!scatter)
    !!handler_copy                           0x00000104   Section       26  __scatter_copy.o(!!handler_copy)
    !!handler_zi                             0x00000120   Section       28  __scatter_zi.o(!!handler_zi)
    .ARM.Collect$$_printf_percent$$00000000  0x0000013c   Section        2  _printf_percent.o(.ARM.Collect$$_printf_percent$$00000000)
    .ARM.Collect$$_printf_percent$$00000009  0x0000013e   Section       10  _printf_d.o(.ARM.Collect$$_printf_percent$$00000009)
    .ARM.Collect$$_printf_percent$$0000000C  0x00000148   Section       10  _printf_x.o(.ARM.Collect$$_printf_percent$$0000000C)
    .ARM.Collect$$_printf_percent$$00000017  0x00000152   Section        4  _printf_percent_end.o(.ARM.Collect$$_printf_percent$$00000017)
    .ARM.Collect$$libinit$$00000000          0x00000156   Section        2  libinit.o(.ARM.Collect$$libinit$$00000000)
    .ARM.Collect$$libinit$$00000002          0x00000158   Section        0  libinit2.o(.ARM.Collect$$libinit$$00000002)
    .ARM.Collect$$libinit$$00000004          0x00000158   Section        0  libinit2.o(.ARM.Collect$$libinit$$00000004)
    .ARM.Collect$$libinit$$0000000A          0x00000158   Section        0  libinit2.o(.ARM.Collect$$libinit$$0000000A)
    .ARM.Collect$$libinit$$0000000C          0x00000158   Section        0  libinit2.o(.ARM.Collect$$libinit$$0000000C)
    .ARM.Collect$$libinit$$0000000E          0x00000158   Section        0  libinit2.o(.ARM.Collect$$libinit$$0000000E)
    .ARM.Collect$$libinit$$0000000F          0x00000158   Section        6  libinit2.o(.ARM.Collect$$libinit$$0000000F)
    .ARM.Collect$$libinit$$00000011          0x0000015e   Section        0  libinit2.o(.ARM.Collect$$libinit$$00000011)
    .ARM.Collect$$libinit$$00000012          0x0000015e   Section       12  libinit2.o(.ARM.Collect$$libinit$$00000012)
    .ARM.Collect$$libinit$$00000013          0x0000016a   Section        0  libinit2.o(.ARM.Collect$$libinit$$00000013)
    .ARM.Collect$$libinit$$00000015          0x0000016a   Section        0  libinit2.o(.ARM.Collect$$libinit$$00000015)
    .ARM.Collect$$libinit$$00000017          0x0000016a   Section        0  libinit2.o(.ARM.Collect$$libinit$$00000017)
    .ARM.Collect$$libinit$$00000019          0x0000016a   Section        0  libinit2.o(.ARM.Collect$$libinit$$00000019)
    .ARM.Collect$$libinit$$0000001B          0x0000016a   Section        0  libinit2.o(.ARM.Collect$$libinit$$0000001B)
    .ARM.Collect$$libinit$$0000001D          0x0000016a   Section        0  libinit2.o(.ARM.Collect$$libinit$$0000001D)
    .ARM.Collect$$libinit$$0000001F          0x0000016a   Section        0  libinit2.o(.ARM.Collect$$libinit$$0000001F)
    .ARM.Collect$$libinit$$00000021          0x0000016a   Section        0  libinit2.o(.ARM.Collect$$libinit$$00000021)
    .ARM.Collect$$libinit$$00000023          0x0000016a   Section        0  libinit2.o(.ARM.Collect$$libinit$$00000023)
    .ARM.Collect$$libinit$$00000025          0x0000016a   Section        0  libinit2.o(.ARM.Collect$$libinit$$00000025)
    .ARM.Collect$$libinit$$0000002C          0x0000016a   Section        0  libinit2.o(.ARM.Collect$$libinit$$0000002C)
    .ARM.Collect$$libinit$$0000002E          0x0000016a   Section        0  libinit2.o(.ARM.Collect$$libinit$$0000002E)
    .ARM.Collect$$libinit$$00000030          0x0000016a   Section        0  libinit2.o(.ARM.Collect$$libinit$$00000030)
    .ARM.Collect$$libinit$$00000032          0x0000016a   Section        0  libinit2.o(.ARM.Collect$$libinit$$00000032)
    .ARM.Collect$$libinit$$00000033          0x0000016a   Section        2  libinit2.o(.ARM.Collect$$libinit$$00000033)
    .ARM.Collect$$libshutdown$$00000000      0x0000016c   Section        2  libshutdown.o(.ARM.Collect$$libshutdown$$00000000)
    .ARM.Collect$$libshutdown$$00000002      0x0000016e   Section        0  libshutdown2.o(.ARM.Collect$$libshutdown$$00000002)
    .ARM.Collect$$libshutdown$$00000004      0x0000016e   Section        0  libshutdown2.o(.ARM.Collect$$libshutdown$$00000004)
    .ARM.Collect$$libshutdown$$00000007      0x0000016e   Section        0  libshutdown2.o(.ARM.Collect$$libshutdown$$00000007)
    .ARM.Collect$$libshutdown$$0000000A      0x0000016e   Section        0  libshutdown2.o(.ARM.Collect$$libshutdown$$0000000A)
    .ARM.Collect$$libshutdown$$0000000C      0x0000016e   Section        0  libshutdown2.o(.ARM.Collect$$libshutdown$$0000000C)
    .ARM.Collect$$libshutdown$$0000000F      0x0000016e   Section        0  libshutdown2.o(.ARM.Collect$$libshutdown$$0000000F)
    .ARM.Collect$$libshutdown$$00000010      0x0000016e   Section        2  libshutdown2.o(.ARM.Collect$$libshutdown$$00000010)
    .ARM.Collect$$rtentry$$00000000          0x00000170   Section        0  __rtentry.o(.ARM.Collect$$rtentry$$00000000)
    .ARM.Collect$$rtentry$$00000002          0x00000170   Section        0  __rtentry2.o(.ARM.Collect$$rtentry$$00000002)
    .ARM.Collect$$rtentry$$00000004          0x00000170   Section        6  __rtentry4.o(.ARM.Collect$$rtentry$$00000004)
    .ARM.Collect$$rtentry$$00000009          0x00000176   Section        0  __rtentry2.o(.ARM.Collect$$rtentry$$00000009)
    .ARM.Collect$$rtentry$$0000000A          0x00000176   Section        4  __rtentry2.o(.ARM.Collect$$rtentry$$0000000A)
    .ARM.Collect$$rtentry$$0000000C          0x0000017a   Section        0  __rtentry2.o(.ARM.Collect$$rtentry$$0000000C)
    .ARM.Collect$$rtentry$$0000000D          0x0000017a   Section        8  __rtentry2.o(.ARM.Collect$$rtentry$$0000000D)
    .ARM.Collect$$rtexit$$00000000           0x00000182   Section        2  rtexit.o(.ARM.Collect$$rtexit$$00000000)
    .ARM.Collect$$rtexit$$00000002           0x00000184   Section        0  rtexit2.o(.ARM.Collect$$rtexit$$00000002)
    .ARM.Collect$$rtexit$$00000003           0x00000184   Section        4  rtexit2.o(.ARM.Collect$$rtexit$$00000003)
    .ARM.Collect$$rtexit$$00000004           0x00000188   Section        6  rtexit2.o(.ARM.Collect$$rtexit$$00000004)
    .text                                    0x00000190   Section       52  startup_mkl05z4.o(.text)
    .text                                    0x000001c4   Section        0  noretval__2sprintf.o(.text)
    .text                                    0x000001ec   Section        0  __printf.o(.text)
    .text                                    0x00000258   Section        0  _printf_dec.o(.text)
    .text                                    0x000002c4   Section        0  _printf_hex_int.o(.text)
    .text                                    0x0000031c   Section        0  atoi.o(.text)
    .text                                    0x00000338   Section        0  strcpy.o(.text)
    .text                                    0x00000384   Section        0  rt_memclr.o(.text)
    .text                                    0x000003c4   Section        0  heapauxi.o(.text)
    .text                                    0x000003cc   Section        8  rt_errno_addr_intlibspace.o(.text)
    .text                                    0x000003d4   Section        0  _sputc.o(.text)
    .text                                    0x000003e0   Section        8  libspace.o(.text)
    .text                                    0x000003e8   Section       16  rt_ctype_table.o(.text)
    .text                                    0x000003f8   Section        8  rt_locale_intlibspace.o(.text)
    .ARM.__at_0x400                          0x00000400   Section       16  startup_mkl05z4.o(.ARM.__at_0x400)
    .text                                    0x00000410   Section      176  strcmpv6m.o(.text)
    .text                                    0x000004c0   Section        0  _printf_intcommon.o(.text)
    _printf_input_char                       0x00000571   Thumb Code    10  _printf_char_common.o(.text)
    .text                                    0x00000570   Section        0  _printf_char_common.o(.text)
    .text                                    0x000005a0   Section        0  strtol.o(.text)
    .text                                    0x00000610   Section        0  rtudiv10.o(.text)
    .text                                    0x00000638   Section        0  _strtoul.o(.text)
    .text                                    0x000006de   Section       62  sys_stackheap_outer.o(.text)
    .text                                    0x0000071c   Section        0  _chval.o(.text)
    .text                                    0x0000073a   Section        0  exit.o(.text)
    .text                                    0x0000074c   Section        0  sys_exit.o(.text)
    .text                                    0x00000758   Section        2  use_no_semi.o(.text)
    [Anonymous Symbol]                       0x0000075a   Section        0  rfid.o(.text.AntennaOn)
    .text                                    0x0000075a   Section        0  indicate_semi.o(.text)
    [Anonymous Symbol]                       0x0000076e   Section        0  rfid.o(.text.ClearBitMask)
    [Anonymous Symbol]                       0x00000784   Section        0  i2c.o(.text.I2C_Init)
    __arm_cp.0_0                             0x000007c4   Number         4  i2c.o(.text.I2C_Init)
    __arm_cp.0_1                             0x000007c8   Number         4  i2c.o(.text.I2C_Init)
    __arm_cp.0_2                             0x000007cc   Number         4  i2c.o(.text.I2C_Init)
    [Anonymous Symbol]                       0x000007d0   Section        0  i2c.o(.text.I2C_Read)
    __arm_cp.10_1                            0x0000081c   Number         4  i2c.o(.text.I2C_Read)
    [Anonymous Symbol]                       0x00000820   Section        0  i2c.o(.text.I2C_Write)
    __arm_cp.9_0                             0x0000085c   Number         4  i2c.o(.text.I2C_Write)
    [Anonymous Symbol]                       0x00000860   Section        0  klaw.o(.text.Klaw_Init)
    __arm_cp.0_0                             0x000008a4   Number         4  klaw.o(.text.Klaw_Init)
    __arm_cp.0_1                             0x000008a8   Number         4  klaw.o(.text.Klaw_Init)
    [Anonymous Symbol]                       0x000008ac   Section        0  klaw.o(.text.Klaw_S2_4_Int)
    __arm_cp.1_0                             0x000008d4   Number         4  klaw.o(.text.Klaw_S2_4_Int)
    [Anonymous Symbol]                       0x000008d8   Section        0  lcd1602.o(.text.LCD1602_BF_AC)
    [Anonymous Symbol]                       0x000009a0   Section        0  lcd1602.o(.text.LCD1602_Backlight)
    __arm_cp.11_0                            0x000009b0   Number         4  lcd1602.o(.text.LCD1602_Backlight)
    [Anonymous Symbol]                       0x000009b4   Section        0  lcd1602.o(.text.LCD1602_CheckAddress)
    __arm_cp.1_0                             0x000009dc   Number         4  lcd1602.o(.text.LCD1602_CheckAddress)
    [Anonymous Symbol]                       0x000009e0   Section        0  lcd1602.o(.text.LCD1602_ClearAll)
    [Anonymous Symbol]                       0x000009ec   Section        0  lcd1602.o(.text.LCD1602_Init)
    __arm_cp.0_0                             0x00000a34   Number         4  lcd1602.o(.text.LCD1602_Init)
    [Anonymous Symbol]                       0x00000a38   Section        0  lcd1602.o(.text.LCD1602_Print)
    [Anonymous Symbol]                       0x00000a58   Section        0  lcd1602.o(.text.LCD1602_SetCursor)
    [Anonymous Symbol]                       0x00000a76   Section        0  lcd1602.o(.text.LCD1602_Write4)
    [Anonymous Symbol]                       0x00000a90   Section        0  lcd1602.o(.text.LCD1602_Write8)
    [Anonymous Symbol]                       0x00000ab8   Section        0  rfid.o(.text.MFRC522_Anticoll)
    [Anonymous Symbol]                       0x00000b04   Section        0  rfid.o(.text.MFRC522_Init)
    __arm_cp.7_0                             0x00000b6c   Number         4  rfid.o(.text.MFRC522_Init)
    __arm_cp.7_1                             0x00000b70   Number         4  rfid.o(.text.MFRC522_Init)
    __arm_cp.7_2                             0x00000b74   Number         4  rfid.o(.text.MFRC522_Init)
    [Anonymous Symbol]                       0x00000b78   Section        0  rfid.o(.text.MFRC522_Request)
    [Anonymous Symbol]                       0x00000bba   Section        0  rfid.o(.text.MFRC522_Reset)
    [Anonymous Symbol]                       0x00000bc8   Section        0  rfid.o(.text.MFRC522_ToCard)
    __arm_cp.8_0                             0x00000ccc   Number         4  rfid.o(.text.MFRC522_ToCard)
    [Anonymous Symbol]                       0x00000cd0   Section        0  lcd1602.o(.text.PCF8574_Write)
    __arm_cp.12_0                            0x00000cf4   Number         4  lcd1602.o(.text.PCF8574_Write)
    __arm_cp.12_1                            0x00000cf8   Number         4  lcd1602.o(.text.PCF8574_Write)
    [Anonymous Symbol]                       0x00000cfc   Section        0  main.o(.text.PORTA_IRQHandler)
    __arm_cp.0_0                             0x00000da4   Number         4  main.o(.text.PORTA_IRQHandler)
    __arm_cp.0_1                             0x00000da8   Number         4  main.o(.text.PORTA_IRQHandler)
    __arm_cp.0_2                             0x00000dac   Number         4  main.o(.text.PORTA_IRQHandler)
    __arm_cp.0_3                             0x00000db0   Number         4  main.o(.text.PORTA_IRQHandler)
    __arm_cp.0_4                             0x00000db4   Number         4  main.o(.text.PORTA_IRQHandler)
    __arm_cp.0_5                             0x00000db8   Number         4  main.o(.text.PORTA_IRQHandler)
    [Anonymous Symbol]                       0x00000dbc   Section        0  rfid.o(.text.Read_MFRC522)
    [Anonymous Symbol]                       0x00000ddc   Section        0  rfid.o(.text.SetBitMask)
    [Anonymous Symbol]                       0x00000df4   Section        0  system_mkl05z4.o(.text.SystemInit)
    __arm_cp.0_0                             0x00000e30   Number         4  system_mkl05z4.o(.text.SystemInit)
    __arm_cp.0_1                             0x00000e34   Number         4  system_mkl05z4.o(.text.SystemInit)
    __arm_cp.0_2                             0x00000e38   Number         4  system_mkl05z4.o(.text.SystemInit)
    __arm_cp.0_3                             0x00000e3c   Number         4  system_mkl05z4.o(.text.SystemInit)
    [Anonymous Symbol]                       0x00000e40   Section        0  rfid.o(.text.Write_MFRC522)
    __arm_cp.0_0                             0x00000e60   Number         4  rfid.o(.text.Write_MFRC522)
    __NVIC_ClearPendingIRQ                   0x00000e65   Thumb Code    12  main.o(.text.__NVIC_ClearPendingIRQ)
    [Anonymous Symbol]                       0x00000e64   Section        0  main.o(.text.__NVIC_ClearPendingIRQ)
    __NVIC_ClearPendingIRQ                   0x00000e71   Thumb Code    12  klaw.o(.text.__NVIC_ClearPendingIRQ)
    [Anonymous Symbol]                       0x00000e70   Section        0  klaw.o(.text.__NVIC_ClearPendingIRQ)
    __arm_cp.3_0                             0x00000e7c   Number         4  klaw.o(.text.__NVIC_ClearPendingIRQ)
    __NVIC_EnableIRQ                         0x00000e81   Thumb Code    12  klaw.o(.text.__NVIC_EnableIRQ)
    [Anonymous Symbol]                       0x00000e80   Section        0  klaw.o(.text.__NVIC_EnableIRQ)
    __arm_cp.4_0                             0x00000e8c   Number         4  klaw.o(.text.__NVIC_EnableIRQ)
    __NVIC_SetPriority                       0x00000e91   Thumb Code    20  klaw.o(.text.__NVIC_SetPriority)
    [Anonymous Symbol]                       0x00000e90   Section        0  klaw.o(.text.__NVIC_SetPriority)
    __arm_cp.2_0                             0x00000ea4   Number         4  klaw.o(.text.__NVIC_SetPriority)
    [Anonymous Symbol]                       0x00000ea8   Section        0  main.o(.text.handleRfidAccess)
    __arm_cp.3_5                             0x00000f08   Number         4  main.o(.text.handleRfidAccess)
    __arm_cp.3_6                             0x00000f0c   Number         4  main.o(.text.handleRfidAccess)
    __arm_cp.3_7                             0x00000f10   Number         4  main.o(.text.handleRfidAccess)
    [Anonymous Symbol]                       0x00000f14   Section        0  main.o(.text.handleUsersAdministrate)
    __arm_cp.2_0                             0x00000f84   Number         4  main.o(.text.handleUsersAdministrate)
    __arm_cp.2_2                             0x00000f9c   Number         4  main.o(.text.handleUsersAdministrate)
    __arm_cp.2_3                             0x00000fa0   Number         4  main.o(.text.handleUsersAdministrate)
    __arm_cp.2_4                             0x00000fa4   Number         4  main.o(.text.handleUsersAdministrate)
    __arm_cp.2_5                             0x00000fa8   Number         4  main.o(.text.handleUsersAdministrate)
    __arm_cp.2_6                             0x00000fac   Number         4  main.o(.text.handleUsersAdministrate)
    [Anonymous Symbol]                       0x00000fb0   Section        0  i2c.o(.text.i2c_clr_IICIF)
    [Anonymous Symbol]                       0x00000fbc   Section        0  i2c.o(.text.i2c_disable)
    [Anonymous Symbol]                       0x00000fc8   Section        0  i2c.o(.text.i2c_enable)
    [Anonymous Symbol]                       0x00000fd4   Section        0  i2c.o(.text.i2c_m_start)
    [Anonymous Symbol]                       0x00000fe0   Section        0  i2c.o(.text.i2c_m_stop)
    [Anonymous Symbol]                       0x00000fec   Section        0  i2c.o(.text.i2c_nack)
    [Anonymous Symbol]                       0x00000ff8   Section        0  i2c.o(.text.i2c_rec)
    [Anonymous Symbol]                       0x00001004   Section        0  i2c.o(.text.i2c_recv)
    [Anonymous Symbol]                       0x0000100c   Section        0  i2c.o(.text.i2c_send)
    __arm_cp.5_0                             0x00001014   Number         4  i2c.o(.text.i2c_send)
    [Anonymous Symbol]                       0x00001018   Section        0  i2c.o(.text.i2c_tran)
    __arm_cp.3_0                             0x00001024   Number         4  i2c.o(.text.i2c_tran)
    [Anonymous Symbol]                       0x00001028   Section        0  i2c.o(.text.i2c_wait)
    __arm_cp.6_0                             0x00001078   Number         4  i2c.o(.text.i2c_wait)
    __arm_cp.6_1                             0x0000107c   Number         4  i2c.o(.text.i2c_wait)
    __arm_cp.6_2                             0x00001080   Number         4  i2c.o(.text.i2c_wait)
    [Anonymous Symbol]                       0x00001084   Section        0  users.o(.text.isUserInRoom)
    __arm_cp.0_2                             0x000010f8   Number         4  users.o(.text.isUserInRoom)
    [Anonymous Symbol]                       0x000010fc   Section        0  main.o(.text.main)
    __arm_cp.4_2                             0x000011b8   Number         4  main.o(.text.main)
    __arm_cp.4_4                             0x000011cc   Number         4  main.o(.text.main)
    __arm_cp.4_5                             0x000011d0   Number         4  main.o(.text.main)
    __arm_cp.4_6                             0x000011d4   Number         4  main.o(.text.main)
    __arm_cp.4_7                             0x000011d8   Number         4  main.o(.text.main)
    [Anonymous Symbol]                       0x000011dc   Section        0  spi.o(.text.spi_init)
    __arm_cp.0_0                             0x000012b4   Number         4  spi.o(.text.spi_init)
    __arm_cp.0_1                             0x000012b8   Number         4  spi.o(.text.spi_init)
    __arm_cp.0_2                             0x000012bc   Number         4  spi.o(.text.spi_init)
    __arm_cp.0_3                             0x000012c0   Number         4  spi.o(.text.spi_init)
    __arm_cp.0_4                             0x000012c4   Number         4  spi.o(.text.spi_init)
    [Anonymous Symbol]                       0x000012c8   Section        0  spi.o(.text.spi_master_write)
    __arm_cp.1_0                             0x000012e4   Number         4  spi.o(.text.spi_master_write)
    spi_readable                             0x000012e9   Thumb Code     8  spi.o(.text.spi_readable)
    [Anonymous Symbol]                       0x000012e8   Section        0  spi.o(.text.spi_readable)
    spi_writeable                            0x000012f1   Thumb Code    12  spi.o(.text.spi_writeable)
    [Anonymous Symbol]                       0x000012f0   Section        0  spi.o(.text.spi_writeable)
    __arm_cp.5_0                             0x000012fc   Number         4  spi.o(.text.spi_writeable)
    [Anonymous Symbol]                       0x00001300   Section        0  rooms.o(.text.switchRoomDown)
    [Anonymous Symbol]                       0x0000131c   Section        0  rooms.o(.text.switchRoomUp)
    __arm_cp.1_0                             0x00001338   Number         4  rooms.o(.text.switchRoomUp)
    __arm_cp.1_1                             0x0000133c   Number         4  rooms.o(.text.switchRoomUp)
    [Anonymous Symbol]                       0x00001340   Section        0  users.o(.text.toggleUserInRoom)
    __arm_cp.1_0                             0x00001444   Number         4  users.o(.text.toggleUserInRoom)
    __arm_cp.1_1                             0x00001448   Number         4  users.o(.text.toggleUserInRoom)
    __arm_cp.1_2                             0x0000144c   Number         4  users.o(.text.toggleUserInRoom)
    __arm_cp.1_5                             0x00001468   Number         4  users.o(.text.toggleUserInRoom)
    .text_divfast                            0x0000148c   Section      502  aeabi_sdivfast.o(.text_divfast)
    locale$$code                             0x00001684   Section       44  lc_ctype_c.o(locale$$code)
    uc_hextab                                0x000016b0   Data          20  _printf_hex_int.o(.constdata)
    .constdata                               0x000016b0   Section       40  _printf_hex_int.o(.constdata)
    lc_hextab                                0x000016c4   Data          20  _printf_hex_int.o(.constdata)
    [Anonymous Symbol]                       0x000016d8   Section        0  main.o(.rodata.str1.1)
    [Anonymous Symbol]                       0x00001706   Section        0  users.o(.rodata.str1.1)
    [Anonymous Symbol]                       0x00001712   Section        0  rooms.o(.rodata.str1.1)
    locale$$data                             0x00001738   Section      272  lc_ctype_c.o(locale$$data)
    __lcctype_c_name                         0x0000173c   Data           2  lc_ctype_c.o(locale$$data)
    __lcctype_c_start                        0x00001744   Data           0  lc_ctype_c.o(locale$$data)
    __lcctype_c_end                          0x00001848   Data           0  lc_ctype_c.o(locale$$data)
    lcd_backlight                            0x1ffffc08   Data           1  lcd1602.o(.data.lcd_backlight)
    [Anonymous Symbol]                       0x1ffffc08   Section        0  lcd1602.o(.data.lcd_backlight)
    .bss                                     0x1ffffc10   Section       96  libspace.o(.bss)
    cardID                                   0x200002b3   Data           5  main.o(.bss.cardID)
    [Anonymous Symbol]                       0x200002b3   Section        0  main.o(.bss.cardID)
    error                                    0x200002b9   Data           1  i2c.o(.bss.error)
    [Anonymous Symbol]                       0x200002b9   Section        0  i2c.o(.bss.error)
    pcf_address                              0x200002ba   Data           1  lcd1602.o(.bss.pcf_address)
    [Anonymous Symbol]                       0x200002ba   Section        0  lcd1602.o(.bss.pcf_address)
    str                                      0x200002bb   Data          16  main.o(.bss.str)
    [Anonymous Symbol]                       0x200002bb   Section        0  main.o(.bss.str)
    uid_str                                  0x200002cb   Data          16  main.o(.bss.uid_str)
    [Anonymous Symbol]                       0x200002cb   Section        0  main.o(.bss.uid_str)
    Heap_Mem                                 0x200002e0   Data           0  startup_mkl05z4.o(HEAP)
    Stack_Mem                                0x200002e0   Data         256  startup_mkl05z4.o(STACK)
    HEAP                                     0x200002e0   Section        0  startup_mkl05z4.o(HEAP)
    STACK                                    0x200002e0   Section      256  startup_mkl05z4.o(STACK)
    __initial_sp                             0x200003e0   Data           0  startup_mkl05z4.o(STACK)

    Global Symbols

    Symbol Name                              Value     Ov Type        Size  Object(Section)

    BuildAttributes$$THM_ISAv3M$S$PE$A:L22$X:L11$S22$IEEE1$IW$~IW$USESV6$~STKCKD$USESV7$~SHL$OTIME$ROPI$EBA8$UX$STANDARDLIB$REQ8$PRES8$EABIv2 0x00000000   Number         0  anon$$obj.o ABSOLUTE
    __Vectors                                0x00000000   Data           4  startup_mkl05z4.o(RESET)
    __ARM_exceptions_init                     - Undefined Weak Reference
    __alloca_initialize                       - Undefined Weak Reference
    __arm_preinit_                            - Undefined Weak Reference
    __cpp_initialize__aeabi_                  - Undefined Weak Reference
    __cxa_finalize                            - Undefined Weak Reference
    __sigvec_lookup                           - Undefined Weak Reference
    _atexit_init                              - Undefined Weak Reference
    _call_atexit_fns                          - Undefined Weak Reference
    _clock_init                               - Undefined Weak Reference
    _fp_trap_init                             - Undefined Weak Reference
    _fp_trap_shutdown                         - Undefined Weak Reference
    _get_lc_collate                           - Undefined Weak Reference
    _get_lc_monetary                          - Undefined Weak Reference
    _get_lc_numeric                           - Undefined Weak Reference
    _get_lc_time                              - Undefined Weak Reference
    _getenv_init                              - Undefined Weak Reference
    _handle_redirection                       - Undefined Weak Reference
    _init_alloc                               - Undefined Weak Reference
    _init_user_alloc                          - Undefined Weak Reference
    _initio                                   - Undefined Weak Reference
    _printf_post_padding                      - Undefined Weak Reference
    _printf_pre_padding                       - Undefined Weak Reference
    _printf_truncate_signed                   - Undefined Weak Reference
    _printf_truncate_unsigned                 - Undefined Weak Reference
    _rand_init                                - Undefined Weak Reference
    _signal_finish                            - Undefined Weak Reference
    _signal_init                              - Undefined Weak Reference
    _terminate_alloc                          - Undefined Weak Reference
    _terminate_user_alloc                     - Undefined Weak Reference
    _terminateio                              - Undefined Weak Reference
    __Vectors_End                            0x000000c0   Data           0  startup_mkl05z4.o(RESET)
    __Vectors_Size                           0x000000c0   Number         0  startup_mkl05z4.o ABSOLUTE
    __main                                   0x000000c1   Thumb Code     8  __main.o(!!!main)
    __scatterload                            0x000000c9   Thumb Code     0  __scatter.o(!!!scatter)
    __scatterload_rt2                        0x000000c9   Thumb Code    52  __scatter.o(!!!scatter)
    __scatterload_rt2_thumb_only             0x000000c9   Thumb Code     0  __scatter.o(!!!scatter)
    __scatterload_null                       0x000000d9   Thumb Code     0  __scatter.o(!!!scatter)
    __scatterload_copy                       0x00000105   Thumb Code    26  __scatter_copy.o(!!handler_copy)
    __scatterload_zeroinit                   0x00000121   Thumb Code    28  __scatter_zi.o(!!handler_zi)
    _printf_percent                          0x0000013d   Thumb Code     0  _printf_percent.o(.ARM.Collect$$_printf_percent$$00000000)
    _printf_d                                0x0000013f   Thumb Code     0  _printf_d.o(.ARM.Collect$$_printf_percent$$00000009)
    _printf_x                                0x00000149   Thumb Code     0  _printf_x.o(.ARM.Collect$$_printf_percent$$0000000C)
    _printf_percent_end                      0x00000153   Thumb Code     0  _printf_percent_end.o(.ARM.Collect$$_printf_percent$$00000017)
    __rt_lib_init                            0x00000157   Thumb Code     0  libinit.o(.ARM.Collect$$libinit$$00000000)
    __rt_lib_init_fp_1                       0x00000159   Thumb Code     0  libinit2.o(.ARM.Collect$$libinit$$00000002)
    __rt_lib_init_heap_1                     0x00000159   Thumb Code     0  libinit2.o(.ARM.Collect$$libinit$$0000000A)
    __rt_lib_init_lc_common                  0x00000159   Thumb Code     0  libinit2.o(.ARM.Collect$$libinit$$0000000F)
    __rt_lib_init_preinit_1                  0x00000159   Thumb Code     0  libinit2.o(.ARM.Collect$$libinit$$00000004)
    __rt_lib_init_rand_1                     0x00000159   Thumb Code     0  libinit2.o(.ARM.Collect$$libinit$$0000000E)
    __rt_lib_init_user_alloc_1               0x00000159   Thumb Code     0  libinit2.o(.ARM.Collect$$libinit$$0000000C)
    __rt_lib_init_lc_collate_1               0x0000015f   Thumb Code     0  libinit2.o(.ARM.Collect$$libinit$$00000011)
    __rt_lib_init_lc_ctype_2                 0x0000015f   Thumb Code     0  libinit2.o(.ARM.Collect$$libinit$$00000012)
    __rt_lib_init_alloca_1                   0x0000016b   Thumb Code     0  libinit2.o(.ARM.Collect$$libinit$$0000002E)
    __rt_lib_init_argv_1                     0x0000016b   Thumb Code     0  libinit2.o(.ARM.Collect$$libinit$$0000002C)
    __rt_lib_init_atexit_1                   0x0000016b   Thumb Code     0  libinit2.o(.ARM.Collect$$libinit$$0000001B)
    __rt_lib_init_clock_1                    0x0000016b   Thumb Code     0  libinit2.o(.ARM.Collect$$libinit$$00000021)
    __rt_lib_init_cpp_1                      0x0000016b   Thumb Code     0  libinit2.o(.ARM.Collect$$libinit$$00000032)
    __rt_lib_init_exceptions_1               0x0000016b   Thumb Code     0  libinit2.o(.ARM.Collect$$libinit$$00000030)
    __rt_lib_init_fp_trap_1                  0x0000016b   Thumb Code     0  libinit2.o(.ARM.Collect$$libinit$$0000001F)
    __rt_lib_init_getenv_1                   0x0000016b   Thumb Code     0  libinit2.o(.ARM.Collect$$libinit$$00000023)
    __rt_lib_init_lc_ctype_1                 0x0000016b   Thumb Code     0  libinit2.o(.ARM.Collect$$libinit$$00000013)
    __rt_lib_init_lc_monetary_1              0x0000016b   Thumb Code     0  libinit2.o(.ARM.Collect$$libinit$$00000015)
    __rt_lib_init_lc_numeric_1               0x0000016b   Thumb Code     0  libinit2.o(.ARM.Collect$$libinit$$00000017)
    __rt_lib_init_lc_time_1                  0x0000016b   Thumb Code     0  libinit2.o(.ARM.Collect$$libinit$$00000019)
    __rt_lib_init_return                     0x0000016b   Thumb Code     0  libinit2.o(.ARM.Collect$$libinit$$00000033)
    __rt_lib_init_signal_1                   0x0000016b   Thumb Code     0  libinit2.o(.ARM.Collect$$libinit$$0000001D)
    __rt_lib_init_stdio_1                    0x0000016b   Thumb Code     0  libinit2.o(.ARM.Collect$$libinit$$00000025)
    __rt_lib_shutdown                        0x0000016d   Thumb Code     0  libshutdown.o(.ARM.Collect$$libshutdown$$00000000)
    __rt_lib_shutdown_cpp_1                  0x0000016f   Thumb Code     0  libshutdown2.o(.ARM.Collect$$libshutdown$$00000002)
    __rt_lib_shutdown_fp_trap_1              0x0000016f   Thumb Code     0  libshutdown2.o(.ARM.Collect$$libshutdown$$00000007)
    __rt_lib_shutdown_heap_1                 0x0000016f   Thumb Code     0  libshutdown2.o(.ARM.Collect$$libshutdown$$0000000F)
    __rt_lib_shutdown_return                 0x0000016f   Thumb Code     0  libshutdown2.o(.ARM.Collect$$libshutdown$$00000010)
    __rt_lib_shutdown_signal_1               0x0000016f   Thumb Code     0  libshutdown2.o(.ARM.Collect$$libshutdown$$0000000A)
    __rt_lib_shutdown_stdio_1                0x0000016f   Thumb Code     0  libshutdown2.o(.ARM.Collect$$libshutdown$$00000004)
    __rt_lib_shutdown_user_alloc_1           0x0000016f   Thumb Code     0  libshutdown2.o(.ARM.Collect$$libshutdown$$0000000C)
    __rt_entry                               0x00000171   Thumb Code     0  __rtentry.o(.ARM.Collect$$rtentry$$00000000)
    __rt_entry_presh_1                       0x00000171   Thumb Code     0  __rtentry2.o(.ARM.Collect$$rtentry$$00000002)
    __rt_entry_sh                            0x00000171   Thumb Code     0  __rtentry4.o(.ARM.Collect$$rtentry$$00000004)
    __rt_entry_li                            0x00000177   Thumb Code     0  __rtentry2.o(.ARM.Collect$$rtentry$$0000000A)
    __rt_entry_postsh_1                      0x00000177   Thumb Code     0  __rtentry2.o(.ARM.Collect$$rtentry$$00000009)
    __rt_entry_main                          0x0000017b   Thumb Code     0  __rtentry2.o(.ARM.Collect$$rtentry$$0000000D)
    __rt_entry_postli_1                      0x0000017b   Thumb Code     0  __rtentry2.o(.ARM.Collect$$rtentry$$0000000C)
    __rt_exit                                0x00000183   Thumb Code     0  rtexit.o(.ARM.Collect$$rtexit$$00000000)
    __rt_exit_ls                             0x00000185   Thumb Code     0  rtexit2.o(.ARM.Collect$$rtexit$$00000003)
    __rt_exit_prels_1                        0x00000185   Thumb Code     0  rtexit2.o(.ARM.Collect$$rtexit$$00000002)
    __rt_exit_exit                           0x00000189   Thumb Code     0  rtexit2.o(.ARM.Collect$$rtexit$$00000004)
    Reset_Handler                            0x00000191   Thumb Code     8  startup_mkl05z4.o(.text)
    NMI_Handler                              0x00000199   Thumb Code     2  startup_mkl05z4.o(.text)
    HardFault_Handler                        0x0000019b   Thumb Code     2  startup_mkl05z4.o(.text)
    SVC_Handler                              0x0000019d   Thumb Code     2  startup_mkl05z4.o(.text)
    PendSV_Handler                           0x0000019f   Thumb Code     2  startup_mkl05z4.o(.text)
    SysTick_Handler                          0x000001a1   Thumb Code     2  startup_mkl05z4.o(.text)
    ADC0_IRQHandler                          0x000001a3   Thumb Code     0  startup_mkl05z4.o(.text)
    CMP0_IRQHandler                          0x000001a3   Thumb Code     0  startup_mkl05z4.o(.text)
    DAC0_IRQHandler                          0x000001a3   Thumb Code     0  startup_mkl05z4.o(.text)
    DMA0_IRQHandler                          0x000001a3   Thumb Code     0  startup_mkl05z4.o(.text)
    DMA1_IRQHandler                          0x000001a3   Thumb Code     0  startup_mkl05z4.o(.text)
    DMA2_IRQHandler                          0x000001a3   Thumb Code     0  startup_mkl05z4.o(.text)
    DMA3_IRQHandler                          0x000001a3   Thumb Code     0  startup_mkl05z4.o(.text)
    DefaultISR                               0x000001a3   Thumb Code     0  startup_mkl05z4.o(.text)
    FTFA_IRQHandler                          0x000001a3   Thumb Code     0  startup_mkl05z4.o(.text)
    I2C0_IRQHandler                          0x000001a3   Thumb Code     0  startup_mkl05z4.o(.text)
    LLW_IRQHandler                           0x000001a3   Thumb Code     0  startup_mkl05z4.o(.text)
    LPTimer_IRQHandler                       0x000001a3   Thumb Code     0  startup_mkl05z4.o(.text)
    LVD_LVW_IRQHandler                       0x000001a3   Thumb Code     0  startup_mkl05z4.o(.text)
    MCG_IRQHandler                           0x000001a3   Thumb Code     0  startup_mkl05z4.o(.text)
    PIT_IRQHandler                           0x000001a3   Thumb Code     0  startup_mkl05z4.o(.text)
    PORTB_IRQHandler                         0x000001a3   Thumb Code     0  startup_mkl05z4.o(.text)
    RTC_IRQHandler                           0x000001a3   Thumb Code     0  startup_mkl05z4.o(.text)
    RTC_Seconds_IRQHandler                   0x000001a3   Thumb Code     0  startup_mkl05z4.o(.text)
    Reserved20_IRQHandler                    0x000001a3   Thumb Code     0  startup_mkl05z4.o(.text)
    Reserved25_IRQHandler                    0x000001a3   Thumb Code     0  startup_mkl05z4.o(.text)
    Reserved27_IRQHandler                    0x000001a3   Thumb Code     0  startup_mkl05z4.o(.text)
    Reserved29_IRQHandler                    0x000001a3   Thumb Code     0  startup_mkl05z4.o(.text)
    Reserved30_IRQHandler                    0x000001a3   Thumb Code     0  startup_mkl05z4.o(.text)
    Reserved35_IRQHandler                    0x000001a3   Thumb Code     0  startup_mkl05z4.o(.text)
    Reserved39_IRQHandler                    0x000001a3   Thumb Code     0  startup_mkl05z4.o(.text)
    Reserved40_IRQHandler                    0x000001a3   Thumb Code     0  startup_mkl05z4.o(.text)
    Reserved45_IRQHandler                    0x000001a3   Thumb Code     0  startup_mkl05z4.o(.text)
    SPI0_IRQHandler                          0x000001a3   Thumb Code     0  startup_mkl05z4.o(.text)
    TPM0_IRQHandler                          0x000001a3   Thumb Code     0  startup_mkl05z4.o(.text)
    TPM1_IRQHandler                          0x000001a3   Thumb Code     0  startup_mkl05z4.o(.text)
    TSI0_IRQHandler                          0x000001a3   Thumb Code     0  startup_mkl05z4.o(.text)
    UART0_IRQHandler                         0x000001a3   Thumb Code     0  startup_mkl05z4.o(.text)
    __user_initial_stackheap                 0x000001a5   Thumb Code     0  startup_mkl05z4.o(.text)
    __2sprintf                               0x000001c5   Thumb Code    36  noretval__2sprintf.o(.text)
    __printf                                 0x000001ed   Thumb Code   108  __printf.o(.text)
    _printf_int_dec                          0x00000259   Thumb Code    90  _printf_dec.o(.text)
    _printf_int_hex                          0x000002c5   Thumb Code    84  _printf_hex_int.o(.text)
    _printf_longlong_hex                     0x000002c5   Thumb Code     0  _printf_hex_int.o(.text)
    atoi                                     0x0000031d   Thumb Code    26  atoi.o(.text)
    strcpy                                   0x00000339   Thumb Code    70  strcpy.o(.text)
    _memset_w                                0x00000385   Thumb Code    26  rt_memclr.o(.text)
    _memset                                  0x0000039f   Thumb Code    30  rt_memclr.o(.text)
    __aeabi_memclr                           0x000003bd   Thumb Code     4  rt_memclr.o(.text)
    __rt_memclr                              0x000003bd   Thumb Code     0  rt_memclr.o(.text)
    __aeabi_memclr4                          0x000003c1   Thumb Code     0  rt_memclr.o(.text)
    __aeabi_memclr8                          0x000003c1   Thumb Code     0  rt_memclr.o(.text)
    __rt_memclr_w                            0x000003c1   Thumb Code     4  rt_memclr.o(.text)
    __use_two_region_memory                  0x000003c5   Thumb Code     2  heapauxi.o(.text)
    __rt_heap_escrow$2region                 0x000003c7   Thumb Code     2  heapauxi.o(.text)
    __rt_heap_expand$2region                 0x000003c9   Thumb Code     2  heapauxi.o(.text)
    __aeabi_errno_addr                       0x000003cd   Thumb Code     8  rt_errno_addr_intlibspace.o(.text)
    __errno$intlibspace                      0x000003cd   Thumb Code     0  rt_errno_addr_intlibspace.o(.text)
    __rt_errno_addr$intlibspace              0x000003cd   Thumb Code     0  rt_errno_addr_intlibspace.o(.text)
    _sputc                                   0x000003d5   Thumb Code    10  _sputc.o(.text)
    __user_libspace                          0x000003e1   Thumb Code     8  libspace.o(.text)
    __user_perproc_libspace                  0x000003e1   Thumb Code     0  libspace.o(.text)
    __user_perthread_libspace                0x000003e1   Thumb Code     0  libspace.o(.text)
    __rt_ctype_table                         0x000003e9   Thumb Code    16  rt_ctype_table.o(.text)
    __rt_locale                              0x000003f9   Thumb Code     8  rt_locale_intlibspace.o(.text)
    strcmp                                   0x00000411   Thumb Code   176  strcmpv6m.o(.text)
    _printf_int_common                       0x000004c1   Thumb Code   176  _printf_intcommon.o(.text)
    _printf_char_common                      0x0000057b   Thumb Code    32  _printf_char_common.o(.text)
    strtol                                   0x000005a1   Thumb Code   108  strtol.o(.text)
    __rt_udiv10                              0x00000611   Thumb Code    40  rtudiv10.o(.text)
    _strtoul                                 0x00000639   Thumb Code   166  _strtoul.o(.text)
    __user_setup_stackheap                   0x000006df   Thumb Code    62  sys_stackheap_outer.o(.text)
    _chval                                   0x0000071d   Thumb Code    30  _chval.o(.text)
    exit                                     0x0000073b   Thumb Code    16  exit.o(.text)
    _sys_exit                                0x0000074d   Thumb Code     8  sys_exit.o(.text)
    __I$use$semihosting                      0x00000759   Thumb Code     0  use_no_semi.o(.text)
    __use_no_semihosting_swi                 0x00000759   Thumb Code     2  use_no_semi.o(.text)
    AntennaOn                                0x0000075b   Thumb Code    20  rfid.o(.text.AntennaOn)
    __semihosting_library_function           0x0000075b   Thumb Code     0  indicate_semi.o(.text)
    ClearBitMask                             0x0000076f   Thumb Code    22  rfid.o(.text.ClearBitMask)
    I2C_Init                                 0x00000785   Thumb Code    64  i2c.o(.text.I2C_Init)
    I2C_Read                                 0x000007d1   Thumb Code    76  i2c.o(.text.I2C_Read)
    I2C_Write                                0x00000821   Thumb Code    60  i2c.o(.text.I2C_Write)
    Klaw_Init                                0x00000861   Thumb Code    68  klaw.o(.text.Klaw_Init)
    Klaw_S2_4_Int                            0x000008ad   Thumb Code    40  klaw.o(.text.Klaw_S2_4_Int)
    LCD1602_BF_AC                            0x000008d9   Thumb Code   200  lcd1602.o(.text.LCD1602_BF_AC)
    LCD1602_Backlight                        0x000009a1   Thumb Code    16  lcd1602.o(.text.LCD1602_Backlight)
    LCD1602_CheckAddress                     0x000009b5   Thumb Code    40  lcd1602.o(.text.LCD1602_CheckAddress)
    LCD1602_ClearAll                         0x000009e1   Thumb Code    12  lcd1602.o(.text.LCD1602_ClearAll)
    LCD1602_Init                             0x000009ed   Thumb Code    72  lcd1602.o(.text.LCD1602_Init)
    LCD1602_Print                            0x00000a39   Thumb Code    32  lcd1602.o(.text.LCD1602_Print)
    LCD1602_SetCursor                        0x00000a59   Thumb Code    30  lcd1602.o(.text.LCD1602_SetCursor)
    LCD1602_Write4                           0x00000a77   Thumb Code    26  lcd1602.o(.text.LCD1602_Write4)
    LCD1602_Write8                           0x00000a91   Thumb Code    40  lcd1602.o(.text.LCD1602_Write8)
    MFRC522_Anticoll                         0x00000ab9   Thumb Code    74  rfid.o(.text.MFRC522_Anticoll)
    MFRC522_Init                             0x00000b05   Thumb Code   104  rfid.o(.text.MFRC522_Init)
    MFRC522_Request                          0x00000b79   Thumb Code    66  rfid.o(.text.MFRC522_Request)
    MFRC522_Reset                            0x00000bbb   Thumb Code    12  rfid.o(.text.MFRC522_Reset)
    MFRC522_ToCard                           0x00000bc9   Thumb Code   260  rfid.o(.text.MFRC522_ToCard)
    PCF8574_Write                            0x00000cd1   Thumb Code    36  lcd1602.o(.text.PCF8574_Write)
    PORTA_IRQHandler                         0x00000cfd   Thumb Code   168  main.o(.text.PORTA_IRQHandler)
    Read_MFRC522                             0x00000dbd   Thumb Code    32  rfid.o(.text.Read_MFRC522)
    SetBitMask                               0x00000ddd   Thumb Code    22  rfid.o(.text.SetBitMask)
    SystemInit                               0x00000df5   Thumb Code    60  system_mkl05z4.o(.text.SystemInit)
    Write_MFRC522                            0x00000e41   Thumb Code    32  rfid.o(.text.Write_MFRC522)
    handleRfidAccess                         0x00000ea9   Thumb Code    96  main.o(.text.handleRfidAccess)
    handleUsersAdministrate                  0x00000f15   Thumb Code   112  main.o(.text.handleUsersAdministrate)
    i2c_clr_IICIF                            0x00000fb1   Thumb Code    12  i2c.o(.text.i2c_clr_IICIF)
    i2c_disable                              0x00000fbd   Thumb Code    12  i2c.o(.text.i2c_disable)
    i2c_enable                               0x00000fc9   Thumb Code    12  i2c.o(.text.i2c_enable)
    i2c_m_start                              0x00000fd5   Thumb Code    12  i2c.o(.text.i2c_m_start)
    i2c_m_stop                               0x00000fe1   Thumb Code    12  i2c.o(.text.i2c_m_stop)
    i2c_nack                                 0x00000fed   Thumb Code    12  i2c.o(.text.i2c_nack)
    i2c_rec                                  0x00000ff9   Thumb Code    12  i2c.o(.text.i2c_rec)
    i2c_recv                                 0x00001005   Thumb Code     8  i2c.o(.text.i2c_recv)
    i2c_send                                 0x0000100d   Thumb Code     8  i2c.o(.text.i2c_send)
    i2c_tran                                 0x00001019   Thumb Code    12  i2c.o(.text.i2c_tran)
    i2c_wait                                 0x00001029   Thumb Code    80  i2c.o(.text.i2c_wait)
    isUserInRoom                             0x00001085   Thumb Code   116  users.o(.text.isUserInRoom)
    main                                     0x000010fd   Thumb Code   152  main.o(.text.main)
    spi_init                                 0x000011dd   Thumb Code   216  spi.o(.text.spi_init)
    spi_master_write                         0x000012c9   Thumb Code    28  spi.o(.text.spi_master_write)
    switchRoomDown                           0x00001301   Thumb Code    28  rooms.o(.text.switchRoomDown)
    switchRoomUp                             0x0000131d   Thumb Code    28  rooms.o(.text.switchRoomUp)
    toggleUserInRoom                         0x00001341   Thumb Code   260  users.o(.text.toggleUserInRoom)
    __aeabi_uidiv                            0x0000148d   Thumb Code    68  aeabi_sdivfast.o(.text_divfast)
    __aeabi_idiv                             0x000014d1   Thumb Code   434  aeabi_sdivfast.o(.text_divfast)
    _get_lc_ctype                            0x00001685   Thumb Code    44  lc_ctype_c.o(locale$$code)
    Region$$Table$$Base                      0x00001718   Number         0  anon$$obj.o(Region$$Table)
    Region$$Table$$Limit                     0x00001738   Number         0  anon$$obj.o(Region$$Table)
    __ctype                                  0x00001745   Data           0  lc_ctype_c.o(locale$$data)
    SystemCoreClock                          0x1ffffc00   Data           4  system_mkl05z4.o(.data.SystemCoreClock)
    current_room                             0x1ffffc04   Data           4  rooms.o(.data.current_room)
    __libspace_start                         0x1ffffc10   Data          96  libspace.o(.bss)
    S2_press                                 0x1ffffc70   Data           1  main.o(.bss.S2_press)
    __temporary_stack_top$libspace           0x1ffffc70   Data           0  libspace.o(.bss)
    S3_press                                 0x1ffffc71   Data           1  main.o(.bss.S3_press)
    S4_press                                 0x1ffffc72   Data           1  main.o(.bss.S4_press)
    assignedUsers                            0x1ffffc73   Data        1600  users.o(.bss.assignedUsers)
    dummy                                    0x200002b8   Data           1  i2c.o(.bss.dummy)



==============================================================================

Memory Map of the image

  Image Entry point : 0x00000191

  Load Region LR_1 (Base: 0x00000000, Size: 0x00001854, Max: 0xffffffff, ABSOLUTE)

    Execution Region ER_RO (Exec base: 0x00000000, Load base: 0x00000000, Size: 0x00001848, Max: 0xffffffff, ABSOLUTE)

    Exec Addr    Load Addr    Size         Type   Attr      Idx    E Section Name        Object

    0x00000000   0x00000000   0x000000c0   Data   RO          263    RESET               startup_mkl05z4.o
    0x000000c0   0x000000c0   0x00000008   Code   RO          362  * !!!main             c_p.l(__main.o)
    0x000000c8   0x000000c8   0x0000003c   Code   RO          569    !!!scatter          c_p.l(__scatter.o)
    0x00000104   0x00000104   0x0000001a   Code   RO          571    !!handler_copy      c_p.l(__scatter_copy.o)
    0x0000011e   0x0000011e   0x00000002   PAD
    0x00000120   0x00000120   0x0000001c   Code   RO          573    !!handler_zi        c_p.l(__scatter_zi.o)
    0x0000013c   0x0000013c   0x00000002   Code   RO          339    .ARM.Collect$$_printf_percent$$00000000  c_p.l(_printf_percent.o)
    0x0000013e   0x0000013e   0x0000000a   Code   RO          338    .ARM.Collect$$_printf_percent$$00000009  c_p.l(_printf_d.o)
    0x00000148   0x00000148   0x0000000a   Code   RO          337    .ARM.Collect$$_printf_percent$$0000000C  c_p.l(_printf_x.o)
    0x00000152   0x00000152   0x00000004   Code   RO          380    .ARM.Collect$$_printf_percent$$00000017  c_p.l(_printf_percent_end.o)
    0x00000156   0x00000156   0x00000002   Code   RO          435    .ARM.Collect$$libinit$$00000000  c_p.l(libinit.o)
    0x00000158   0x00000158   0x00000000   Code   RO          446    .ARM.Collect$$libinit$$00000002  c_p.l(libinit2.o)
    0x00000158   0x00000158   0x00000000   Code   RO          448    .ARM.Collect$$libinit$$00000004  c_p.l(libinit2.o)
    0x00000158   0x00000158   0x00000000   Code   RO          451    .ARM.Collect$$libinit$$0000000A  c_p.l(libinit2.o)
    0x00000158   0x00000158   0x00000000   Code   RO          453    .ARM.Collect$$libinit$$0000000C  c_p.l(libinit2.o)
    0x00000158   0x00000158   0x00000000   Code   RO          455    .ARM.Collect$$libinit$$0000000E  c_p.l(libinit2.o)
    0x00000158   0x00000158   0x00000006   Code   RO          456    .ARM.Collect$$libinit$$0000000F  c_p.l(libinit2.o)
    0x0000015e   0x0000015e   0x00000000   Code   RO          458    .ARM.Collect$$libinit$$00000011  c_p.l(libinit2.o)
    0x0000015e   0x0000015e   0x0000000c   Code   RO          459    .ARM.Collect$$libinit$$00000012  c_p.l(libinit2.o)
    0x0000016a   0x0000016a   0x00000000   Code   RO          460    .ARM.Collect$$libinit$$00000013  c_p.l(libinit2.o)
    0x0000016a   0x0000016a   0x00000000   Code   RO          462    .ARM.Collect$$libinit$$00000015  c_p.l(libinit2.o)
    0x0000016a   0x0000016a   0x00000000   Code   RO          464    .ARM.Collect$$libinit$$00000017  c_p.l(libinit2.o)
    0x0000016a   0x0000016a   0x00000000   Code   RO          466    .ARM.Collect$$libinit$$00000019  c_p.l(libinit2.o)
    0x0000016a   0x0000016a   0x00000000   Code   RO          468    .ARM.Collect$$libinit$$0000001B  c_p.l(libinit2.o)
    0x0000016a   0x0000016a   0x00000000   Code   RO          470    .ARM.Collect$$libinit$$0000001D  c_p.l(libinit2.o)
    0x0000016a   0x0000016a   0x00000000   Code   RO          472    .ARM.Collect$$libinit$$0000001F  c_p.l(libinit2.o)
    0x0000016a   0x0000016a   0x00000000   Code   RO          474    .ARM.Collect$$libinit$$00000021  c_p.l(libinit2.o)
    0x0000016a   0x0000016a   0x00000000   Code   RO          476    .ARM.Collect$$libinit$$00000023  c_p.l(libinit2.o)
    0x0000016a   0x0000016a   0x00000000   Code   RO          478    .ARM.Collect$$libinit$$00000025  c_p.l(libinit2.o)
    0x0000016a   0x0000016a   0x00000000   Code   RO          482    .ARM.Collect$$libinit$$0000002C  c_p.l(libinit2.o)
    0x0000016a   0x0000016a   0x00000000   Code   RO          484    .ARM.Collect$$libinit$$0000002E  c_p.l(libinit2.o)
    0x0000016a   0x0000016a   0x00000000   Code   RO          486    .ARM.Collect$$libinit$$00000030  c_p.l(libinit2.o)
    0x0000016a   0x0000016a   0x00000000   Code   RO          488    .ARM.Collect$$libinit$$00000032  c_p.l(libinit2.o)
    0x0000016a   0x0000016a   0x00000002   Code   RO          489    .ARM.Collect$$libinit$$00000033  c_p.l(libinit2.o)
    0x0000016c   0x0000016c   0x00000002   Code   RO          524    .ARM.Collect$$libshutdown$$00000000  c_p.l(libshutdown.o)
    0x0000016e   0x0000016e   0x00000000   Code   RO          552    .ARM.Collect$$libshutdown$$00000002  c_p.l(libshutdown2.o)
    0x0000016e   0x0000016e   0x00000000   Code   RO          554    .ARM.Collect$$libshutdown$$00000004  c_p.l(libshutdown2.o)
    0x0000016e   0x0000016e   0x00000000   Code   RO          557    .ARM.Collect$$libshutdown$$00000007  c_p.l(libshutdown2.o)
    0x0000016e   0x0000016e   0x00000000   Code   RO          560    .ARM.Collect$$libshutdown$$0000000A  c_p.l(libshutdown2.o)
    0x0000016e   0x0000016e   0x00000000   Code   RO          562    .ARM.Collect$$libshutdown$$0000000C  c_p.l(libshutdown2.o)
    0x0000016e   0x0000016e   0x00000000   Code   RO          565    .ARM.Collect$$libshutdown$$0000000F  c_p.l(libshutdown2.o)
    0x0000016e   0x0000016e   0x00000002   Code   RO          566    .ARM.Collect$$libshutdown$$00000010  c_p.l(libshutdown2.o)
    0x00000170   0x00000170   0x00000000   Code   RO          364    .ARM.Collect$$rtentry$$00000000  c_p.l(__rtentry.o)
    0x00000170   0x00000170   0x00000000   Code   RO          389    .ARM.Collect$$rtentry$$00000002  c_p.l(__rtentry2.o)
    0x00000170   0x00000170   0x00000006   Code   RO          401    .ARM.Collect$$rtentry$$00000004  c_p.l(__rtentry4.o)
    0x00000176   0x00000176   0x00000000   Code   RO          391    .ARM.Collect$$rtentry$$00000009  c_p.l(__rtentry2.o)
    0x00000176   0x00000176   0x00000004   Code   RO          392    .ARM.Collect$$rtentry$$0000000A  c_p.l(__rtentry2.o)
    0x0000017a   0x0000017a   0x00000000   Code   RO          394    .ARM.Collect$$rtentry$$0000000C  c_p.l(__rtentry2.o)
    0x0000017a   0x0000017a   0x00000008   Code   RO          395    .ARM.Collect$$rtentry$$0000000D  c_p.l(__rtentry2.o)
    0x00000182   0x00000182   0x00000002   Code   RO          437    .ARM.Collect$$rtexit$$00000000  c_p.l(rtexit.o)
    0x00000184   0x00000184   0x00000000   Code   RO          495    .ARM.Collect$$rtexit$$00000002  c_p.l(rtexit2.o)
    0x00000184   0x00000184   0x00000004   Code   RO          496    .ARM.Collect$$rtexit$$00000003  c_p.l(rtexit2.o)
    0x00000188   0x00000188   0x00000006   Code   RO          497    .ARM.Collect$$rtexit$$00000004  c_p.l(rtexit2.o)
    0x0000018e   0x0000018e   0x00000002   PAD
    0x00000190   0x00000190   0x00000034   Code   RO          265  * .text               startup_mkl05z4.o
    0x000001c4   0x000001c4   0x00000028   Code   RO          290    .text               c_p.l(noretval__2sprintf.o)
    0x000001ec   0x000001ec   0x0000006c   Code   RO          292    .text               c_p.l(__printf.o)
    0x00000258   0x00000258   0x0000006c   Code   RO          294    .text               c_p.l(_printf_dec.o)
    0x000002c4   0x000002c4   0x00000058   Code   RO          299    .text               c_p.l(_printf_hex_int.o)
    0x0000031c   0x0000031c   0x0000001a   Code   RO          340    .text               c_p.l(atoi.o)
    0x00000336   0x00000336   0x00000002   PAD
    0x00000338   0x00000338   0x0000004c   Code   RO          342    .text               c_p.l(strcpy.o)
    0x00000384   0x00000384   0x00000040   Code   RO          348    .text               c_p.l(rt_memclr.o)
    0x000003c4   0x000003c4   0x00000006   Code   RO          360    .text               c_p.l(heapauxi.o)
    0x000003ca   0x000003ca   0x00000002   PAD
    0x000003cc   0x000003cc   0x00000008   Code   RO          372    .text               c_p.l(rt_errno_addr_intlibspace.o)
    0x000003d4   0x000003d4   0x0000000a   Code   RO          378    .text               c_p.l(_sputc.o)
    0x000003de   0x000003de   0x00000002   PAD
    0x000003e0   0x000003e0   0x00000008   Code   RO          385    .text               c_p.l(libspace.o)
    0x000003e8   0x000003e8   0x00000010   Code   RO          403    .text               c_p.l(rt_ctype_table.o)
    0x000003f8   0x000003f8   0x00000008   Code   RO          417    .text               c_p.l(rt_locale_intlibspace.o)
    0x00000400   0x00000400   0x00000010   Code   RO          264    .ARM.__at_0x400     startup_mkl05z4.o
    0x00000410   0x00000410   0x000000b0   Code   RO          350    .text               c_p.l(strcmpv6m.o)
    0x000004c0   0x000004c0   0x000000b0   Code   RO          374    .text               c_p.l(_printf_intcommon.o)
    0x00000570   0x00000570   0x00000030   Code   RO          376    .text               c_p.l(_printf_char_common.o)
    0x000005a0   0x000005a0   0x00000070   Code   RO          381    .text               c_p.l(strtol.o)
    0x00000610   0x00000610   0x00000028   Code   RO          383    .text               c_p.l(rtudiv10.o)
    0x00000638   0x00000638   0x000000a6   Code   RO          409    .text               c_p.l(_strtoul.o)
    0x000006de   0x000006de   0x0000003e   Code   RO          411    .text               c_p.l(sys_stackheap_outer.o)
    0x0000071c   0x0000071c   0x0000001e   Code   RO          419    .text               c_p.l(_chval.o)
    0x0000073a   0x0000073a   0x00000010   Code   RO          424    .text               c_p.l(exit.o)
    0x0000074a   0x0000074a   0x00000002   PAD
    0x0000074c   0x0000074c   0x0000000c   Code   RO          490    .text               c_p.l(sys_exit.o)
    0x00000758   0x00000758   0x00000002   Code   RO          513    .text               c_p.l(use_no_semi.o)
    0x0000075a   0x0000075a   0x00000000   Code   RO          515    .text               c_p.l(indicate_semi.o)
    0x0000075a   0x0000075a   0x00000014   Code   RO          200    .text.AntennaOn     rfid.o
    0x0000076e   0x0000076e   0x00000016   Code   RO          198    .text.ClearBitMask  rfid.o
    0x00000784   0x00000784   0x0000004c   Code   RO           28    .text.I2C_Init      i2c.o
    0x000007d0   0x000007d0   0x00000050   Code   RO           48    .text.I2C_Read      i2c.o
    0x00000820   0x00000820   0x00000040   Code   RO           46    .text.I2C_Write     i2c.o
    0x00000860   0x00000860   0x0000004c   Code   RO           78    .text.Klaw_Init     klaw.o
    0x000008ac   0x000008ac   0x0000002c   Code   RO           80    .text.Klaw_S2_4_Int  klaw.o
    0x000008d8   0x000008d8   0x000000c8   Code   RO          123    .text.LCD1602_BF_AC  lcd1602.o
    0x000009a0   0x000009a0   0x00000014   Code   RO          117    .text.LCD1602_Backlight  lcd1602.o
    0x000009b4   0x000009b4   0x0000002c   Code   RO           97    .text.LCD1602_CheckAddress  lcd1602.o
    0x000009e0   0x000009e0   0x0000000c   Code   RO          109    .text.LCD1602_ClearAll  lcd1602.o
    0x000009ec   0x000009ec   0x0000004c   Code   RO           95    .text.LCD1602_Init  lcd1602.o
    0x00000a38   0x00000a38   0x00000020   Code   RO          111    .text.LCD1602_Print  lcd1602.o
    0x00000a58   0x00000a58   0x0000001e   Code   RO          107    .text.LCD1602_SetCursor  lcd1602.o
    0x00000a76   0x00000a76   0x0000001a   Code   RO          121    .text.LCD1602_Write4  lcd1602.o
    0x00000a90   0x00000a90   0x00000028   Code   RO           99    .text.LCD1602_Write8  lcd1602.o
    0x00000ab8   0x00000ab8   0x0000004a   Code   RO          212    .text.MFRC522_Anticoll  rfid.o
    0x00000b02   0x00000b02   0x00000002   PAD
    0x00000b04   0x00000b04   0x00000074   Code   RO          206    .text.MFRC522_Init  rfid.o
    0x00000b78   0x00000b78   0x00000042   Code   RO          210    .text.MFRC522_Request  rfid.o
    0x00000bba   0x00000bba   0x0000000c   Code   RO          204    .text.MFRC522_Reset  rfid.o
    0x00000bc6   0x00000bc6   0x00000002   PAD
    0x00000bc8   0x00000bc8   0x00000108   Code   RO          208    .text.MFRC522_ToCard  rfid.o
    0x00000cd0   0x00000cd0   0x0000002c   Code   RO          119    .text.PCF8574_Write  lcd1602.o
    0x00000cfc   0x00000cfc   0x000000c0   Code   RO            2    .text.PORTA_IRQHandler  main.o
    0x00000dbc   0x00000dbc   0x00000020   Code   RO          194    .text.Read_MFRC522  rfid.o
    0x00000ddc   0x00000ddc   0x00000016   Code   RO          196    .text.SetBitMask    rfid.o
    0x00000df2   0x00000df2   0x00000002   PAD
    0x00000df4   0x00000df4   0x0000004c   Code   RO          274    .text.SystemInit    system_mkl05z4.o
    0x00000e40   0x00000e40   0x00000024   Code   RO          192    .text.Write_MFRC522  rfid.o
    0x00000e64   0x00000e64   0x0000000c   Code   RO            4    .text.__NVIC_ClearPendingIRQ  main.o
    0x00000e70   0x00000e70   0x00000010   Code   RO           84    .text.__NVIC_ClearPendingIRQ  klaw.o
    0x00000e80   0x00000e80   0x00000010   Code   RO           86    .text.__NVIC_EnableIRQ  klaw.o
    0x00000e90   0x00000e90   0x00000018   Code   RO           82    .text.__NVIC_SetPriority  klaw.o
    0x00000ea8   0x00000ea8   0x0000006c   Code   RO            8    .text.handleRfidAccess  main.o
    0x00000f14   0x00000f14   0x0000009c   Code   RO            6    .text.handleUsersAdministrate  main.o
    0x00000fb0   0x00000fb0   0x0000000c   Code   RO           60    .text.i2c_clr_IICIF  i2c.o
    0x00000fbc   0x00000fbc   0x0000000c   Code   RO           44    .text.i2c_disable   i2c.o
    0x00000fc8   0x00000fc8   0x0000000c   Code   RO           32    .text.i2c_enable    i2c.o
    0x00000fd4   0x00000fd4   0x0000000c   Code   RO           36    .text.i2c_m_start   i2c.o
    0x00000fe0   0x00000fe0   0x0000000c   Code   RO           42    .text.i2c_m_stop    i2c.o
    0x00000fec   0x00000fec   0x0000000c   Code   RO           52    .text.i2c_nack      i2c.o
    0x00000ff8   0x00000ff8   0x0000000c   Code   RO           50    .text.i2c_rec       i2c.o
    0x00001004   0x00001004   0x00000008   Code   RO           54    .text.i2c_recv      i2c.o
    0x0000100c   0x0000100c   0x0000000c   Code   RO           38    .text.i2c_send      i2c.o
    0x00001018   0x00001018   0x00000010   Code   RO           34    .text.i2c_tran      i2c.o
    0x00001028   0x00001028   0x0000005c   Code   RO           40    .text.i2c_wait      i2c.o
    0x00001084   0x00001084   0x00000078   Code   RO          234    .text.isUserInRoom  users.o
    0x000010fc   0x000010fc   0x000000e0   Code   RO           10    .text.main          main.o
    0x000011dc   0x000011dc   0x000000ec   Code   RO          148    .text.spi_init      spi.o
    0x000012c8   0x000012c8   0x00000020   Code   RO          150    .text.spi_master_write  spi.o
    0x000012e8   0x000012e8   0x00000008   Code   RO          160    .text.spi_readable  spi.o
    0x000012f0   0x000012f0   0x00000010   Code   RO          158    .text.spi_writeable  spi.o
    0x00001300   0x00001300   0x0000001c   Code   RO          248    .text.switchRoomDown  rooms.o
    0x0000131c   0x0000131c   0x00000024   Code   RO          250    .text.switchRoomUp  rooms.o
    0x00001340   0x00001340   0x0000014c   Code   RO          236    .text.toggleUserInRoom  users.o
    0x0000148c   0x0000148c   0x000001f6   Code   RO          353    .text_divfast       c_p.l(aeabi_sdivfast.o)
    0x00001682   0x00001682   0x00000002   PAD
    0x00001684   0x00001684   0x0000002c   Code   RO          422    locale$$code        c_p.l(lc_ctype_c.o)
    0x000016b0   0x000016b0   0x00000028   Data   RO          300    .constdata          c_p.l(_printf_hex_int.o)
    0x000016d8   0x000016d8   0x0000002e   Data   RO           18    .rodata.str1.1      main.o
    0x00001706   0x00001706   0x0000000c   Data   RO          239    .rodata.str1.1      users.o
    0x00001712   0x00001712   0x00000003   Data   RO          253    .rodata.str1.1      rooms.o
    0x00001715   0x00001715   0x00000003   PAD
    0x00001718   0x00001718   0x00000020   Data   RO          568    Region$$Table       anon$$obj.o
    0x00001738   0x00001738   0x00000110   Data   RO          421    locale$$data        c_p.l(lc_ctype_c.o)


    Execution Region ER_RW (Exec base: 0x1ffffc00, Load base: 0x00001848, Size: 0x0000000c, Max: 0xffffffff, ABSOLUTE)

    Exec Addr    Load Addr    Size         Type   Attr      Idx    E Section Name        Object

    0x1ffffc00   0x00001848   0x00000004   Data   RW          278    .data.SystemCoreClock  system_mkl05z4.o
    0x1ffffc04   0x0000184c   0x00000004   Data   RW          252    .data.current_room  rooms.o
    0x1ffffc08   0x00001850   0x00000001   Data   RW          138    .data.lcd_backlight  lcd1602.o


    Execution Region ER_ZI (Exec base: 0x1ffffc10, Load base: 0x00001854, Size: 0x000007d0, Max: 0xffffffff, ABSOLUTE)

    Exec Addr    Load Addr    Size         Type   Attr      Idx    E Section Name        Object

    0x1ffffc10        -       0x00000060   Zero   RW          386    .bss                c_p.l(libspace.o)
    0x1ffffc70        -       0x00000001   Zero   RW           12    .bss.S2_press       main.o
    0x1ffffc71        -       0x00000001   Zero   RW           13    .bss.S3_press       main.o
    0x1ffffc72        -       0x00000001   Zero   RW           14    .bss.S4_press       main.o
    0x1ffffc73        -       0x00000640   Zero   RW          238    .bss.assignedUsers  users.o
    0x200002b3        -       0x00000005   Zero   RW           16    .bss.cardID         main.o
    0x200002b8        -       0x00000001   Zero   RW           69    .bss.dummy          i2c.o
    0x200002b9        -       0x00000001   Zero   RW           68    .bss.error          i2c.o
    0x200002ba        -       0x00000001   Zero   RW          139    .bss.pcf_address    lcd1602.o
    0x200002bb        -       0x00000010   Zero   RW           15    .bss.str            main.o
    0x200002cb        -       0x00000010   Zero   RW           17    .bss.uid_str        main.o
    0x200002db   0x00001854   0x00000005   PAD
    0x200002e0        -       0x00000000   Zero   RW          262    HEAP                startup_mkl05z4.o
    0x200002e0        -       0x00000100   Zero   RW          261    STACK               startup_mkl05z4.o


==============================================================================

Image component sizes


      Code (inc. data)   RO Data    RW Data    ZI Data      Debug   Object Name

       432         40          0          0          2       5179   i2c.o
       176         24          0          0          0       3473   klaw.o
       524         20          0          1          1       5310   lcd1602.o
       692        152         46          0         40       3863   main.o
       664         20          0          0          0       7535   rfid.o
        64          8          3          4          0        788   rooms.o
       292         28          0          0          0       4249   spi.o
        68         38        192          0        256        868   startup_mkl05z4.o
        76         16          0          4          0       2347   system_mkl05z4.o
       452         76         12          0       1600       1750   users.o

    ----------------------------------------------------------------------
      3446        422        288         12       1904      35362   Object Totals
         0          0         32          0          0          0   (incl. Generated)
         6          0          3          3          5          0   (incl. Padding)

    ----------------------------------------------------------------------

      Code (inc. data)   RO Data    RW Data    ZI Data      Debug   Library Member Name

         8          0          0          0          0         68   __main.o
       108          0          0          0          0         76   __printf.o
         0          0          0          0          0          0   __rtentry.o
        12          0          0          0          0          0   __rtentry2.o
         6          0          0          0          0          0   __rtentry4.o
        60          8          0          0          0          0   __scatter.o
        26          0          0          0          0          0   __scatter_copy.o
        28          0          0          0          0          0   __scatter_zi.o
        30          0          0          0          0         60   _chval.o
        48          6          0          0          0         88   _printf_char_common.o
        10          0          0          0          0          0   _printf_d.o
       108         18          0          0          0         76   _printf_dec.o
        88          4         40          0          0         72   _printf_hex_int.o
       176          0          0          0          0         84   _printf_intcommon.o
         2          0          0          0          0          0   _printf_percent.o
         4          0          0          0          0          0   _printf_percent_end.o
        10          0          0          0          0          0   _printf_x.o
        10          0          0          0          0         60   _sputc.o
       166          0          0          0          0         84   _strtoul.o
       502          0          0          0          0         92   aeabi_sdivfast.o
        26          0          0          0          0         72   atoi.o
        16          0          0          0          0         68   exit.o
         6          0          0          0          0        136   heapauxi.o
         0          0          0          0          0          0   indicate_semi.o
        44         10        272          0          0         76   lc_ctype_c.o
         2          0          0          0          0          0   libinit.o
        20          0          0          0          0          0   libinit2.o
         2          0          0          0          0          0   libshutdown.o
         2          0          0          0          0          0   libshutdown2.o
         8          4          0          0         96         68   libspace.o
        40          4          0          0          0         84   noretval__2sprintf.o
        16          4          0          0          0         76   rt_ctype_table.o
         8          4          0          0          0         68   rt_errno_addr_intlibspace.o
         8          4          0          0          0         68   rt_locale_intlibspace.o
        64          0          0          0          0        108   rt_memclr.o
         2          0          0          0          0          0   rtexit.o
        10          0          0          0          0          0   rtexit2.o
        40          0          0          0          0         60   rtudiv10.o
       176          4          0          0          0         80   strcmpv6m.o
        76          6          0          0          0         72   strcpy.o
       112          4          0          0          0         76   strtol.o
        12          4          0          0          0         60   sys_exit.o
        62          0          0          0          0         80   sys_stackheap_outer.o
         2          0          0          0          0         68   use_no_semi.o

    ----------------------------------------------------------------------
      2170         84        312          0         96       2080   Library Totals
        14          0          0          0          0          0   (incl. Padding)

    ----------------------------------------------------------------------

      Code (inc. data)   RO Data    RW Data    ZI Data      Debug   Library Name

      2156         84        312          0         96       2080   c_p.l

    ----------------------------------------------------------------------
      2170         84        312          0         96       2080   Library Totals

    ----------------------------------------------------------------------

==============================================================================


      Code (inc. data)   RO Data    RW Data    ZI Data      Debug   

      5616        506        600         12       2000      36262   Grand Totals
      5616        506        600         12       2000      36262   ELF Image Totals
      5616        506        600         12          0          0   ROM Totals

==============================================================================

    Total RO  Size (Code + RO Data)                 6216 (   6.07kB)
    Total RW  Size (RW Data + ZI Data)              2012 (   1.96kB)
    Total ROM Size (Code + RO Data + RW Data)       6228 (   6.08kB)

==============================================================================

