<html>
<body>
<pre>
<h1>µVision Build Log</h1>
<h2>Tool Versions:</h2>
IDE-Version: µVision V5.36.0.0
Copyright (C) 2021 ARM Ltd and ARM Germany GmbH. All rights reserved.
License Information: Kacper Bujak, Akademia Górniczo-Hutnicza im. Stanis³awa Staszica w Krakowie, LIC=----
 
Tool Versions:
Toolchain:       MDK-Lite  Version: 5.36.0.0
Toolchain Path:  C:\Keil_v5\ARM\ARMCLANG\Bin
C Compiler:      ArmClang.exe V6.16
Assembler:       Armasm.exe V6.16
Linker/Locator:  ArmLink.exe V6.16
Library Manager: ArmAr.exe V6.16
Hex Converter:   FromElf.exe V6.16
CPU DLL:         SARMCM3.DLL V5.36.0.0
Dialog DLL:      DARMCM1.DLL V1.19.4.0
Target DLL:      Segger\JL2CM3.dll V2.99.40.0
Dialog DLL:      TARMCM1.DLL V1.14.4.0
 
<h2>Project:</h2>
C:\Users\Kacper\Desktop\ProjektyStudia_Sem5\ProjektUm\ElectronicLock\ElectronicLock.uvprojx
Project File Date:  01/15/2025

<h2>Output:</h2>
*** Using Compiler 'V6.16', folder: 'C:\Keil_v5\ARM\ARMCLANG\Bin'
Rebuild target 'FRDM-KL05ZJ'
main.c(164): warning: 'return' will never be executed [-Wunreachable-code-return]
    return 0;
           ^
1 warning generated.
compiling main.c...
compiling klaw.c...
compiling system_MKL05Z4.c...
lcd1602.c(47): warning: no previous extern declaration for non-static variable 'PL_CH_a_' [-Wmissing-variable-declarations]
char PL_CH_a_[] = {0x0,0x0,0xe,0x1,0xf,0x11,0xf,0x1};                   // a with tail
     ^
lcd1602.c(47): note: declare 'static' if the variable is not intended to be used outside of this translation unit
char PL_CH_a_[] = {0x0,0x0,0xe,0x1,0xf,0x11,0xf,0x1};                   // a with tail
^
lcd1602.c(48): warning: no previous extern declaration for non-static variable 'PL_CH_c_' [-Wmissing-variable-declarations]
char PL_CH_c_[] = {0x2,0x4,0xe,0x10,0x10,0x11,0xe,0x0};         // c with accent
     ^
lcd1602.c(48): note: declare 'static' if the variable is not intended to be used outside of this translation unit
char PL_CH_c_[] = {0x2,0x4,0xe,0x10,0x10,0x11,0xe,0x0};         // c with accent
^
lcd1602.c(49): warning: no previous extern declaration for non-static variable 'PL_CH_e_' [-Wmissing-variable-declarations]
char PL_CH_e_[] = {0x0,0x0,0xe,0x11,0x1f,0x10,0xe,0x2};         // e with tail
     ^
lcd1602.c(49): note: declare 'static' if the variable is not intended to be used outside of this translation unit
char PL_CH_e_[] = {0x0,0x0,0xe,0x11,0x1f,0x10,0xe,0x2};         // e with tail
^
lcd1602.c(50): warning: no previous extern declaration for non-static variable 'PL_CH_l_' [-Wmissing-variable-declarations]
char PL_CH_l_[] = {0xc,0x4,0x6,0x4,0xc,0x4,0xe,0x0};                    // l with slash
     ^
lcd1602.c(50): note: declare 'static' if the variable is not intended to be used outside of this translation unit
char PL_CH_l_[] = {0xc,0x4,0x6,0x4,0xc,0x4,0xe,0x0};                    // l with slash
^
lcd1602.c(51): warning: no previous extern declaration for non-static variable 'PL_CH_n_' [-Wmissing-variable-declarations]
char PL_CH_n_[] = {0x2,0x4,0x16,0x19,0x11,0x11,0x11,0x0};       // n with accent
     ^
lcd1602.c(51): note: declare 'static' if the variable is not intended to be used outside of this translation unit
char PL_CH_n_[] = {0x2,0x4,0x16,0x19,0x11,0x11,0x11,0x0};       // n with accent
^
lcd1602.c(52): warning: no previous extern declaration for non-static variable 'PL_CH_o_' [-Wmissing-variable-declarations]
char PL_CH_o_[] = {0x2,0x4,0xe,0x11,0x11,0x11,0xe,0x0};         // o with accent
     ^
lcd1602.c(52): note: declare 'static' if the variable is not intended to be used outside of this translation unit
char PL_CH_o_[] = {0x2,0x4,0xe,0x11,0x11,0x11,0xe,0x0};         // o with accent
^
lcd1602.c(53): warning: no previous extern declaration for non-static variable 'PL_CH_s_' [-Wmissing-variable-declarations]
char PL_CH_s_[] = {0x2,0x4,0xe,0x10,0xe,0x1,0x1e,0x0};          // s with accent
     ^
lcd1602.c(53): note: declare 'static' if the variable is not intended to be used outside of this translation unit
char PL_CH_s_[] = {0x2,0x4,0xe,0x10,0xe,0x1,0x1e,0x0};          // s with accent
^
lcd1602.c(54): warning: no previous extern declaration for non-static variable 'PL_CH_z_' [-Wmissing-variable-declarations]
char PL_CH_z_[] = {0x4,0x0,0x1f,0x2,0x4,0x8,0x1f,0x0};          // z with dot
     ^
lcd1602.c(54): note: declare 'static' if the variable is not intended to be used outside of this translation unit
char PL_CH_z_[] = {0x4,0x0,0x1f,0x2,0x4,0x8,0x1f,0x0};          // z with dot
^
lcd1602.c(55): warning: no previous extern declaration for non-static variable 'PL_CH_z__' [-Wmissing-variable-declarations]
char PL_CH_z__[] = {0x2,0x4,0x1f,0x2,0x4,0x8,0x1f,0x0};         // z with accent
     ^
lcd1602.c(55): note: declare 'static' if the variable is not intended to be used outside of this translation unit
char PL_CH_z__[] = {0x2,0x4,0x1f,0x2,0x4,0x8,0x1f,0x0};         // z with accent
^
lcd1602.c(107): warning: no previous prototype for function 'LCD1602_PrintNum' [-Wmissing-prototypes]
void LCD1602_PrintNum(int number) {
     ^
lcd1602.c(107): note: declare 'static' if the function is not intended to be used outside of this translation unit
void LCD1602_PrintNum(int number) {
^
static 
lcd1602.c(193): warning: implicit conversion changes signedness: 'int' to 'char' [-Wsign-conversion]
                *--ptr=temp%10+'0';
                      ~~~~~~~~^~~~
11 warnings generated.
compiling lcd1602.c...
compiling rooms.c...
users.c(51): warning: declaration shadows a local variable [-Wshadow]
                                                                DELAY(8000)
                                                                ^
./frdm_bsp.h(36): note: expanded from macro 'DELAY'
#define DELAY(x)   for(uint32_t i=0;i<(x*1048);i++)__NOP();                                     /* wait */
                                ^
users.c(42): note: previous declaration is here
        for (int i = 0; i < MAX_USERS_PER_ROOM; i++)
                 ^
users.c(67): warning: declaration shadows a local variable [-Wshadow]
                                                                DELAY(8000)
                                                                ^
./frdm_bsp.h(36): note: expanded from macro 'DELAY'
#define DELAY(x)   for(uint32_t i=0;i<(x*1048);i++)__NOP();                                     /* wait */
                                ^
users.c(58): note: previous declaration is here
        for (int i = 0; i < MAX_USERS_PER_ROOM; i++)
                 ^
2 warnings generated.
compiling users.c...
spi.c(42): warning: implicit conversion loses integer precision: 'int' to 'uint8_t' (aka 'unsigned char') [-Wimplicit-int-conversion]
    uint8_t c1_reg = ((side) << 4) | (polarity << 3) | (phase << 2);
            ~~~~~~   ~~~~~~~~~~~~~~~~~~~~~~~~~~~~~~~~^~~~~~~~~~~~~~
spi.c(65): warning: implicit conversion loses integer precision: 'int' to 'uint8_t' (aka 'unsigned char') [-Wimplicit-int-conversion]
    SPI0->BR = ((ref_prescaler & 0x7) << 4) | (ref_spr & 0xf);
             ~ ~~~~~~~~~~~~~~~~~~~~~~~~~~~~~^~~~~~~~~~~~~~~~~
spi.c(91): warning: implicit conversion loses integer precision: 'int' to 'uint8_t' (aka 'unsigned char') [-Wimplicit-int-conversion]
    return spi_readable();
    ~~~~~~ ^~~~~~~~~~~~~~
3 warnings generated.
compiling spi.c...
i2c.c(41): warning: no previous extern declaration for non-static variable 'dummy' [-Wmissing-variable-declarations]
volatile uint8_t dummy;
                 ^
i2c.c(41): note: declare 'static' if the variable is not intended to be used outside of this translation unit
volatile uint8_t dummy;
         ^
1 warning generated.
compiling i2c.c...
assembling startup_MKL05Z4.s...
compiling rfid.c...
linking...
Program Size: Code=5584 RO-data=600 RW-data=12 ZI-data=2000  
".\Objects\ElectronicLock.axf" - 0 Error(s), 18 Warning(s).

<h2>Software Packages used:</h2>

Package Vendor: ARM
                https://www.keil.com/pack/ARM.CMSIS.6.1.0.pack
                ARM.CMSIS.6.1.0
                CMSIS (Common Microcontroller Software Interface Standard)
   * Component: CORE Version: 6.1.0

Package Vendor: Keil
                https://www.keil.com/pack/Keil.Kinetis_KLxx_DFP.1.15.1.pack
                Keil.Kinetis_KLxx_DFP.1.15.1
                NXP Kinetis KLxx Series Device Support and Examples
   * Component: Startup Version: 1.0.0

<h2>Collection of Component include folders:</h2>
  .\RTE\_FRDM-KL05ZJ
  C:\Users\Kacper\AppData\Local\Arm\Packs\ARM\CMSIS\6.1.0\CMSIS\Core\Include
  C:\Users\Kacper\AppData\Local\Arm\Packs\Keil\Kinetis_KLxx_DFP\1.15.1\Device\Include

<h2>Collection of Component Files used:</h2>

   * Component: ARM::CMSIS:CORE:6.1.0

   * Component: Keil::Device:Startup:1.0.0
      Source file:   Device\Source\system_MKL05Z4.c
      Source file:   Device\Source\ARM\startup_MKL05Z4.s
Build Time Elapsed:  00:00:00
</pre>
</body>
</html>
